<?xml version="1.0" encoding="ISO-8859-1" ?>
<link_info>
   <banner>TI ARM Linker PC v20.2.7.LTS</banner>
   <copyright>Copyright (c) 1996-2018 Texas Instruments Incorporated</copyright>
   <link_time>0x6444baaf</link_time>
   <link_errors>0x0</link_errors>
   <output_file>gpiointerrupt_CC3220S_LAUNCHXL_nortos_ccs.out</output_file>
   <entry_point>
      <name>resetISR</name>
      <address>0x20012325</address>
   </entry_point>
   <input_file_list>
      <input_file id="fl-2">
         <path>.\</path>
         <kind>object</kind>
         <file>gpiointerrupt.obj</file>
         <name>gpiointerrupt.obj</name>
      </input_file>
      <input_file id="fl-3">
         <path>.\syscfg\</path>
         <kind>object</kind>
         <file>ti_drivers_config.obj</file>
         <name>ti_drivers_config.obj</name>
      </input_file>
      <input_file id="fl-4">
         <path>.\</path>
         <kind>object</kind>
         <file>main_nortos.obj</file>
         <name>main_nortos.obj</name>
      </input_file>
      <input_file id="fl-d">
         <kind>object</kind>
         <file>&lt;internal&gt;</file>
         <name>&lt;internal&gt;</name>
      </input_file>
      <input_file id="fl-e">
         <path>C:\ti\simplelink_cc32xx_sdk_4_30_00_06\source\ti\drivers\lib\ccs\m4\</path>
         <kind>archive</kind>
         <file>drivers_cc32xx.a</file>
         <name>I2C.oem4</name>
      </input_file>
      <input_file id="fl-f">
         <path>C:\ti\simplelink_cc32xx_sdk_4_30_00_06\source\ti\drivers\lib\ccs\m4\</path>
         <kind>archive</kind>
         <file>drivers_cc32xx.a</file>
         <name>Timer.oem4</name>
      </input_file>
      <input_file id="fl-10">
         <path>C:\ti\simplelink_cc32xx_sdk_4_30_00_06\source\ti\drivers\lib\ccs\m4\</path>
         <kind>archive</kind>
         <file>drivers_cc32xx.a</file>
         <name>UART.oem4</name>
      </input_file>
      <input_file id="fl-11">
         <path>C:\ti\simplelink_cc32xx_sdk_4_30_00_06\source\ti\drivers\lib\ccs\m4\</path>
         <kind>archive</kind>
         <file>drivers_cc32xx.a</file>
         <name>GPIOCC32XX.oem4</name>
      </input_file>
      <input_file id="fl-12">
         <path>C:\ti\simplelink_cc32xx_sdk_4_30_00_06\source\ti\drivers\lib\ccs\m4\</path>
         <kind>archive</kind>
         <file>drivers_cc32xx.a</file>
         <name>I2CCC32XX.oem4</name>
      </input_file>
      <input_file id="fl-13">
         <path>C:\ti\simplelink_cc32xx_sdk_4_30_00_06\source\ti\drivers\lib\ccs\m4\</path>
         <kind>archive</kind>
         <file>drivers_cc32xx.a</file>
         <name>PowerCC32XX.oem4</name>
      </input_file>
      <input_file id="fl-14">
         <path>C:\ti\simplelink_cc32xx_sdk_4_30_00_06\source\ti\drivers\lib\ccs\m4\</path>
         <kind>archive</kind>
         <file>drivers_cc32xx.a</file>
         <name>PowerCC32XX_asm.oem4</name>
      </input_file>
      <input_file id="fl-15">
         <path>C:\ti\simplelink_cc32xx_sdk_4_30_00_06\source\ti\drivers\lib\ccs\m4\</path>
         <kind>archive</kind>
         <file>drivers_cc32xx.a</file>
         <name>TimerCC32XX.oem4</name>
      </input_file>
      <input_file id="fl-16">
         <path>C:\ti\simplelink_cc32xx_sdk_4_30_00_06\source\ti\drivers\lib\ccs\m4\</path>
         <kind>archive</kind>
         <file>drivers_cc32xx.a</file>
         <name>UARTCC32XX.oem4</name>
      </input_file>
      <input_file id="fl-17">
         <path>C:\ti\simplelink_cc32xx_sdk_4_30_00_06\source\ti\drivers\lib\ccs\m4\</path>
         <kind>archive</kind>
         <file>drivers_cc32xx.a</file>
         <name>List.oem4</name>
      </input_file>
      <input_file id="fl-18">
         <path>C:\ti\simplelink_cc32xx_sdk_4_30_00_06\source\ti\drivers\lib\ccs\m4\</path>
         <kind>archive</kind>
         <file>drivers_cc32xx.a</file>
         <name>RingBuf.oem4</name>
      </input_file>
      <input_file id="fl-19">
         <path>C:\ti\simplelink_cc32xx_sdk_4_30_00_06\kernel\nortos\lib\ccs\m4\</path>
         <kind>archive</kind>
         <file>nortos_cc32xx.a</file>
         <name>NoRTOS.oem4</name>
      </input_file>
      <input_file id="fl-1a">
         <path>C:\ti\simplelink_cc32xx_sdk_4_30_00_06\kernel\nortos\lib\ccs\m4\</path>
         <kind>archive</kind>
         <file>nortos_cc32xx.a</file>
         <name>SemaphoreP_nortos.oem4</name>
      </input_file>
      <input_file id="fl-1b">
         <path>C:\ti\simplelink_cc32xx_sdk_4_30_00_06\kernel\nortos\lib\ccs\m4\</path>
         <kind>archive</kind>
         <file>nortos_cc32xx.a</file>
         <name>ClockPSysTick_nortos.oem4</name>
      </input_file>
      <input_file id="fl-1c">
         <path>C:\ti\simplelink_cc32xx_sdk_4_30_00_06\kernel\nortos\lib\ccs\m4\</path>
         <kind>archive</kind>
         <file>nortos_cc32xx.a</file>
         <name>HwiPCC32XX_nortos.oem4</name>
      </input_file>
      <input_file id="fl-1d">
         <path>C:\ti\simplelink_cc32xx_sdk_4_30_00_06\kernel\nortos\lib\ccs\m4\</path>
         <kind>archive</kind>
         <file>nortos_cc32xx.a</file>
         <name>PowerCC32XX_nortos.oem4</name>
      </input_file>
      <input_file id="fl-1e">
         <path>C:\ti\simplelink_cc32xx_sdk_4_30_00_06\kernel\nortos\lib\ccs\m4\</path>
         <kind>archive</kind>
         <file>nortos_cc32xx.a</file>
         <name>startup_cc32xx_ccs.oem4</name>
      </input_file>
      <input_file id="fl-1f">
         <path>C:\ti\simplelink_cc32xx_sdk_4_30_00_06\kernel\nortos\lib\ccs\m4\</path>
         <kind>archive</kind>
         <file>nortos_cc32xx.a</file>
         <name>SwiP_nortos.oem4</name>
      </input_file>
      <input_file id="fl-20">
         <path>C:\ti\simplelink_cc32xx_sdk_4_30_00_06\kernel\nortos\lib\ccs\m4\</path>
         <kind>archive</kind>
         <file>nortos_cc32xx.a</file>
         <name>QueueP_nortos.oem4</name>
      </input_file>
      <input_file id="fl-21">
         <path>C:\ti\simplelink_cc32xx_sdk_4_30_00_06\source\ti\devices\cc32xx\driverlib\ccs\Release\</path>
         <kind>archive</kind>
         <file>driverlib.a</file>
         <name>cpu.obj</name>
      </input_file>
      <input_file id="fl-22">
         <path>C:\ti\simplelink_cc32xx_sdk_4_30_00_06\source\ti\devices\cc32xx\driverlib\ccs\Release\</path>
         <kind>archive</kind>
         <file>driverlib.a</file>
         <name>i2c.obj</name>
      </input_file>
      <input_file id="fl-23">
         <path>C:\ti\simplelink_cc32xx_sdk_4_30_00_06\source\ti\devices\cc32xx\driverlib\ccs\Release\</path>
         <kind>archive</kind>
         <file>driverlib.a</file>
         <name>interrupt.obj</name>
      </input_file>
      <input_file id="fl-24">
         <path>C:\ti\simplelink_cc32xx_sdk_4_30_00_06\source\ti\devices\cc32xx\driverlib\ccs\Release\</path>
         <kind>archive</kind>
         <file>driverlib.a</file>
         <name>pin.obj</name>
      </input_file>
      <input_file id="fl-25">
         <path>C:\ti\simplelink_cc32xx_sdk_4_30_00_06\source\ti\devices\cc32xx\driverlib\ccs\Release\</path>
         <kind>archive</kind>
         <file>driverlib.a</file>
         <name>prcm.obj</name>
      </input_file>
      <input_file id="fl-26">
         <path>C:\ti\simplelink_cc32xx_sdk_4_30_00_06\source\ti\devices\cc32xx\driverlib\ccs\Release\</path>
         <kind>archive</kind>
         <file>driverlib.a</file>
         <name>timer.obj</name>
      </input_file>
      <input_file id="fl-27">
         <path>C:\ti\simplelink_cc32xx_sdk_4_30_00_06\source\ti\devices\cc32xx\driverlib\ccs\Release\</path>
         <kind>archive</kind>
         <file>driverlib.a</file>
         <name>uart.obj</name>
      </input_file>
      <input_file id="fl-28">
         <path>C:\ti\simplelink_cc32xx_sdk_4_30_00_06\source\ti\devices\cc32xx\driverlib\ccs\Release\</path>
         <kind>archive</kind>
         <file>driverlib.a</file>
         <name>utils.obj</name>
      </input_file>
      <input_file id="fl-29">
         <path>C:\ti\simplelink_cc32xx_sdk_4_30_00_06\source\ti\devices\cc32xx\driverlib\ccs\Release\</path>
         <kind>archive</kind>
         <file>driverlib.a</file>
         <name>flash.obj</name>
      </input_file>
      <input_file id="fl-df">
         <path>C:\ti\ccs1220\ccs\tools\compiler\ti-cgt-arm_20.2.7.LTS\lib\</path>
         <kind>archive</kind>
         <file>rtsv7M4_T_le_eabi.lib</file>
         <name>snprintf.c.obj</name>
      </input_file>
      <input_file id="fl-e0">
         <path>C:\ti\ccs1220\ccs\tools\compiler\ti-cgt-arm_20.2.7.LTS\lib\</path>
         <kind>archive</kind>
         <file>rtsv7M4_T_le_eabi.lib</file>
         <name>fs_mul_t2.asm.obj</name>
      </input_file>
      <input_file id="fl-e1">
         <path>C:\ti\ccs1220\ccs\tools\compiler\ti-cgt-arm_20.2.7.LTS\lib\</path>
         <kind>archive</kind>
         <file>rtsv7M4_T_le_eabi.lib</file>
         <name>fs_toi_t2.asm.obj</name>
      </input_file>
      <input_file id="fl-e2">
         <path>C:\ti\ccs1220\ccs\tools\compiler\ti-cgt-arm_20.2.7.LTS\lib\</path>
         <kind>archive</kind>
         <file>rtsv7M4_T_le_eabi.lib</file>
         <name>i_tofs_t2.asm.obj</name>
      </input_file>
      <input_file id="fl-e3">
         <path>C:\ti\ccs1220\ccs\tools\compiler\ti-cgt-arm_20.2.7.LTS\lib\</path>
         <kind>archive</kind>
         <file>rtsv7M4_T_le_eabi.lib</file>
         <name>ll_mul_t2.asm.obj</name>
      </input_file>
      <input_file id="fl-e4">
         <path>C:\ti\ccs1220\ccs\tools\compiler\ti-cgt-arm_20.2.7.LTS\lib\</path>
         <kind>archive</kind>
         <file>rtsv7M4_T_le_eabi.lib</file>
         <name>memcpy_t2.asm.obj</name>
      </input_file>
      <input_file id="fl-e5">
         <path>C:\ti\ccs1220\ccs\tools\compiler\ti-cgt-arm_20.2.7.LTS\lib\</path>
         <kind>archive</kind>
         <file>rtsv7M4_T_le_eabi.lib</file>
         <name>ull_div_t2.asm.obj</name>
      </input_file>
      <input_file id="fl-e6">
         <path>C:\ti\ccs1220\ccs\tools\compiler\ti-cgt-arm_20.2.7.LTS\lib\</path>
         <kind>archive</kind>
         <file>rtsv7M4_T_le_eabi.lib</file>
         <name>copy_zero_init.c.obj</name>
      </input_file>
      <input_file id="fl-e7">
         <path>C:\ti\ccs1220\ccs\tools\compiler\ti-cgt-arm_20.2.7.LTS\lib\</path>
         <kind>archive</kind>
         <file>rtsv7M4_T_le_eabi.lib</file>
         <name>copy_decompress_none.c.obj</name>
      </input_file>
      <input_file id="fl-e8">
         <path>C:\ti\ccs1220\ccs\tools\compiler\ti-cgt-arm_20.2.7.LTS\lib\</path>
         <kind>archive</kind>
         <file>rtsv7M4_T_le_eabi.lib</file>
         <name>copy_decompress_lzss.c.obj</name>
      </input_file>
      <input_file id="fl-e9">
         <path>C:\ti\ccs1220\ccs\tools\compiler\ti-cgt-arm_20.2.7.LTS\lib\</path>
         <kind>archive</kind>
         <file>rtsv7M4_T_le_eabi.lib</file>
         <name>memory.c.obj</name>
      </input_file>
      <input_file id="fl-ea">
         <path>C:\ti\ccs1220\ccs\tools\compiler\ti-cgt-arm_20.2.7.LTS\lib\</path>
         <kind>archive</kind>
         <file>rtsv7M4_T_le_eabi.lib</file>
         <name>boot_cortex_m.c.obj</name>
      </input_file>
      <input_file id="fl-eb">
         <path>C:\ti\ccs1220\ccs\tools\compiler\ti-cgt-arm_20.2.7.LTS\lib\</path>
         <kind>archive</kind>
         <file>rtsv7M4_T_le_eabi.lib</file>
         <name>_printfi.c.obj</name>
      </input_file>
      <input_file id="fl-ec">
         <path>C:\ti\ccs1220\ccs\tools\compiler\ti-cgt-arm_20.2.7.LTS\lib\</path>
         <kind>archive</kind>
         <file>rtsv7M4_T_le_eabi.lib</file>
         <name>div0.asm.obj</name>
      </input_file>
      <input_file id="fl-ed">
         <path>C:\ti\ccs1220\ccs\tools\compiler\ti-cgt-arm_20.2.7.LTS\lib\</path>
         <kind>archive</kind>
         <file>rtsv7M4_T_le_eabi.lib</file>
         <name>fd_add_t2.asm.obj</name>
      </input_file>
      <input_file id="fl-ee">
         <path>C:\ti\ccs1220\ccs\tools\compiler\ti-cgt-arm_20.2.7.LTS\lib\</path>
         <kind>archive</kind>
         <file>rtsv7M4_T_le_eabi.lib</file>
         <name>fd_cmp_t2.asm.obj</name>
      </input_file>
      <input_file id="fl-ef">
         <path>C:\ti\ccs1220\ccs\tools\compiler\ti-cgt-arm_20.2.7.LTS\lib\</path>
         <kind>archive</kind>
         <file>rtsv7M4_T_le_eabi.lib</file>
         <name>fd_div_t2.asm.obj</name>
      </input_file>
      <input_file id="fl-f0">
         <path>C:\ti\ccs1220\ccs\tools\compiler\ti-cgt-arm_20.2.7.LTS\lib\</path>
         <kind>archive</kind>
         <file>rtsv7M4_T_le_eabi.lib</file>
         <name>fd_mul_t2.asm.obj</name>
      </input_file>
      <input_file id="fl-f1">
         <path>C:\ti\ccs1220\ccs\tools\compiler\ti-cgt-arm_20.2.7.LTS\lib\</path>
         <kind>archive</kind>
         <file>rtsv7M4_T_le_eabi.lib</file>
         <name>fd_toi_t2.asm.obj</name>
      </input_file>
      <input_file id="fl-f2">
         <path>C:\ti\ccs1220\ccs\tools\compiler\ti-cgt-arm_20.2.7.LTS\lib\</path>
         <kind>archive</kind>
         <file>rtsv7M4_T_le_eabi.lib</file>
         <name>i_tofd_t2.asm.obj</name>
      </input_file>
      <input_file id="fl-f3">
         <path>C:\ti\ccs1220\ccs\tools\compiler\ti-cgt-arm_20.2.7.LTS\lib\</path>
         <kind>archive</kind>
         <file>rtsv7M4_T_le_eabi.lib</file>
         <name>memset_t2.asm.obj</name>
      </input_file>
      <input_file id="fl-f4">
         <path>C:\ti\ccs1220\ccs\tools\compiler\ti-cgt-arm_20.2.7.LTS\lib\</path>
         <kind>archive</kind>
         <file>rtsv7M4_T_le_eabi.lib</file>
         <name>autoinit.c.obj</name>
      </input_file>
      <input_file id="fl-f5">
         <path>C:\ti\ccs1220\ccs\tools\compiler\ti-cgt-arm_20.2.7.LTS\lib\</path>
         <kind>archive</kind>
         <file>rtsv7M4_T_le_eabi.lib</file>
         <name>pre_init.c.obj</name>
      </input_file>
      <input_file id="fl-f6">
         <path>C:\ti\ccs1220\ccs\tools\compiler\ti-cgt-arm_20.2.7.LTS\lib\</path>
         <kind>archive</kind>
         <file>rtsv7M4_T_le_eabi.lib</file>
         <name>cpy_tbl.c.obj</name>
      </input_file>
      <input_file id="fl-f7">
         <path>C:\ti\ccs1220\ccs\tools\compiler\ti-cgt-arm_20.2.7.LTS\lib\</path>
         <kind>archive</kind>
         <file>rtsv7M4_T_le_eabi.lib</file>
         <name>exit.c.obj</name>
      </input_file>
      <input_file id="fl-f8">
         <path>C:\ti\ccs1220\ccs\tools\compiler\ti-cgt-arm_20.2.7.LTS\lib\</path>
         <kind>archive</kind>
         <file>rtsv7M4_T_le_eabi.lib</file>
         <name>_lock.c.obj</name>
      </input_file>
      <input_file id="fl-f9">
         <path>C:\ti\ccs1220\ccs\tools\compiler\ti-cgt-arm_20.2.7.LTS\lib\</path>
         <kind>archive</kind>
         <file>rtsv7M4_T_le_eabi.lib</file>
         <name>_ltoa.c.obj</name>
      </input_file>
      <input_file id="fl-fa">
         <path>C:\ti\ccs1220\ccs\tools\compiler\ti-cgt-arm_20.2.7.LTS\lib\</path>
         <kind>archive</kind>
         <file>rtsv7M4_T_le_eabi.lib</file>
         <name>args_main.c.obj</name>
      </input_file>
      <input_file id="fl-fb">
         <path>C:\ti\ccs1220\ccs\tools\compiler\ti-cgt-arm_20.2.7.LTS\lib\</path>
         <kind>archive</kind>
         <file>rtsv7M4_T_le_eabi.lib</file>
         <name>atoi.c.obj</name>
      </input_file>
      <input_file id="fl-fc">
         <path>C:\ti\ccs1220\ccs\tools\compiler\ti-cgt-arm_20.2.7.LTS\lib\</path>
         <kind>archive</kind>
         <file>rtsv7M4_T_le_eabi.lib</file>
         <name>ctype.c.obj</name>
      </input_file>
      <input_file id="fl-fd">
         <path>C:\ti\ccs1220\ccs\tools\compiler\ti-cgt-arm_20.2.7.LTS\lib\</path>
         <kind>archive</kind>
         <file>rtsv7M4_T_le_eabi.lib</file>
         <name>memccpy.c.obj</name>
      </input_file>
      <input_file id="fl-fe">
         <path>C:\ti\ccs1220\ccs\tools\compiler\ti-cgt-arm_20.2.7.LTS\lib\</path>
         <kind>archive</kind>
         <file>rtsv7M4_T_le_eabi.lib</file>
         <name>strchr.c.obj</name>
      </input_file>
      <input_file id="fl-ff">
         <path>C:\ti\ccs1220\ccs\tools\compiler\ti-cgt-arm_20.2.7.LTS\lib\</path>
         <kind>archive</kind>
         <file>rtsv7M4_T_le_eabi.lib</file>
         <name>strlen.c.obj</name>
      </input_file>
      <input_file id="fl-100">
         <path>C:\ti\ccs1220\ccs\tools\compiler\ti-cgt-arm_20.2.7.LTS\lib\</path>
         <kind>archive</kind>
         <file>rtsv7M4_T_le_eabi.lib</file>
         <name>errno.c.obj</name>
      </input_file>
      <input_file id="fl-101">
         <path>C:\ti\ccs1220\ccs\tools\compiler\ti-cgt-arm_20.2.7.LTS\lib\</path>
         <kind>archive</kind>
         <file>rtsv7M4_T_le_eabi.lib</file>
         <name>wcslen.c.obj</name>
      </input_file>
      <input_file id="fl-102">
         <path>C:\ti\ccs1220\ccs\tools\compiler\ti-cgt-arm_20.2.7.LTS\lib\</path>
         <kind>archive</kind>
         <file>rtsv7M4_T_le_eabi.lib</file>
         <name>s_frexp.c.obj</name>
      </input_file>
      <input_file id="fl-103">
         <path>C:\ti\ccs1220\ccs\tools\compiler\ti-cgt-arm_20.2.7.LTS\lib\</path>
         <kind>archive</kind>
         <file>rtsv7M4_T_le_eabi.lib</file>
         <name>s_scalbn.c.obj</name>
      </input_file>
      <input_file id="fl-104">
         <path>C:\ti\ccs1220\ccs\tools\compiler\ti-cgt-arm_20.2.7.LTS\lib\</path>
         <kind>archive</kind>
         <file>rtsv7M4_T_le_eabi.lib</file>
         <name>s_copysign.c.obj</name>
      </input_file>
   </input_file_list>
   <object_component_list>
      <object_component id="oc-3d7">
         <name>.text:__TI_printfi</name>
         <load_address>0x2000c040</load_address>
         <run_address>0x2000c040</run_address>
         <size>0xa4e</size>
         <input_file_ref idref="fl-eb"/>
      </object_component>
      <object_component id="oc-1da">
         <name>.text:Board_initHook</name>
         <load_address>0x2000ca8e</load_address>
         <run_address>0x2000ca8e</run_address>
         <size>0x2</size>
         <input_file_ref idref="fl-3"/>
      </object_component>
      <object_component id="oc-1ce">
         <name>.text:PRCMCC3200MCUInit</name>
         <load_address>0x2000ca90</load_address>
         <run_address>0x2000ca90</run_address>
         <size>0x42c</size>
         <input_file_ref idref="fl-25"/>
      </object_component>
      <object_component id="oc-742">
         <name>.text:UARTCC32XX_open</name>
         <load_address>0x2000cebc</load_address>
         <run_address>0x2000cebc</run_address>
         <size>0x288</size>
         <input_file_ref idref="fl-16"/>
      </object_component>
      <object_component id="oc-5a6">
         <name>.text:_pconv_a</name>
         <load_address>0x2000d144</load_address>
         <run_address>0x2000d144</run_address>
         <size>0x268</size>
         <input_file_ref idref="fl-eb"/>
      </object_component>
      <object_component id="oc-1e8">
         <name>.text:initI2C</name>
         <load_address>0x2000d3ac</load_address>
         <run_address>0x2000d3ac</run_address>
         <size>0x250</size>
         <input_file_ref idref="fl-2"/>
      </object_component>
      <object_component id="oc-320">
         <name>.text:GPIO_setConfig</name>
         <load_address>0x2000d5fc</load_address>
         <run_address>0x2000d5fc</run_address>
         <size>0x1e4</size>
         <input_file_ref idref="fl-11"/>
      </object_component>
      <object_component id="oc-594">
         <name>.text:_pconv_g</name>
         <load_address>0x2000d7e0</load_address>
         <run_address>0x2000d7e0</run_address>
         <size>0x1cc</size>
         <input_file_ref idref="fl-eb"/>
      </object_component>
      <object_component id="oc-79c">
         <name>.text</name>
         <load_address>0x2000d9ac</load_address>
         <run_address>0x2000d9ac</run_address>
         <size>0x1b6</size>
         <input_file_ref idref="fl-ed"/>
      </object_component>
      <object_component id="oc-2c1">
         <name>.text:I2C_init</name>
         <load_address>0x2000db62</load_address>
         <run_address>0x2000db62</run_address>
         <size>0x2</size>
         <input_file_ref idref="fl-e"/>
      </object_component>
      <object_component id="oc-3bc">
         <name>.text:PowerCC32XX_sleepPolicy</name>
         <load_address>0x2000db64</load_address>
         <run_address>0x2000db64</run_address>
         <size>0x19c</size>
         <input_file_ref idref="fl-1d"/>
      </object_component>
      <object_component id="oc-430">
         <name>.text:I2CCC32XX_hwiFxn</name>
         <load_address>0x2000dd00</load_address>
         <run_address>0x2000dd00</run_address>
         <size>0x148</size>
         <input_file_ref idref="fl-12"/>
      </object_component>
      <object_component id="oc-6f4">
         <name>.text:parkPins</name>
         <load_address>0x2000de48</load_address>
         <run_address>0x2000de48</run_address>
         <size>0x148</size>
         <input_file_ref idref="fl-13"/>
      </object_component>
      <object_component id="oc-5a0">
         <name>.text:_pconv_e</name>
         <load_address>0x2000df90</load_address>
         <run_address>0x2000df90</run_address>
         <size>0x13c</size>
         <input_file_ref idref="fl-eb"/>
      </object_component>
      <object_component id="oc-54f">
         <name>.text:Power_sleep</name>
         <load_address>0x2000e0cc</load_address>
         <run_address>0x2000e0cc</run_address>
         <size>0x138</size>
         <input_file_ref idref="fl-13"/>
      </object_component>
      <object_component id="oc-782">
         <name>.text</name>
         <load_address>0x2000e204</load_address>
         <run_address>0x2000e204</run_address>
         <size>0x136</size>
         <input_file_ref idref="fl-ef"/>
      </object_component>
      <object_component id="oc-3b6">
         <name>.text:PowerCC32XX_initPolicy</name>
         <load_address>0x2000e33a</load_address>
         <run_address>0x2000e33a</run_address>
         <size>0x2</size>
         <input_file_ref idref="fl-1d"/>
      </object_component>
      <object_component id="oc-85a">
         <name>.text:TimerCC32XX_open</name>
         <load_address>0x2000e33c</load_address>
         <run_address>0x2000e33c</run_address>
         <size>0x128</size>
         <input_file_ref idref="fl-15"/>
      </object_component>
      <object_component id="oc-43e">
         <name>.text:I2C_transferTimeout</name>
         <load_address>0x2000e464</load_address>
         <run_address>0x2000e464</run_address>
         <size>0x122</size>
         <input_file_ref idref="fl-e"/>
      </object_component>
      <object_component id="oc-854">
         <name>.text:TimerCC32XX_init</name>
         <load_address>0x2000e586</load_address>
         <run_address>0x2000e586</run_address>
         <size>0x2</size>
         <input_file_ref idref="fl-15"/>
      </object_component>
      <object_component id="oc-730">
         <name>.text:UARTCC32XX_close</name>
         <load_address>0x2000e588</load_address>
         <run_address>0x2000e588</run_address>
         <size>0x120</size>
         <input_file_ref idref="fl-16"/>
      </object_component>
      <object_component id="oc-7ae">
         <name>.text:fcvt</name>
         <load_address>0x2000e6a8</load_address>
         <run_address>0x2000e6a8</run_address>
         <size>0x120</size>
         <input_file_ref idref="fl-eb"/>
      </object_component>
      <object_component id="oc-4f3">
         <name>.text:readTemp</name>
         <load_address>0x2000e7c8</load_address>
         <run_address>0x2000e7c8</run_address>
         <size>0x120</size>
         <input_file_ref idref="fl-2"/>
      </object_component>
      <object_component id="oc-36c">
         <name>.text:LED_State</name>
         <load_address>0x2000e8e8</load_address>
         <run_address>0x2000e8e8</run_address>
         <size>0x110</size>
         <input_file_ref idref="fl-2"/>
      </object_component>
      <object_component id="oc-87f">
         <name>.text:aligned_alloc</name>
         <load_address>0x2000e9f8</load_address>
         <run_address>0x2000e9f8</run_address>
         <size>0x100</size>
         <input_file_ref idref="fl-e9"/>
      </object_component>
      <object_component id="oc-2cd">
         <name>.text:I2C_open</name>
         <load_address>0x2000eaf8</load_address>
         <run_address>0x2000eaf8</run_address>
         <size>0xfc</size>
         <input_file_ref idref="fl-12"/>
      </object_component>
      <object_component id="oc-77d">
         <name>.text</name>
         <load_address>0x2000ebf4</load_address>
         <run_address>0x2000ebf4</run_address>
         <size>0xfc</size>
         <input_file_ref idref="fl-f0"/>
      </object_component>
      <object_component id="oc-200">
         <name>.text:loadTasks</name>
         <load_address>0x2000ecf0</load_address>
         <run_address>0x2000ecf0</run_address>
         <size>0xf8</size>
         <input_file_ref idref="fl-2"/>
      </object_component>
      <object_component id="oc-736">
         <name>.text:UARTCC32XX_control</name>
         <load_address>0x2000ede8</load_address>
         <run_address>0x2000ede8</run_address>
         <size>0xf2</size>
         <input_file_ref idref="fl-16"/>
      </object_component>
      <object_component id="oc-73c">
         <name>.text:UARTCC32XX_init</name>
         <load_address>0x2000eeda</load_address>
         <run_address>0x2000eeda</run_address>
         <size>0x2</size>
         <input_file_ref idref="fl-16"/>
      </object_component>
      <object_component id="oc-468">
         <name>.text:free</name>
         <load_address>0x2000eedc</load_address>
         <run_address>0x2000eedc</run_address>
         <size>0xe4</size>
         <input_file_ref idref="fl-e9"/>
      </object_component>
      <object_component id="oc-7c2">
         <name>.text:scalbn</name>
         <load_address>0x2000efc0</load_address>
         <run_address>0x2000efc0</run_address>
         <size>0xd0</size>
         <input_file_ref idref="fl-103"/>
      </object_component>
      <object_component id="oc-75a">
         <name>.text:UARTCC32XX_write</name>
         <load_address>0x2000f090</load_address>
         <run_address>0x2000f090</run_address>
         <size>0xca</size>
         <input_file_ref idref="fl-16"/>
      </object_component>
      <object_component id="oc-37e">
         <name>.text:_nop</name>
         <load_address>0x2000f15a</load_address>
         <run_address>0x2000f15a</run_address>
         <size>0x2</size>
         <input_file_ref idref="fl-f8"/>
      </object_component>
      <object_component id="oc-1f4">
         <name>.text:GPIO_init</name>
         <load_address>0x2000f15c</load_address>
         <run_address>0x2000f15c</run_address>
         <size>0xc4</size>
         <input_file_ref idref="fl-11"/>
      </object_component>
      <object_component id="oc-366">
         <name>.text:buttonFlags</name>
         <load_address>0x2000f220</load_address>
         <run_address>0x2000f220</run_address>
         <size>0xc0</size>
         <input_file_ref idref="fl-2"/>
      </object_component>
      <object_component id="oc-711">
         <name>.text:restoreParkedPins</name>
         <load_address>0x2000f2e0</load_address>
         <run_address>0x2000f2e0</run_address>
         <size>0xc0</size>
         <input_file_ref idref="fl-13"/>
      </object_component>
      <object_component id="oc-74e">
         <name>.text:UARTCC32XX_readPolling</name>
         <load_address>0x2000f3a0</load_address>
         <run_address>0x2000f3a0</run_address>
         <size>0xba</size>
         <input_file_ref idref="fl-16"/>
      </object_component>
      <object_component id="oc-73">
         <name>.text:busFaultHandler</name>
         <load_address>0x2000f45a</load_address>
         <run_address>0x2000f45a</run_address>
         <size>0x2</size>
         <input_file_ref idref="fl-1e"/>
      </object_component>
      <object_component id="oc-931">
         <name>.text:initHw</name>
         <load_address>0x2000f45c</load_address>
         <run_address>0x2000f45c</run_address>
         <size>0xb8</size>
         <input_file_ref idref="fl-16"/>
      </object_component>
      <object_component id="oc-a62">
         <name>.text:readTaskCallback</name>
         <load_address>0x2000f514</load_address>
         <run_address>0x2000f514</run_address>
         <size>0xb6</size>
         <input_file_ref idref="fl-16"/>
      </object_component>
      <object_component id="oc-621">
         <name>.text:I2CCC32XX_completeTransfer</name>
         <load_address>0x2000f5ca</load_address>
         <run_address>0x2000f5ca</run_address>
         <size>0xb2</size>
         <input_file_ref idref="fl-12"/>
      </object_component>
      <object_component id="oc-589">
         <name>.text:_ltostr</name>
         <load_address>0x2000f67c</load_address>
         <run_address>0x2000f67c</run_address>
         <size>0xb1</size>
         <input_file_ref idref="fl-eb"/>
      </object_component>
      <object_component id="oc-a50">
         <name>.text:readTaskBlocking</name>
         <load_address>0x2000f72e</load_address>
         <run_address>0x2000f72e</run_address>
         <size>0xb0</size>
         <input_file_ref idref="fl-16"/>
      </object_component>
      <object_component id="oc-a56">
         <name>.text:readIsrTextBlocking</name>
         <load_address>0x2000f7de</load_address>
         <run_address>0x2000f7de</run_address>
         <size>0xae</size>
         <input_file_ref idref="fl-16"/>
      </object_component>
      <object_component id="oc-60f">
         <name>.text:I2CCC32XX_primeWriteBurst</name>
         <load_address>0x2000f88c</load_address>
         <run_address>0x2000f88c</run_address>
         <size>0xa8</size>
         <input_file_ref idref="fl-12"/>
      </object_component>
      <object_component id="oc-b5">
         <name>.text:IntEnable</name>
         <load_address>0x2000f934</load_address>
         <run_address>0x2000f934</run_address>
         <size>0xa8</size>
         <input_file_ref idref="fl-23"/>
      </object_component>
      <object_component id="oc-293">
         <name>.text:PowerCC32XX_configureWakeup</name>
         <load_address>0x2000f9dc</load_address>
         <run_address>0x2000f9dc</run_address>
         <size>0xa8</size>
         <input_file_ref idref="fl-13"/>
      </object_component>
      <object_component id="oc-a68">
         <name>.text:readIsrTextCallback</name>
         <load_address>0x2000fa84</load_address>
         <run_address>0x2000fa84</run_address>
         <size>0xa2</size>
         <input_file_ref idref="fl-16"/>
      </object_component>
      <object_component id="oc-968">
         <name>.text:writeData</name>
         <load_address>0x2000fb26</load_address>
         <run_address>0x2000fb26</run_address>
         <size>0xa2</size>
         <input_file_ref idref="fl-16"/>
      </object_component>
      <object_component id="oc-31a">
         <name>.text:SemaphoreP_pend</name>
         <load_address>0x2000fbc8</load_address>
         <run_address>0x2000fbc8</run_address>
         <size>0xa0</size>
         <input_file_ref idref="fl-1a"/>
      </object_component>
      <object_component id="oc-41e">
         <name>.text:I2CCC32XX_initHw</name>
         <load_address>0x2000fc68</load_address>
         <run_address>0x2000fc68</run_address>
         <size>0x9c</size>
         <input_file_ref idref="fl-12"/>
      </object_component>
      <object_component id="oc-3b">
         <name>.text</name>
         <load_address>0x2000fd04</load_address>
         <run_address>0x2000fd04</run_address>
         <size>0x9c</size>
         <input_file_ref idref="fl-e4"/>
      </object_component>
      <object_component id="oc-342">
         <name>.text:powerNotifyFxn</name>
         <load_address>0x2000fda0</load_address>
         <run_address>0x2000fda0</run_address>
         <size>0x98</size>
         <input_file_ref idref="fl-11"/>
      </object_component>
      <object_component id="oc-54a">
         <name>.text</name>
         <load_address>0x2000fe38</load_address>
         <run_address>0x2000fe38</run_address>
         <size>0x96</size>
         <input_file_ref idref="fl-e5"/>
      </object_component>
      <object_component id="oc-48d">
         <name>.text:clkFxn</name>
         <load_address>0x2000fece</load_address>
         <run_address>0x2000fece</run_address>
         <size>0x2</size>
         <input_file_ref idref="fl-1a"/>
      </object_component>
      <object_component id="oc-206">
         <name>.text:taskScheduler</name>
         <load_address>0x2000fed0</load_address>
         <run_address>0x2000fed0</run_address>
         <size>0x94</size>
         <input_file_ref idref="fl-2"/>
      </object_component>
      <object_component id="oc-705">
         <name>.text:restoreNVICRegs</name>
         <load_address>0x2000ff64</load_address>
         <run_address>0x2000ff64</run_address>
         <size>0x90</size>
         <input_file_ref idref="fl-13"/>
      </object_component>
      <object_component id="oc-412">
         <name>.text:HwiP_construct</name>
         <load_address>0x2000fff4</load_address>
         <run_address>0x2000fff4</run_address>
         <size>0x8c</size>
         <input_file_ref idref="fl-1c"/>
      </object_component>
      <object_component id="oc-8dd">
         <name>.text:IntPendSet</name>
         <load_address>0x20010080</load_address>
         <run_address>0x20010080</run_address>
         <size>0x88</size>
         <input_file_ref idref="fl-23"/>
      </object_component>
      <object_component id="oc-497">
         <name>.text:PinConfigSet</name>
         <load_address>0x20010108</load_address>
         <run_address>0x20010108</run_address>
         <size>0x88</size>
         <input_file_ref idref="fl-24"/>
      </object_component>
      <object_component id="oc-860">
         <name>.text:TimerCC32XX_setPeriod</name>
         <load_address>0x20010190</load_address>
         <run_address>0x20010190</run_address>
         <size>0x88</size>
         <input_file_ref idref="fl-15"/>
      </object_component>
      <object_component id="oc-58f">
         <name>.text:__aeabi_cdcmple</name>
         <load_address>0x20010218</load_address>
         <run_address>0x20010218</run_address>
         <size>0x86</size>
         <input_file_ref idref="fl-ee"/>
      </object_component>
      <object_component id="oc-787">
         <name>.text:__aeabi_cdrcmple</name>
         <load_address>0x2001029e</load_address>
         <run_address>0x2001029e</run_address>
         <size>0x86</size>
         <input_file_ref idref="fl-ee"/>
      </object_component>
      <object_component id="oc-1d4">
         <name>.text:Power_init</name>
         <load_address>0x20010324</load_address>
         <run_address>0x20010324</run_address>
         <size>0x84</size>
         <input_file_ref idref="fl-13"/>
      </object_component>
      <object_component id="oc-6fa">
         <name>.text:saveNVICRegs</name>
         <load_address>0x200103a8</load_address>
         <run_address>0x200103a8</run_address>
         <size>0x84</size>
         <input_file_ref idref="fl-13"/>
      </object_component>
      <object_component id="oc-400">
         <name>.text:Power_setDependency</name>
         <load_address>0x2001042c</load_address>
         <run_address>0x2001042c</run_address>
         <size>0x80</size>
         <input_file_ref idref="fl-13"/>
      </object_component>
      <object_component id="oc-372">
         <name>.text:outputDisplay</name>
         <load_address>0x200104ac</load_address>
         <run_address>0x200104ac</run_address>
         <size>0x7c</size>
         <input_file_ref idref="fl-2"/>
      </object_component>
      <object_component id="oc-a4a">
         <name>.text:readIsrBinaryBlocking</name>
         <load_address>0x20010528</load_address>
         <run_address>0x20010528</run_address>
         <size>0x7c</size>
         <input_file_ref idref="fl-16"/>
      </object_component>
      <object_component id="oc-609">
         <name>.text:I2CCC32XX_primeReadBurst</name>
         <load_address>0x200105a4</load_address>
         <run_address>0x200105a4</run_address>
         <size>0x7a</size>
         <input_file_ref idref="fl-12"/>
      </object_component>
      <object_component id="oc-6c5">
         <name>.text</name>
         <load_address>0x2001061e</load_address>
         <run_address>0x2001061e</run_address>
         <size>0x7a</size>
         <input_file_ref idref="fl-e0"/>
      </object_component>
      <object_component id="oc-9d">
         <name>.text</name>
         <load_address>0x20010698</load_address>
         <run_address>0x20010698</run_address>
         <size>0x7a</size>
         <input_file_ref idref="fl-f3"/>
      </object_component>
      <object_component id="oc-6d">
         <name>.text:defaultHandler</name>
         <load_address>0x20010712</load_address>
         <run_address>0x20010712</run_address>
         <size>0x2</size>
         <input_file_ref idref="fl-1e"/>
      </object_component>
      <object_component id="oc-4b5">
         <name>.text:GPIO_hwiIntFxn</name>
         <load_address>0x20010714</load_address>
         <run_address>0x20010714</run_address>
         <size>0x78</size>
         <input_file_ref idref="fl-11"/>
      </object_component>
      <object_component id="oc-866">
         <name>.text:TimerCC32XX_start</name>
         <load_address>0x2001078c</load_address>
         <run_address>0x2001078c</run_address>
         <size>0x78</size>
         <input_file_ref idref="fl-15"/>
      </object_component>
      <object_component id="oc-a5c">
         <name>.text:readIsrBinaryCallback</name>
         <load_address>0x20010804</load_address>
         <run_address>0x20010804</run_address>
         <size>0x78</size>
         <input_file_ref idref="fl-16"/>
      </object_component>
      <object_component id="oc-940">
         <name>.text:UARTCC32XX_hwiIntFxn</name>
         <load_address>0x2001087c</load_address>
         <run_address>0x2001087c</run_address>
         <size>0x74</size>
         <input_file_ref idref="fl-16"/>
      </object_component>
      <object_component id="oc-a0a">
         <name>.text:split</name>
         <load_address>0x200108f0</load_address>
         <run_address>0x200108f0</run_address>
         <size>0x70</size>
         <input_file_ref idref="fl-e9"/>
      </object_component>
      <object_component id="oc-7a7">
         <name>.text:_mcpy</name>
         <load_address>0x20010960</load_address>
         <run_address>0x20010960</run_address>
         <size>0x6e</size>
         <input_file_ref idref="fl-eb"/>
      </object_component>
      <object_component id="oc-63c">
         <name>.text:I2CSupport_primeTransfer</name>
         <load_address>0x200109ce</load_address>
         <run_address>0x200109ce</run_address>
         <size>0x6a</size>
         <input_file_ref idref="fl-12"/>
      </object_component>
      <object_component id="oc-14">
         <name>.text:decompress:lzss:__TI_decompress_lzss</name>
         <load_address>0x20010a38</load_address>
         <run_address>0x20010a38</run_address>
         <size>0x68</size>
         <input_file_ref idref="fl-e8"/>
      </object_component>
      <object_component id="oc-766">
         <name>.text:UARTCC32XX_writeCancel</name>
         <load_address>0x20010aa0</load_address>
         <run_address>0x20010aa0</run_address>
         <size>0x66</size>
         <input_file_ref idref="fl-16"/>
      </object_component>
      <object_component id="oc-67">
         <name>.text:faultISR</name>
         <load_address>0x20010b06</load_address>
         <run_address>0x20010b06</run_address>
         <size>0x2</size>
         <input_file_ref idref="fl-1e"/>
      </object_component>
      <object_component id="oc-4e4">
         <name>.text:PowerCC32XX_setParkState</name>
         <load_address>0x20010b08</load_address>
         <run_address>0x20010b08</run_address>
         <size>0x64</size>
         <input_file_ref idref="fl-13"/>
      </object_component>
      <object_component id="oc-760">
         <name>.text:UARTCC32XX_writePolling</name>
         <load_address>0x20010b6c</load_address>
         <run_address>0x20010b6c</run_address>
         <size>0x62</size>
         <input_file_ref idref="fl-16"/>
      </object_component>
      <object_component id="oc-61">
         <name>.text:nmiISR</name>
         <load_address>0x20010bce</load_address>
         <run_address>0x20010bce</run_address>
         <size>0x2</size>
         <input_file_ref idref="fl-1e"/>
      </object_component>
      <object_component id="oc-261">
         <name>.text:PRCMSysResetCauseGet</name>
         <load_address>0x20010bd0</load_address>
         <run_address>0x20010bd0</run_address>
         <size>0x60</size>
         <input_file_ref idref="fl-25"/>
      </object_component>
      <object_component id="oc-326">
         <name>.text:GPIO_setCallback</name>
         <load_address>0x20010c30</load_address>
         <run_address>0x20010c30</run_address>
         <size>0x5c</size>
         <input_file_ref idref="fl-11"/>
      </object_component>
      <object_component id="oc-7bc">
         <name>.text:frexp</name>
         <load_address>0x20010c8c</load_address>
         <run_address>0x20010c8c</run_address>
         <size>0x5c</size>
         <input_file_ref idref="fl-102"/>
      </object_component>
      <object_component id="oc-89d">
         <name>.text:sysTickInit</name>
         <load_address>0x20010ce8</load_address>
         <run_address>0x20010ce8</run_address>
         <size>0x5c</size>
         <input_file_ref idref="fl-1b"/>
      </object_component>
      <object_component id="oc-34c">
         <name>.text:GPIO_write</name>
         <load_address>0x20010d44</load_address>
         <run_address>0x20010d44</run_address>
         <size>0x58</size>
         <input_file_ref idref="fl-11"/>
      </object_component>
      <object_component id="oc-27a">
         <name>.text:PRCMPeripheralReset</name>
         <load_address>0x20010d9c</load_address>
         <run_address>0x20010d9c</run_address>
         <size>0x58</size>
         <input_file_ref idref="fl-25"/>
      </object_component>
      <object_component id="oc-8f8">
         <name>.text:Power_releaseDependency</name>
         <load_address>0x20010df4</load_address>
         <run_address>0x20010df4</run_address>
         <size>0x58</size>
         <input_file_ref idref="fl-13"/>
      </object_component>
      <object_component id="oc-86c">
         <name>.text:TimerCC32XX_stop</name>
         <load_address>0x20010e4c</load_address>
         <run_address>0x20010e4c</run_address>
         <size>0x56</size>
         <input_file_ref idref="fl-15"/>
      </object_component>
      <object_component id="oc-59a">
         <name>.text:_pconv_f</name>
         <load_address>0x20010ea2</load_address>
         <run_address>0x20010ea2</run_address>
         <size>0x56</size>
         <input_file_ref idref="fl-eb"/>
      </object_component>
      <object_component id="oc-791">
         <name>.text:__TI_ltoa</name>
         <load_address>0x20010ef8</load_address>
         <run_address>0x20010ef8</run_address>
         <size>0x54</size>
         <input_file_ref idref="fl-f9"/>
      </object_component>
      <object_component id="oc-1ee">
         <name>.text:initTimer</name>
         <load_address>0x20010f4c</load_address>
         <run_address>0x20010f4c</run_address>
         <size>0x54</size>
         <input_file_ref idref="fl-2"/>
      </object_component>
      <object_component id="oc-ad8">
         <name>.text:ringBufGet</name>
         <load_address>0x20010fa0</load_address>
         <run_address>0x20010fa0</run_address>
         <size>0x54</size>
         <input_file_ref idref="fl-16"/>
      </object_component>
      <object_component id="oc-8ba">
         <name>.text:PowerCC32XX_resumeLPDS</name>
         <load_address>0x20010ff4</load_address>
         <run_address>0x20010ff4</run_address>
         <size>0x52</size>
         <input_file_ref idref="fl-14"/>
      </object_component>
      <object_component id="oc-7a1">
         <name>.text:_ecpy</name>
         <load_address>0x20011046</load_address>
         <run_address>0x20011046</run_address>
         <size>0x52</size>
         <input_file_ref idref="fl-eb"/>
      </object_component>
      <object_component id="oc-9cd">
         <name>.text:initHw</name>
         <load_address>0x20011098</load_address>
         <run_address>0x20011098</run_address>
         <size>0x52</size>
         <input_file_ref idref="fl-15"/>
      </object_component>
      <object_component id="oc-6e8">
         <name>.text</name>
         <load_address>0x200110ea</load_address>
         <run_address>0x200110ea</run_address>
         <size>0x2</size>
         <input_file_ref idref="fl-ec"/>
      </object_component>
      <object_component id="oc-79">
         <name>.text:ClockP_sysTickHandler</name>
         <load_address>0x200110ec</load_address>
         <run_address>0x200110ec</run_address>
         <size>0x50</size>
         <input_file_ref idref="fl-1b"/>
      </object_component>
      <object_component id="oc-5e0">
         <name>.text:SemaphoreP_construct</name>
         <load_address>0x2001113c</load_address>
         <run_address>0x2001113c</run_address>
         <size>0x50</size>
         <input_file_ref idref="fl-1a"/>
      </object_component>
      <object_component id="oc-9c1">
         <name>.text:TimerCC32XX_allocateTimerResource</name>
         <load_address>0x2001118c</load_address>
         <run_address>0x2001118c</run_address>
         <size>0x50</size>
         <input_file_ref idref="fl-15"/>
      </object_component>
      <object_component id="oc-1fa">
         <name>.text:GPIO_Load</name>
         <load_address>0x200111dc</load_address>
         <run_address>0x200111dc</run_address>
         <size>0x4c</size>
         <input_file_ref idref="fl-2"/>
      </object_component>
      <object_component id="oc-352">
         <name>.text:GPIO_enableInt</name>
         <load_address>0x20011228</load_address>
         <run_address>0x20011228</run_address>
         <size>0x4c</size>
         <input_file_ref idref="fl-11"/>
      </object_component>
      <object_component id="oc-5fd">
         <name>.text:I2CCC32XX_readRecieveFifo</name>
         <load_address>0x20011274</load_address>
         <run_address>0x20011274</run_address>
         <size>0x4c</size>
         <input_file_ref idref="fl-12"/>
      </object_component>
      <object_component id="oc-8b1">
         <name>.text:PowerCC32XX_parkPin</name>
         <load_address>0x200112c0</load_address>
         <run_address>0x200112c0</run_address>
         <size>0x4c</size>
         <input_file_ref idref="fl-13"/>
      </object_component>
      <object_component id="oc-583">
         <name>.text:atoi</name>
         <load_address>0x2001130c</load_address>
         <run_address>0x2001130c</run_address>
         <size>0x4c</size>
         <input_file_ref idref="fl-fb"/>
      </object_component>
      <object_component id="oc-70b">
         <name>.text:restorePeriphClocks</name>
         <load_address>0x20011358</load_address>
         <run_address>0x20011358</run_address>
         <size>0x4c</size>
         <input_file_ref idref="fl-13"/>
      </object_component>
      <object_component id="oc-2b5">
         <name>.text:snprintf</name>
         <load_address>0x200113a4</load_address>
         <run_address>0x200113a4</run_address>
         <size>0x4c</size>
         <input_file_ref idref="fl-df"/>
      </object_component>
      <object_component id="oc-8d5">
         <name>.text:FlashDisable</name>
         <load_address>0x200113f0</load_address>
         <run_address>0x200113f0</run_address>
         <size>0x48</size>
         <input_file_ref idref="fl-29"/>
      </object_component>
      <object_component id="oc-717">
         <name>.text:PRCMLPDSEnter</name>
         <load_address>0x20011438</load_address>
         <run_address>0x20011438</run_address>
         <size>0x48</size>
         <input_file_ref idref="fl-25"/>
      </object_component>
      <object_component id="oc-274">
         <name>.text:PRCMPeripheralClkEnable</name>
         <load_address>0x20011480</load_address>
         <run_address>0x20011480</run_address>
         <size>0x48</size>
         <input_file_ref idref="fl-25"/>
      </object_component>
      <object_component id="oc-817">
         <name>.text:Power_releaseConstraint</name>
         <load_address>0x200114c8</load_address>
         <run_address>0x200114c8</run_address>
         <size>0x48</size>
         <input_file_ref idref="fl-13"/>
      </object_component>
      <object_component id="oc-78c">
         <name>.text</name>
         <load_address>0x20011510</load_address>
         <run_address>0x20011510</run_address>
         <size>0x48</size>
         <input_file_ref idref="fl-f1"/>
      </object_component>
      <object_component id="oc-ac5">
         <name>.text:RingBuf_put</name>
         <load_address>0x20011558</load_address>
         <run_address>0x20011558</run_address>
         <size>0x46</size>
         <input_file_ref idref="fl-18"/>
      </object_component>
      <object_component id="oc-9c7">
         <name>.text:getPrescaler</name>
         <load_address>0x2001159e</load_address>
         <run_address>0x2001159e</run_address>
         <size>0x46</size>
         <input_file_ref idref="fl-15"/>
      </object_component>
      <object_component id="oc-690">
         <name>.text:ClockP_stop</name>
         <load_address>0x200115e4</load_address>
         <run_address>0x200115e4</run_address>
         <size>0x44</size>
         <input_file_ref idref="fl-1b"/>
      </object_component>
      <object_component id="oc-8bf">
         <name>.text:PRCMLPDSRestoreInfoSet</name>
         <load_address>0x20011628</load_address>
         <run_address>0x20011628</run_address>
         <size>0x44</size>
         <input_file_ref idref="fl-25"/>
      </object_component>
      <object_component id="oc-700">
         <name>.text:PowerCC32XX_enterLPDS</name>
         <load_address>0x2001166c</load_address>
         <run_address>0x2001166c</run_address>
         <size>0x44</size>
         <input_file_ref idref="fl-14"/>
      </object_component>
      <object_component id="oc-332">
         <name>.text:SemaphoreP_post</name>
         <load_address>0x200116b0</load_address>
         <run_address>0x200116b0</run_address>
         <size>0x44</size>
         <input_file_ref idref="fl-1a"/>
      </object_component>
      <object_component id="oc-560">
         <name>.text:SwiP_restore</name>
         <load_address>0x200116f4</load_address>
         <run_address>0x200116f4</run_address>
         <size>0x44</size>
         <input_file_ref idref="fl-1f"/>
      </object_component>
      <object_component id="oc-2e2">
         <name>.text:Timer_init</name>
         <load_address>0x20011738</load_address>
         <run_address>0x20011738</run_address>
         <size>0x44</size>
         <input_file_ref idref="fl-f"/>
      </object_component>
      <object_component id="oc-2a1">
         <name>.text:UART_init</name>
         <load_address>0x2001177c</load_address>
         <run_address>0x2001177c</run_address>
         <size>0x44</size>
         <input_file_ref idref="fl-10"/>
      </object_component>
      <object_component id="oc-172">
         <name>.text:__TI_auto_init_nobinit_nopinit:__TI_auto_init_nobinit_nopinit</name>
         <load_address>0x200117c0</load_address>
         <run_address>0x200117c0</run_address>
         <size>0x44</size>
         <input_file_ref idref="fl-f4"/>
      </object_component>
      <object_component id="oc-1e2">
         <name>.text:initUART</name>
         <load_address>0x20011804</load_address>
         <run_address>0x20011804</run_address>
         <size>0x44</size>
         <input_file_ref idref="fl-2"/>
      </object_component>
      <object_component id="oc-a39">
         <name>.text:ClockP_construct</name>
         <load_address>0x20011848</load_address>
         <run_address>0x20011848</run_address>
         <size>0x40</size>
         <input_file_ref idref="fl-1b"/>
      </object_component>
      <object_component id="oc-28c">
         <name>.text:PinModeSet</name>
         <load_address>0x20011888</load_address>
         <run_address>0x20011888</run_address>
         <size>0x40</size>
         <input_file_ref idref="fl-24"/>
      </object_component>
      <object_component id="oc-95a">
         <name>.text:RingBuf_get</name>
         <load_address>0x200118c8</load_address>
         <run_address>0x200118c8</run_address>
         <size>0x40</size>
         <input_file_ref idref="fl-18"/>
      </object_component>
      <object_component id="oc-2ee">
         <name>.text:Timer_open</name>
         <load_address>0x20011908</load_address>
         <run_address>0x20011908</run_address>
         <size>0x40</size>
         <input_file_ref idref="fl-f"/>
      </object_component>
      <object_component id="oc-748">
         <name>.text:UARTCC32XX_read</name>
         <load_address>0x20011948</load_address>
         <run_address>0x20011948</run_address>
         <size>0x40</size>
         <input_file_ref idref="fl-16"/>
      </object_component>
      <object_component id="oc-2ad">
         <name>.text:UART_open</name>
         <load_address>0x20011988</load_address>
         <run_address>0x20011988</run_address>
         <size>0x40</size>
         <input_file_ref idref="fl-10"/>
      </object_component>
      <object_component id="oc-7b4">
         <name>.text:_fcpy</name>
         <load_address>0x200119c8</load_address>
         <run_address>0x200119c8</run_address>
         <size>0x3e</size>
         <input_file_ref idref="fl-eb"/>
      </object_component>
      <object_component id="oc-487">
         <name>.text:ClockP_destruct</name>
         <load_address>0x20011a08</load_address>
         <run_address>0x20011a08</run_address>
         <size>0x3c</size>
         <input_file_ref idref="fl-1b"/>
      </object_component>
      <object_component id="oc-81e">
         <name>.text:Power_setConstraint</name>
         <load_address>0x20011a44</load_address>
         <run_address>0x20011a44</run_address>
         <size>0x3c</size>
         <input_file_ref idref="fl-13"/>
      </object_component>
      <object_component id="oc-842">
         <name>.text:TimerCC32XX_close</name>
         <load_address>0x20011a80</load_address>
         <run_address>0x20011a80</run_address>
         <size>0x3a</size>
         <input_file_ref idref="fl-15"/>
      </object_component>
      <object_component id="oc-544">
         <name>.text:getCountsRTC</name>
         <load_address>0x20011aba</load_address>
         <run_address>0x20011aba</run_address>
         <size>0x3a</size>
         <input_file_ref idref="fl-1d"/>
      </object_component>
      <object_component id="oc-71d">
         <name>.text:PRCMLPDSEnterKeepDebugIf</name>
         <load_address>0x20011af4</load_address>
         <run_address>0x20011af4</run_address>
         <size>0x38</size>
         <input_file_ref idref="fl-25"/>
      </object_component>
      <object_component id="oc-9d9">
         <name>.text:TimerCC32XX_hwiIntFunction</name>
         <load_address>0x20011b2c</load_address>
         <run_address>0x20011b2c</run_address>
         <size>0x38</size>
         <input_file_ref idref="fl-15"/>
      </object_component>
      <object_component id="oc-db">
         <name>.text:addToList</name>
         <load_address>0x20011b64</load_address>
         <run_address>0x20011b64</run_address>
         <size>0x38</size>
         <input_file_ref idref="fl-1b"/>
      </object_component>
      <object_component id="oc-59">
         <name>.text:initVectors</name>
         <load_address>0x20011b9c</load_address>
         <run_address>0x20011b9c</run_address>
         <size>0x38</size>
         <input_file_ref idref="fl-1e"/>
      </object_component>
      <object_component id="oc-6ee">
         <name>.text:notify</name>
         <load_address>0x20011bd4</load_address>
         <run_address>0x20011bd4</run_address>
         <size>0x38</size>
         <input_file_ref idref="fl-13"/>
      </object_component>
      <object_component id="oc-6ca">
         <name>.text</name>
         <load_address>0x20011c0c</load_address>
         <run_address>0x20011c0c</run_address>
         <size>0x38</size>
         <input_file_ref idref="fl-e1"/>
      </object_component>
      <object_component id="oc-6c0">
         <name>.text</name>
         <load_address>0x20011c44</load_address>
         <run_address>0x20011c44</run_address>
         <size>0x38</size>
         <input_file_ref idref="fl-e2"/>
      </object_component>
      <object_component id="oc-aa2">
         <name>.text:TimerControlStall</name>
         <load_address>0x20011c7c</load_address>
         <run_address>0x20011c7c</run_address>
         <size>0x36</size>
         <input_file_ref idref="fl-26"/>
      </object_component>
      <object_component id="oc-754">
         <name>.text:UARTCC32XX_readCancel</name>
         <load_address>0x20011cb2</load_address>
         <run_address>0x20011cb2</run_address>
         <size>0x36</size>
         <input_file_ref idref="fl-16"/>
      </object_component>
      <object_component id="oc-532">
         <name>.text:ClockP_getTicksUntilInterrupt</name>
         <load_address>0x20011ce8</load_address>
         <run_address>0x20011ce8</run_address>
         <size>0x34</size>
         <input_file_ref idref="fl-1b"/>
      </object_component>
      <object_component id="oc-6df">
         <name>.text:ClockP_startup</name>
         <load_address>0x20011d1c</load_address>
         <run_address>0x20011d1c</run_address>
         <size>0x34</size>
         <input_file_ref idref="fl-1b"/>
      </object_component>
      <object_component id="oc-286">
         <name>.text:PinModeGet</name>
         <load_address>0x20011d50</load_address>
         <run_address>0x20011d50</run_address>
         <size>0x34</size>
         <input_file_ref idref="fl-24"/>
      </object_component>
      <object_component id="oc-8fe">
         <name>.text:PowerCC32XX_restoreParkState</name>
         <load_address>0x20011d84</load_address>
         <run_address>0x20011d84</run_address>
         <size>0x34</size>
         <input_file_ref idref="fl-13"/>
      </object_component>
      <object_component id="oc-9b7">
         <name>.text:TimerCC32XX_freeTimerResource</name>
         <load_address>0x20011db8</load_address>
         <run_address>0x20011db8</run_address>
         <size>0x34</size>
         <input_file_ref idref="fl-15"/>
      </object_component>
      <object_component id="oc-a96">
         <name>.text:getPowerMgrId</name>
         <load_address>0x20011dec</load_address>
         <run_address>0x20011dec</run_address>
         <size>0x34</size>
         <input_file_ref idref="fl-15"/>
      </object_component>
      <object_component id="oc-15f">
         <name>.text:mainThread</name>
         <load_address>0x20011e20</load_address>
         <run_address>0x20011e20</run_address>
         <size>0x34</size>
         <input_file_ref idref="fl-2"/>
      </object_component>
      <object_component id="oc-475">
         <name>.text:ClockP_start</name>
         <load_address>0x20011e54</load_address>
         <run_address>0x20011e54</run_address>
         <size>0x30</size>
         <input_file_ref idref="fl-1b"/>
      </object_component>
      <object_component id="oc-8ce">
         <name>.text:PowerCC32XX_restoreParkedPin</name>
         <load_address>0x20011e84</load_address>
         <run_address>0x20011e84</run_address>
         <size>0x30</size>
         <input_file_ref idref="fl-13"/>
      </object_component>
      <object_component id="oc-3dd">
         <name>.text:_outs</name>
         <load_address>0x20011eb4</load_address>
         <run_address>0x20011eb4</run_address>
         <size>0x30</size>
         <input_file_ref idref="fl-df"/>
      </object_component>
      <object_component id="oc-797">
         <name>.text</name>
         <load_address>0x20011ee4</load_address>
         <run_address>0x20011ee4</run_address>
         <size>0x2e</size>
         <input_file_ref idref="fl-f2"/>
      </object_component>
      <object_component id="oc-91f">
         <name>.text:PowerCC32XX_getParkState</name>
         <load_address>0x20011f14</load_address>
         <run_address>0x20011f14</run_address>
         <size>0x2c</size>
         <input_file_ref idref="fl-13"/>
      </object_component>
      <object_component id="oc-49d">
         <name>.text:HwiP_create</name>
         <load_address>0x20011f40</load_address>
         <run_address>0x20011f40</run_address>
         <size>0x2a</size>
         <input_file_ref idref="fl-1c"/>
      </object_component>
      <object_component id="oc-9e6">
         <name>.text:TimerLoadSet</name>
         <load_address>0x20011f6a</load_address>
         <run_address>0x20011f6a</run_address>
         <size>0x2a</size>
         <input_file_ref idref="fl-26"/>
      </object_component>
      <object_component id="oc-9e0">
         <name>.text:TimerPrescaleSet</name>
         <load_address>0x20011f94</load_address>
         <run_address>0x20011f94</run_address>
         <size>0x2a</size>
         <input_file_ref idref="fl-26"/>
      </object_component>
      <object_component id="oc-615">
         <name>.text:I2CFIFODataPutNonBlocking</name>
         <load_address>0x20011fbe</load_address>
         <run_address>0x20011fbe</run_address>
         <size>0x28</size>
         <input_file_ref idref="fl-22"/>
      </object_component>
      <object_component id="oc-280">
         <name>.text:PRCMPeripheralClkDisable</name>
         <load_address>0x20011fe8</load_address>
         <run_address>0x20011fe8</run_address>
         <size>0x28</size>
         <input_file_ref idref="fl-25"/>
      </object_component>
      <object_component id="oc-32c">
         <name>.text:Power_registerNotify</name>
         <load_address>0x20012010</load_address>
         <run_address>0x20012010</run_address>
         <size>0x28</size>
         <input_file_ref idref="fl-13"/>
      </object_component>
      <object_component id="oc-688">
         <name>.text:free_list_insert</name>
         <load_address>0x20012038</load_address>
         <run_address>0x20012038</run_address>
         <size>0x28</size>
         <input_file_ref idref="fl-e9"/>
      </object_component>
      <object_component id="oc-7f3">
         <name>.text:I2CFIFODataGetNonBlocking</name>
         <load_address>0x20012060</load_address>
         <run_address>0x20012060</run_address>
         <size>0x26</size>
         <input_file_ref idref="fl-22"/>
      </object_component>
      <object_component id="oc-648">
         <name>.text:I2C_cancel</name>
         <load_address>0x20012086</load_address>
         <run_address>0x20012086</run_address>
         <size>0x26</size>
         <input_file_ref idref="fl-e"/>
      </object_component>
      <object_component id="oc-4c4">
         <name>.text:List_put</name>
         <load_address>0x200120ac</load_address>
         <run_address>0x200120ac</run_address>
         <size>0x26</size>
         <input_file_ref idref="fl-17"/>
      </object_component>
      <object_component id="oc-a29">
         <name>.text:List_remove</name>
         <load_address>0x200120d2</load_address>
         <run_address>0x200120d2</run_address>
         <size>0x26</size>
         <input_file_ref idref="fl-17"/>
      </object_component>
      <object_component id="oc-5d6">
         <name>.text:HwiP_dispatch</name>
         <load_address>0x200120f8</load_address>
         <run_address>0x200120f8</run_address>
         <size>0x24</size>
         <input_file_ref idref="fl-1c"/>
      </object_component>
      <object_component id="oc-919">
         <name>.text:PowerCC32XX_reset</name>
         <load_address>0x2001211c</load_address>
         <run_address>0x2001211c</run_address>
         <size>0x24</size>
         <input_file_ref idref="fl-13"/>
      </object_component>
      <object_component id="oc-c5">
         <name>.text:_c_int00_noargs:_c_int00_noargs</name>
         <load_address>0x20012140</load_address>
         <run_address>0x20012140</run_address>
         <size>0x24</size>
         <input_file_ref idref="fl-ea"/>
      </object_component>
      <object_component id="oc-7fb">
         <name>.text:I2CMasterSlaveAddrSet</name>
         <load_address>0x20012164</load_address>
         <run_address>0x20012164</run_address>
         <size>0x22</size>
         <input_file_ref idref="fl-22"/>
      </object_component>
      <object_component id="oc-a21">
         <name>.text:HwiP_destruct</name>
         <load_address>0x20012186</load_address>
         <run_address>0x20012186</run_address>
         <size>0x20</size>
         <input_file_ref idref="fl-1c"/>
      </object_component>
      <object_component id="oc-8f2">
         <name>.text:Power_unregisterNotify</name>
         <load_address>0x200121a8</load_address>
         <run_address>0x200121a8</run_address>
         <size>0x20</size>
         <input_file_ref idref="fl-13"/>
      </object_component>
      <object_component id="oc-905">
         <name>.text:RingBuf_peek</name>
         <load_address>0x200121c8</load_address>
         <run_address>0x200121c8</run_address>
         <size>0x20</size>
         <input_file_ref idref="fl-18"/>
      </object_component>
      <object_component id="oc-913">
         <name>.text:getPowerMgrId</name>
         <load_address>0x200121e8</load_address>
         <run_address>0x200121e8</run_address>
         <size>0x20</size>
         <input_file_ref idref="fl-16"/>
      </object_component>
      <object_component id="oc-5f1">
         <name>.text:I2CMasterIntStatusEx</name>
         <load_address>0x20012208</load_address>
         <run_address>0x20012208</run_address>
         <size>0x1e</size>
         <input_file_ref idref="fl-22"/>
      </object_component>
      <object_component id="oc-418">
         <name>.text:SemaphoreP_constructBinary</name>
         <load_address>0x20012226</load_address>
         <run_address>0x20012226</run_address>
         <size>0x1e</size>
         <input_file_ref idref="fl-1a"/>
      </object_component>
      <object_component id="oc-9fa">
         <name>.text:TimerDisable</name>
         <load_address>0x20012244</load_address>
         <run_address>0x20012244</run_address>
         <size>0x1e</size>
         <input_file_ref idref="fl-26"/>
      </object_component>
      <object_component id="oc-9f3">
         <name>.text:TimerEnable</name>
         <load_address>0x20012262</load_address>
         <run_address>0x20012262</run_address>
         <size>0x1e</size>
         <input_file_ref idref="fl-26"/>
      </object_component>
      <object_component id="oc-8ab">
         <name>.text:PinToPadGet</name>
         <load_address>0x20012280</load_address>
         <run_address>0x20012280</run_address>
         <size>0x1c</size>
         <input_file_ref idref="fl-24"/>
      </object_component>
      <object_component id="oc-526">
         <name>.text:SwiP_disable</name>
         <load_address>0x2001229c</load_address>
         <run_address>0x2001229c</run_address>
         <size>0x1c</size>
         <input_file_ref idref="fl-1f"/>
      </object_component>
      <object_component id="oc-682">
         <name>.text:free_list_remove</name>
         <load_address>0x200122b8</load_address>
         <run_address>0x200122b8</run_address>
         <size>0x1c</size>
         <input_file_ref idref="fl-e9"/>
      </object_component>
      <object_component id="oc-5ac">
         <name>.text:memccpy</name>
         <load_address>0x200122d4</load_address>
         <run_address>0x200122d4</run_address>
         <size>0x1c</size>
         <input_file_ref idref="fl-fd"/>
      </object_component>
      <object_component id="oc-92b">
         <name>.text:ClockP_create</name>
         <load_address>0x200122f0</load_address>
         <run_address>0x200122f0</run_address>
         <size>0x1a</size>
         <input_file_ref idref="fl-1b"/>
      </object_component>
      <object_component id="oc-302">
         <name>.text:SemaphoreP_createBinary</name>
         <load_address>0x2001230a</load_address>
         <run_address>0x2001230a</run_address>
         <size>0x1a</size>
         <input_file_ref idref="fl-1a"/>
      </object_component>
      <object_component id="oc-21">
         <name>.text:resetISR</name>
         <load_address>0x20012324</load_address>
         <run_address>0x20012324</run_address>
         <size>0x1a</size>
         <input_file_ref idref="fl-1e"/>
      </object_component>
      <object_component id="oc-832">
         <name>.text:I2CMasterBusBusy</name>
         <load_address>0x2001233e</load_address>
         <run_address>0x2001233e</run_address>
         <size>0x18</size>
         <input_file_ref idref="fl-22"/>
      </object_component>
      <object_component id="oc-603">
         <name>.text:I2CMasterIntDisableEx</name>
         <load_address>0x20012356</load_address>
         <run_address>0x20012356</run_address>
         <size>0x18</size>
         <input_file_ref idref="fl-22"/>
      </object_component>
      <object_component id="oc-80d">
         <name>.text:I2CMasterIntEnableEx</name>
         <load_address>0x2001236e</load_address>
         <run_address>0x2001236e</run_address>
         <size>0x18</size>
         <input_file_ref idref="fl-22"/>
      </object_component>
      <object_component id="oc-82c">
         <name>.text:I2CRxFIFOFlush</name>
         <load_address>0x20012386</load_address>
         <run_address>0x20012386</run_address>
         <size>0x18</size>
         <input_file_ref idref="fl-22"/>
      </object_component>
      <object_component id="oc-826">
         <name>.text:I2CTxFIFOFlush</name>
         <load_address>0x2001239e</load_address>
         <run_address>0x2001239e</run_address>
         <size>0x18</size>
         <input_file_ref idref="fl-22"/>
      </object_component>
      <object_component id="oc-538">
         <name>.text:Power_getTransitionLatency</name>
         <load_address>0x200123b8</load_address>
         <run_address>0x200123b8</run_address>
         <size>0x18</size>
         <input_file_ref idref="fl-13"/>
      </object_component>
      <object_component id="oc-877">
         <name>.text:Power_idleFunc</name>
         <load_address>0x200123d0</load_address>
         <run_address>0x200123d0</run_address>
         <size>0x18</size>
         <input_file_ref idref="fl-13"/>
      </object_component>
      <object_component id="oc-84e">
         <name>.text:TimerCC32XX_getCount</name>
         <load_address>0x200123e8</load_address>
         <run_address>0x200123e8</run_address>
         <size>0x18</size>
         <input_file_ref idref="fl-15"/>
      </object_component>
      <object_component id="oc-a00">
         <name>.text:TimerIntDisable</name>
         <load_address>0x20012400</load_address>
         <run_address>0x20012400</run_address>
         <size>0x18</size>
         <input_file_ref idref="fl-26"/>
      </object_component>
      <object_component id="oc-9ed">
         <name>.text:TimerIntEnable</name>
         <load_address>0x20012418</load_address>
         <run_address>0x20012418</run_address>
         <size>0x18</size>
         <input_file_ref idref="fl-26"/>
      </object_component>
      <object_component id="oc-962">
         <name>.text:UARTBusy</name>
         <load_address>0x20012430</load_address>
         <run_address>0x20012430</run_address>
         <size>0x18</size>
         <input_file_ref idref="fl-27"/>
      </object_component>
      <object_component id="oc-a7d">
         <name>.text:UARTIntEnable</name>
         <load_address>0x20012448</load_address>
         <run_address>0x20012448</run_address>
         <size>0x18</size>
         <input_file_ref idref="fl-27"/>
      </object_component>
      <object_component id="oc-2a7">
         <name>.text:UART_Params_init</name>
         <load_address>0x20012460</load_address>
         <run_address>0x20012460</run_address>
         <size>0x18</size>
         <input_file_ref idref="fl-10"/>
      </object_component>
      <object_component id="oc-3e3">
         <name>.text:_outc</name>
         <load_address>0x20012478</load_address>
         <run_address>0x20012478</run_address>
         <size>0x18</size>
         <input_file_ref idref="fl-df"/>
      </object_component>
      <object_component id="oc-358">
         <name>.text:gpioButtonFxn0</name>
         <load_address>0x20012490</load_address>
         <run_address>0x20012490</run_address>
         <size>0x18</size>
         <input_file_ref idref="fl-2"/>
      </object_component>
      <object_component id="oc-35e">
         <name>.text:gpioButtonFxn1</name>
         <load_address>0x200124a8</load_address>
         <run_address>0x200124a8</run_address>
         <size>0x18</size>
         <input_file_ref idref="fl-2"/>
      </object_component>
      <object_component id="oc-555">
         <name>.text</name>
         <load_address>0x200124c0</load_address>
         <run_address>0x200124c0</run_address>
         <size>0x18</size>
         <input_file_ref idref="fl-e3"/>
      </object_component>
      <object_component id="oc-2fa">
         <name>.text:timerCallback</name>
         <load_address>0x200124d8</load_address>
         <run_address>0x200124d8</run_address>
         <size>0x18</size>
         <input_file_ref idref="fl-2"/>
      </object_component>
      <object_component id="oc-807">
         <name>.text:I2CMasterBurstLengthSet</name>
         <load_address>0x200124f0</load_address>
         <run_address>0x200124f0</run_address>
         <size>0x16</size>
         <input_file_ref idref="fl-22"/>
      </object_component>
      <object_component id="oc-26e">
         <name>.text:PRCMHIBRegRead</name>
         <load_address>0x20012506</load_address>
         <run_address>0x20012506</run_address>
         <size>0x16</size>
         <input_file_ref idref="fl-25"/>
      </object_component>
      <object_component id="oc-268">
         <name>.text:PRCMHIBRegWrite</name>
         <load_address>0x2001251c</load_address>
         <run_address>0x2001251c</run_address>
         <size>0x16</size>
         <input_file_ref idref="fl-25"/>
      </object_component>
      <object_component id="oc-45d">
         <name>.text:SemaphoreP_create</name>
         <load_address>0x20012532</load_address>
         <run_address>0x20012532</run_address>
         <size>0x16</size>
         <input_file_ref idref="fl-1a"/>
      </object_component>
      <object_component id="oc-7c8">
         <name>.text:strchr</name>
         <load_address>0x20012548</load_address>
         <run_address>0x20012548</run_address>
         <size>0x16</size>
         <input_file_ref idref="fl-fe"/>
      </object_component>
      <object_component id="oc-a3">
         <name>.text:CPUcpsid</name>
         <load_address>0x2001255e</load_address>
         <run_address>0x2001255e</run_address>
         <size>0x14</size>
         <input_file_ref idref="fl-21"/>
      </object_component>
      <object_component id="oc-4cb">
         <name>.text:HwiP_inISR</name>
         <load_address>0x20012574</load_address>
         <run_address>0x20012574</run_address>
         <size>0x14</size>
         <input_file_ref idref="fl-1c"/>
      </object_component>
      <object_component id="oc-83a">
         <name>.text:I2CSupport_masterFinish</name>
         <load_address>0x20012588</load_address>
         <run_address>0x20012588</run_address>
         <size>0x14</size>
         <input_file_ref idref="fl-12"/>
      </object_component>
      <object_component id="oc-2d3">
         <name>.text:I2C_transfer</name>
         <load_address>0x2001259c</load_address>
         <run_address>0x2001259c</run_address>
         <size>0x14</size>
         <input_file_ref idref="fl-e"/>
      </object_component>
      <object_component id="oc-af">
         <name>.text:IntVTableBaseSet</name>
         <load_address>0x200125b0</load_address>
         <run_address>0x200125b0</run_address>
         <size>0x14</size>
         <input_file_ref idref="fl-23"/>
      </object_component>
      <object_component id="oc-4d1">
         <name>.text:Power_disablePolicy</name>
         <load_address>0x200125c4</load_address>
         <run_address>0x200125c4</run_address>
         <size>0x14</size>
         <input_file_ref idref="fl-13"/>
      </object_component>
      <object_component id="oc-8c7">
         <name>.text:Power_getDependencyCount</name>
         <load_address>0x200125d8</load_address>
         <run_address>0x200125d8</run_address>
         <size>0x14</size>
         <input_file_ref idref="fl-13"/>
      </object_component>
      <object_component id="oc-a77">
         <name>.text:releasePowerConstraint</name>
         <load_address>0x200125ec</load_address>
         <run_address>0x200125ec</run_address>
         <size>0x14</size>
         <input_file_ref idref="fl-16"/>
      </object_component>
      <object_component id="oc-57d">
         <name>.text:strlen</name>
         <load_address>0x20012600</load_address>
         <run_address>0x20012600</run_address>
         <size>0x14</size>
         <input_file_ref idref="fl-ff"/>
      </object_component>
      <object_component id="oc-40c">
         <name>.text:HwiP_Params_init</name>
         <load_address>0x20012614</load_address>
         <run_address>0x20012614</run_address>
         <size>0x12</size>
         <input_file_ref idref="fl-1c"/>
      </object_component>
      <object_component id="oc-5f7">
         <name>.text:I2CMasterIntClearEx</name>
         <load_address>0x20012626</load_address>
         <run_address>0x20012626</run_address>
         <size>0x12</size>
         <input_file_ref idref="fl-22"/>
      </object_component>
[...]
      </symbol>
      <symbol id="sm-b85">
         <name>HwiP_disableInterrupt</name>
         <value>0x2001277d</value>
         <object_component_ref idref="oc-636"/>
      </symbol>
      <symbol id="sm-bb5">
         <name>PowerCC32XX_initPolicy</name>
         <value>0x2000e33b</value>
         <object_component_ref idref="oc-3b6"/>
      </symbol>
      <symbol id="sm-bb6">
         <name>PowerCC32XX_sleepPolicy</name>
         <value>0x2000db65</value>
         <object_component_ref idref="oc-3bc"/>
      </symbol>
      <symbol id="sm-c0b">
         <name>resetISR</name>
         <value>0x20012325</value>
         <object_component_ref idref="oc-21"/>
      </symbol>
      <symbol id="sm-c0c">
         <name>resetVectorAddr</name>
         <value>0x20012338</value>
         <object_component_ref idref="oc-21"/>
      </symbol>
      <symbol id="sm-c0d">
         <name>initVectors</name>
         <value>0x20011b9d</value>
         <object_component_ref idref="oc-59"/>
      </symbol>
      <symbol id="sm-c0e">
         <name>resetVectors</name>
         <value>0x20004000</value>
         <object_component_ref idref="oc-27"/>
      </symbol>
      <symbol id="sm-c3e">
         <name>SwiP_disable</name>
         <value>0x2001229d</value>
         <object_component_ref idref="oc-526"/>
      </symbol>
      <symbol id="sm-c3f">
         <name>SwiP_restore</name>
         <value>0x200116f5</value>
         <object_component_ref idref="oc-560"/>
      </symbol>
      <symbol id="sm-c4a">
         <name>CPUcpsid</name>
         <value>0x2001255f</value>
         <object_component_ref idref="oc-a3"/>
      </symbol>
      <symbol id="sm-cb7">
         <name>I2CRxFIFOFlush</name>
         <value>0x20012387</value>
         <object_component_ref idref="oc-82c"/>
      </symbol>
      <symbol id="sm-cb8">
         <name>I2CTxFIFOFlush</name>
         <value>0x2001239f</value>
         <object_component_ref idref="oc-826"/>
      </symbol>
      <symbol id="sm-cb9">
         <name>I2CFIFODataPutNonBlocking</name>
         <value>0x20011fbf</value>
         <object_component_ref idref="oc-615"/>
      </symbol>
      <symbol id="sm-cba">
         <name>I2CMasterBusBusy</name>
         <value>0x2001233f</value>
         <object_component_ref idref="oc-832"/>
      </symbol>
      <symbol id="sm-cbb">
         <name>I2CMasterIntDisableEx</name>
         <value>0x20012357</value>
         <object_component_ref idref="oc-603"/>
      </symbol>
      <symbol id="sm-cbc">
         <name>I2CMasterBurstLengthSet</name>
         <value>0x200124f1</value>
         <object_component_ref idref="oc-807"/>
      </symbol>
      <symbol id="sm-cbd">
         <name>I2CMasterIntClearEx</name>
         <value>0x20012627</value>
         <object_component_ref idref="oc-5f7"/>
      </symbol>
      <symbol id="sm-cbe">
         <name>I2CMasterSlaveAddrSet</name>
         <value>0x20012165</value>
         <object_component_ref idref="oc-7fb"/>
      </symbol>
      <symbol id="sm-cbf">
         <name>I2CMasterIntEnableEx</name>
         <value>0x2001236f</value>
         <object_component_ref idref="oc-80d"/>
      </symbol>
      <symbol id="sm-cc0">
         <name>I2CFIFOStatus</name>
         <value>0x20012701</value>
         <object_component_ref idref="oc-61b"/>
      </symbol>
      <symbol id="sm-cc1">
         <name>I2CMasterIntStatusEx</name>
         <value>0x20012209</value>
         <object_component_ref idref="oc-5f1"/>
      </symbol>
      <symbol id="sm-cc2">
         <name>I2CFIFODataGetNonBlocking</name>
         <value>0x20012061</value>
         <object_component_ref idref="oc-7f3"/>
      </symbol>
      <symbol id="sm-d07">
         <name>IntVTableBaseSet</name>
         <value>0x200125b1</value>
         <object_component_ref idref="oc-af"/>
      </symbol>
      <symbol id="sm-d08">
         <name>IntEnable</name>
         <value>0x2000f935</value>
         <object_component_ref idref="oc-b5"/>
      </symbol>
      <symbol id="sm-d09">
         <name>IntMasterDisable</name>
         <value>0x2001282d</value>
         <object_component_ref idref="oc-53"/>
      </symbol>
      <symbol id="sm-d0a">
         <name>IntPendSet</name>
         <value>0x20010081</value>
         <object_component_ref idref="oc-8dd"/>
      </symbol>
      <symbol id="sm-d44">
         <name>PinModeGet</name>
         <value>0x20011d51</value>
         <object_component_ref idref="oc-286"/>
      </symbol>
      <symbol id="sm-d45">
         <name>PinConfigSet</name>
         <value>0x20010109</value>
         <object_component_ref idref="oc-497"/>
      </symbol>
      <symbol id="sm-d46">
         <name>PinModeSet</name>
         <value>0x20011889</value>
         <object_component_ref idref="oc-28c"/>
      </symbol>
      <symbol id="sm-d47">
         <name>PinToPadGet</name>
         <value>0x20012281</value>
         <object_component_ref idref="oc-8ab"/>
      </symbol>
      <symbol id="sm-e10">
         <name>PRCMLPDSRestoreInfoSet</name>
         <value>0x20011629</value>
         <object_component_ref idref="oc-8bf"/>
      </symbol>
      <symbol id="sm-e11">
         <name>PRCMPeripheralReset</name>
         <value>0x20010d9d</value>
         <object_component_ref idref="oc-27a"/>
      </symbol>
      <symbol id="sm-e12">
         <name>PRCMLPDSEnter</name>
         <value>0x20011439</value>
         <object_component_ref idref="oc-717"/>
      </symbol>
      <symbol id="sm-e13">
         <name>PRCMPeripheralClkEnable</name>
         <value>0x20011481</value>
         <object_component_ref idref="oc-274"/>
      </symbol>
      <symbol id="sm-e14">
         <name>PRCMLPDSEnterKeepDebugIf</name>
         <value>0x20011af5</value>
         <object_component_ref idref="oc-71d"/>
      </symbol>
      <symbol id="sm-e15">
         <name>PRCMCC3200MCUInit</name>
         <value>0x2000ca91</value>
         <object_component_ref idref="oc-1ce"/>
      </symbol>
      <symbol id="sm-e16">
         <name>PRCMHIBRegWrite</name>
         <value>0x2001251d</value>
         <object_component_ref idref="oc-268"/>
      </symbol>
      <symbol id="sm-e17">
         <name>PRCMSysResetCauseGet</name>
         <value>0x20010bd1</value>
         <object_component_ref idref="oc-261"/>
      </symbol>
      <symbol id="sm-e18">
         <name>PRCMPeripheralClkDisable</name>
         <value>0x20011fe9</value>
         <object_component_ref idref="oc-280"/>
      </symbol>
      <symbol id="sm-e19">
         <name>PRCMHIBRegRead</name>
         <value>0x20012507</value>
         <object_component_ref idref="oc-26e"/>
      </symbol>
      <symbol id="sm-e61">
         <name>TimerLoadSet</name>
         <value>0x20011f6b</value>
         <object_component_ref idref="oc-9e6"/>
      </symbol>
      <symbol id="sm-e62">
         <name>TimerDisable</name>
         <value>0x20012245</value>
         <object_component_ref idref="oc-9fa"/>
      </symbol>
      <symbol id="sm-e63">
         <name>TimerEnable</name>
         <value>0x20012263</value>
         <object_component_ref idref="oc-9f3"/>
      </symbol>
      <symbol id="sm-e64">
         <name>TimerIntDisable</name>
         <value>0x20012401</value>
         <object_component_ref idref="oc-a00"/>
      </symbol>
      <symbol id="sm-e65">
         <name>TimerPrescaleSet</name>
         <value>0x20011f95</value>
         <object_component_ref idref="oc-9e0"/>
      </symbol>
      <symbol id="sm-e66">
         <name>TimerControlStall</name>
         <value>0x20011c7d</value>
         <object_component_ref idref="oc-aa2"/>
      </symbol>
      <symbol id="sm-e67">
         <name>TimerIntEnable</name>
         <value>0x20012419</value>
         <object_component_ref idref="oc-9ed"/>
      </symbol>
      <symbol id="sm-e68">
         <name>TimerIntClear</name>
         <value>0x2001264b</value>
         <object_component_ref idref="oc-aaa"/>
      </symbol>
      <symbol id="sm-e7c">
         <name>UARTBusy</name>
         <value>0x20012431</value>
         <object_component_ref idref="oc-962"/>
      </symbol>
      <symbol id="sm-e7d">
         <name>UARTIntEnable</name>
         <value>0x20012449</value>
         <object_component_ref idref="oc-a7d"/>
      </symbol>
      <symbol id="sm-e81">
         <name>UtilsDelay</name>
         <value>0x20012887</value>
         <object_component_ref idref="oc-267"/>
      </symbol>
      <symbol id="sm-e91">
         <name>FlashDisable</name>
         <value>0x200113f1</value>
         <object_component_ref idref="oc-8d5"/>
      </symbol>
      <symbol id="sm-ec0">
         <name>snprintf</name>
         <value>0x200113a5</value>
         <object_component_ref idref="oc-2b5"/>
      </symbol>
      <symbol id="sm-eca">
         <name>__aeabi_fmul</name>
         <value>0x2001061f</value>
         <object_component_ref idref="oc-6c5"/>
      </symbol>
      <symbol id="sm-ed4">
         <name>__aeabi_f2iz</name>
         <value>0x20011c0d</value>
         <object_component_ref idref="oc-6ca"/>
      </symbol>
      <symbol id="sm-edf">
         <name>__aeabi_i2f</name>
         <value>0x20011c45</value>
         <object_component_ref idref="oc-6c0"/>
      </symbol>
      <symbol id="sm-ee8">
         <name>__aeabi_lmul</name>
         <value>0x200124c1</value>
         <object_component_ref idref="oc-555"/>
      </symbol>
      <symbol id="sm-f03">
         <name>memcpy</name>
         <value>0x2000fd05</value>
         <object_component_ref idref="oc-3b"/>
      </symbol>
      <symbol id="sm-f04">
         <name>__aeabi_memcpy</name>
         <value>0x2000fd05</value>
         <object_component_ref idref="oc-3b"/>
      </symbol>
      <symbol id="sm-f05">
         <name>__aeabi_memcpy8</name>
         <value>0x2000fd05</value>
         <object_component_ref idref="oc-3b"/>
      </symbol>
      <symbol id="sm-f06">
         <name>__aeabi_memcpy4</name>
         <value>0x2000fd05</value>
         <object_component_ref idref="oc-3b"/>
      </symbol>
      <symbol id="sm-f13">
         <name>__aeabi_uldivmod</name>
         <value>0x2000fe39</value>
         <object_component_ref idref="oc-54a"/>
      </symbol>
      <symbol id="sm-f25">
         <name>__TI_zero_init</name>
         <value>0x200127f5</value>
         <object_component_ref idref="oc-4d"/>
      </symbol>
      <symbol id="sm-f3c">
         <name>__TI_decompress_none</name>
         <value>0x200127c3</value>
         <object_component_ref idref="oc-1a"/>
      </symbol>
      <symbol id="sm-f5f">
         <name>__TI_decompress_lzss</name>
         <value>0x20010a39</value>
         <object_component_ref idref="oc-14"/>
      </symbol>
      <symbol id="sm-fe8">
         <name>_sys_memory</name>
         <value>0x20004040</value>
         <object_component_ref idref="oc-2a"/>
      </symbol>
      <symbol id="sm-fe9">
         <name>free</name>
         <value>0x2000eedd</value>
         <object_component_ref idref="oc-468"/>
      </symbol>
      <symbol id="sm-fea">
         <name>memalign</name>
         <value>0x2000e9f9</value>
         <object_component_ref idref="oc-87f"/>
      </symbol>
      <symbol id="sm-feb">
         <name>malloc</name>
         <value>0x2001285d</value>
         <object_component_ref idref="oc-668"/>
      </symbol>
      <symbol id="sm-fec">
         <name>aligned_alloc</name>
         <value>0x2000e9f9</value>
         <object_component_ref idref="oc-87f"/>
      </symbol>
      <symbol id="sm-ffe">
         <name>__stack</name>
         <value>0x20003000</value>
         <object_component_ref idref="oc-2d"/>
      </symbol>
      <symbol id="sm-fff">
         <name>_c_int00_noargs</name>
         <value>0x20012141</value>
         <object_component_ref idref="oc-c5"/>
      </symbol>
      <symbol id="sm-1164">
         <name>__TI_printfi</name>
         <value>0x2000c041</value>
         <object_component_ref idref="oc-3d7"/>
      </symbol>
      <symbol id="sm-116e">
         <name>__aeabi_idiv0</name>
         <value>0x200110eb</value>
         <object_component_ref idref="oc-6e8"/>
      </symbol>
      <symbol id="sm-116f">
         <name>__aeabi_ldiv0</name>
         <value>0x200110eb</value>
         <object_component_ref idref="oc-6e8"/>
      </symbol>
      <symbol id="sm-1186">
         <name>__aeabi_dsub</name>
         <value>0x2000d9ad</value>
         <object_component_ref idref="oc-79c"/>
      </symbol>
      <symbol id="sm-1187">
         <name>__aeabi_dadd</name>
         <value>0x2000d9b7</value>
         <object_component_ref idref="oc-79c"/>
      </symbol>
      <symbol id="sm-11a9">
         <name>__aeabi_cdcmpeq</name>
         <value>0x20010219</value>
         <object_component_ref idref="oc-58f"/>
      </symbol>
      <symbol id="sm-11aa">
         <name>__aeabi_cdcmple</name>
         <value>0x20010219</value>
         <object_component_ref idref="oc-58f"/>
      </symbol>
      <symbol id="sm-11ab">
         <name>__aeabi_cdrcmple</name>
         <value>0x2001029f</value>
         <object_component_ref idref="oc-787"/>
      </symbol>
      <symbol id="sm-11bf">
         <name>__aeabi_ddiv</name>
         <value>0x2000e205</value>
         <object_component_ref idref="oc-782"/>
      </symbol>
      <symbol id="sm-11ca">
         <name>__aeabi_dmul</name>
         <value>0x2000ebf5</value>
         <object_component_ref idref="oc-77d"/>
      </symbol>
      <symbol id="sm-11d4">
         <name>__aeabi_d2iz</name>
         <value>0x20011511</value>
         <object_component_ref idref="oc-78c"/>
      </symbol>
      <symbol id="sm-11de">
         <name>__aeabi_i2d</name>
         <value>0x20011ee5</value>
         <object_component_ref idref="oc-797"/>
      </symbol>
      <symbol id="sm-11ed">
         <name>__aeabi_memset</name>
         <value>0x2001069b</value>
         <object_component_ref idref="oc-9d"/>
      </symbol>
      <symbol id="sm-11ee">
         <name>memset</name>
         <value>0x200106a1</value>
         <object_component_ref idref="oc-9d"/>
      </symbol>
      <symbol id="sm-11ef">
         <name>__aeabi_memset8</name>
         <value>0x2001069b</value>
         <object_component_ref idref="oc-9d"/>
      </symbol>
      <symbol id="sm-11f0">
         <name>__aeabi_memset4</name>
         <value>0x2001069b</value>
         <object_component_ref idref="oc-9d"/>
      </symbol>
      <symbol id="sm-11f1">
         <name>__aeabi_memclr8</name>
         <value>0x20010699</value>
         <object_component_ref idref="oc-9d"/>
      </symbol>
      <symbol id="sm-11f2">
         <name>__aeabi_memclr4</name>
         <value>0x20010699</value>
         <object_component_ref idref="oc-9d"/>
      </symbol>
      <symbol id="sm-11f3">
         <name>__aeabi_memclr</name>
         <value>0x20010699</value>
         <object_component_ref idref="oc-9d"/>
      </symbol>
      <symbol id="sm-121b">
         <name>__TI_auto_init_nobinit_nopinit</name>
         <value>0x200117c1</value>
         <object_component_ref idref="oc-172"/>
      </symbol>
      <symbol id="sm-1225">
         <name>_system_pre_init</name>
         <value>0x20012899</value>
         <object_component_ref idref="oc-114"/>
      </symbol>
      <symbol id="sm-1231">
         <name>C$$EXIT</name>
         <value>0x2001289d</value>
         <object_component_ref idref="oc-166"/>
      </symbol>
      <symbol id="sm-1232">
         <name>abort</name>
         <value>0x2001289d</value>
         <object_component_ref idref="oc-166"/>
      </symbol>
      <symbol id="sm-1247">
         <name>_nop</name>
         <value>0x2000f15b</value>
         <object_component_ref idref="oc-37e"/>
      </symbol>
      <symbol id="sm-1248">
         <name>_lock</name>
         <value>0x20012e50</value>
         <object_component_ref idref="oc-214"/>
      </symbol>
      <symbol id="sm-1249">
         <name>_unlock</name>
         <value>0x20012e54</value>
         <object_component_ref idref="oc-214"/>
      </symbol>
      <symbol id="sm-1258">
         <name>__TI_ltoa</name>
         <value>0x20010ef9</value>
         <object_component_ref idref="oc-791"/>
      </symbol>
      <symbol id="sm-126f">
         <name>atoi</name>
         <value>0x2001130d</value>
         <object_component_ref idref="oc-583"/>
      </symbol>
      <symbol id="sm-127a">
         <name>_ctypes_</name>
         <value>0x20012e7c</value>
         <object_component_ref idref="oc-776"/>
      </symbol>
      <symbol id="sm-128a">
         <name>memccpy</name>
         <value>0x200122d5</value>
         <object_component_ref idref="oc-5ac"/>
      </symbol>
      <symbol id="sm-129a">
         <name>strchr</name>
         <value>0x20012549</value>
         <object_component_ref idref="oc-7c8"/>
      </symbol>
      <symbol id="sm-12a8">
         <name>strlen</name>
         <value>0x20012601</value>
         <object_component_ref idref="oc-57d"/>
      </symbol>
      <symbol id="sm-12be">
         <name>__aeabi_errno_addr</name>
         <value>0x20012855</value>
         <object_component_ref idref="oc-5b8"/>
      </symbol>
      <symbol id="sm-12bf">
         <name>errno</name>
         <value>0x20012e78</value>
         <object_component_ref idref="oc-7d8"/>
      </symbol>
      <symbol id="sm-12d8">
         <name>wcslen</name>
         <value>0x2001266f</value>
         <object_component_ref idref="oc-5b2"/>
      </symbol>
      <symbol id="sm-12f8">
         <name>frexpl</name>
         <value>0x20010c8d</value>
         <object_component_ref idref="oc-7bc"/>
      </symbol>
      <symbol id="sm-12f9">
         <name>frexp</name>
         <value>0x20010c8d</value>
         <object_component_ref idref="oc-7bc"/>
      </symbol>
      <symbol id="sm-1317">
         <name>scalbn</name>
         <value>0x2000efc1</value>
         <object_component_ref idref="oc-7c2"/>
      </symbol>
      <symbol id="sm-1318">
         <name>scalbnl</name>
         <value>0x2000efc1</value>
         <object_component_ref idref="oc-7c2"/>
      </symbol>
      <symbol id="sm-1319">
         <name>ldexpl</name>
         <value>0x2000efc1</value>
         <object_component_ref idref="oc-7c2"/>
      </symbol>
      <symbol id="sm-131a">
         <name>ldexp</name>
         <value>0x2000efc1</value>
         <object_component_ref idref="oc-7c2"/>
      </symbol>
      <symbol id="sm-1324">
         <name>copysign</name>
         <value>0x200127e9</value>
         <object_component_ref idref="oc-98f"/>
      </symbol>
      <symbol id="sm-1325">
         <name>copysignl</name>
         <value>0x200127e9</value>
         <object_component_ref idref="oc-98f"/>
      </symbol>
      <symbol id="sm-1326">
         <name>__TI_static_base__</name>
         <value>0x200137a0</value>
      </symbol>
      <symbol id="sm-1329">
         <name>ITM_flush</name>
         <value>0x0</value>
      </symbol>
      <symbol id="sm-132a">
         <name>ITM_restore</name>
         <value>0x0</value>
      </symbol>
      <symbol id="sm-132b">
         <name>__mpu_init</name>
         <value>0x0</value>
      </symbol>
      <symbol id="sm-132c">
         <name>_system_post_cinit</name>
         <value>0x0</value>
      </symbol>
      <symbol id="sm-132d">
         <name>NoRTOS_start</name>
         <value>0x2001278b</value>
      </symbol>
   </symbol_table>
   <title>Link successful</title>
</link_info>
