******************************************************************************
                  TI ARM Linker PC v20.2.7                     
******************************************************************************
>> Linked Sun Apr 23 00:57:19 2023

OUTPUT FILE NAME:   <gpiointerrupt_CC3220S_LAUNCHXL_nortos_ccs.out>
ENTRY POINT SYMBOL: "resetISR"  address: 20012325


MEMORY CONFIGURATION

         name            origin    length      used     unused   attr    fill
----------------------  --------  ---------  --------  --------  ----  --------
  SRAM2                 20000000   00004000  0000130c  00002cf4  RW X
  SRAM                  20004000   0003c000  0000f8a4  0002c75c  RW X
  LOG_DATA              90000000   00040000  00000000  00040000  R   


SEGMENT ALLOCATION MAP

run origin  load origin   length   init length attrs members
----------  ----------- ---------- ----------- ----- -------
20003000    20003000    00001000   00000000    rw-
  20003000    20003000    00001000   00000000    rw- .stack
20004000    20004000    00000040   00000040    r--
  20004000    20004000    00000040   00000040    r-- .resetVecs
20004040    20004040    00008000   00000000    rw-
  20004040    20004040    00008000   00000000    rw- .sysmem
2000c040    2000c040    00006860   00006860    r-x
  2000c040    2000c040    00006860   00006860    r-x .text
200128a0    200128a0    000005dc   00000000    rw-
  200128a0    200128a0    000005dc   00000000    rw- .data
20012e7c    20012e7c    0000051a   0000051a    r--
  20012e7c    20012e7c    0000051a   0000051a    r-- .const
20013398    20013398    00000406   00000000    rw-
  20013398    20013398    00000406   00000000    rw- .bss
200137a0    200137a0    00000108   00000108    r--
  200137a0    200137a0    00000108   00000108    r-- .cinit


SECTION ALLOCATION MAP

 output                                  attributes/
section   page    origin      length       input sections
--------  ----  ----------  ----------   ----------------
.text      0    2000c040    00006860     
                  2000c040    00000a4e     rtsv7M4_T_le_eabi.lib : _printfi.c.obj (.text:__TI_printfi)
                  2000ca8e    00000002     ti_drivers_config.obj (.text:Board_initHook)
                  2000ca90    0000042c     driverlib.a : prcm.obj (.text:PRCMCC3200MCUInit)
                  2000cebc    00000288     drivers_cc32xx.a : UARTCC32XX.oem4 (.text:UARTCC32XX_open)
                  2000d144    00000268     rtsv7M4_T_le_eabi.lib : _printfi.c.obj (.text:_pconv_a)
                  2000d3ac    00000250     gpiointerrupt.obj (.text:initI2C)
                  2000d5fc    000001e4     drivers_cc32xx.a : GPIOCC32XX.oem4 (.text:GPIO_setConfig)
                  2000d7e0    000001cc     rtsv7M4_T_le_eabi.lib : _printfi.c.obj (.text:_pconv_g)
                  2000d9ac    000001b6                           : fd_add_t2.asm.obj (.text)
                  2000db62    00000002     drivers_cc32xx.a : I2C.oem4 (.text:I2C_init)
                  2000db64    0000019c     nortos_cc32xx.a : PowerCC32XX_nortos.oem4 (.text:PowerCC32XX_sleepPolicy)
                  2000dd00    00000148     drivers_cc32xx.a : I2CCC32XX.oem4 (.text:I2CCC32XX_hwiFxn)
                  2000de48    00000148                      : PowerCC32XX.oem4 (.text:parkPins)
                  2000df90    0000013c     rtsv7M4_T_le_eabi.lib : _printfi.c.obj (.text:_pconv_e)
                  2000e0cc    00000138     drivers_cc32xx.a : PowerCC32XX.oem4 (.text:Power_sleep)
                  2000e204    00000136     rtsv7M4_T_le_eabi.lib : fd_div_t2.asm.obj (.text)
                  2000e33a    00000002     nortos_cc32xx.a : PowerCC32XX_nortos.oem4 (.text:PowerCC32XX_initPolicy)
                  2000e33c    00000128     drivers_cc32xx.a : TimerCC32XX.oem4 (.text:TimerCC32XX_open)
                  2000e464    00000122                      : I2C.oem4 (.text:I2C_transferTimeout)
                  2000e586    00000002                      : TimerCC32XX.oem4 (.text:TimerCC32XX_init)
                  2000e588    00000120                      : UARTCC32XX.oem4 (.text:UARTCC32XX_close)
                  2000e6a8    00000120     rtsv7M4_T_le_eabi.lib : _printfi.c.obj (.text:fcvt)
                  2000e7c8    00000120     gpiointerrupt.obj (.text:readTemp)
                  2000e8e8    00000110     gpiointerrupt.obj (.text:LED_State)
                  2000e9f8    00000100     rtsv7M4_T_le_eabi.lib : memory.c.obj (.text:aligned_alloc)
                  2000eaf8    000000fc     drivers_cc32xx.a : I2CCC32XX.oem4 (.text:I2C_open)
                  2000ebf4    000000fc     rtsv7M4_T_le_eabi.lib : fd_mul_t2.asm.obj (.text)
                  2000ecf0    000000f8     gpiointerrupt.obj (.text:loadTasks)
                  2000ede8    000000f2     drivers_cc32xx.a : UARTCC32XX.oem4 (.text:UARTCC32XX_control)
                  2000eeda    00000002                      : UARTCC32XX.oem4 (.text:UARTCC32XX_init)
                  2000eedc    000000e4     rtsv7M4_T_le_eabi.lib : memory.c.obj (.text:free)
                  2000efc0    000000d0                           : s_scalbn.c.obj (.text:scalbn)
                  2000f090    000000ca     drivers_cc32xx.a : UARTCC32XX.oem4 (.text:UARTCC32XX_write)
                  2000f15a    00000002     rtsv7M4_T_le_eabi.lib : _lock.c.obj (.text:_nop)
                  2000f15c    000000c4     drivers_cc32xx.a : GPIOCC32XX.oem4 (.text:GPIO_init)
                  2000f220    000000c0     gpiointerrupt.obj (.text:buttonFlags)
                  2000f2e0    000000c0     drivers_cc32xx.a : PowerCC32XX.oem4 (.text:restoreParkedPins)
                  2000f3a0    000000ba                      : UARTCC32XX.oem4 (.text:UARTCC32XX_readPolling)
                  2000f45a    00000002     nortos_cc32xx.a : startup_cc32xx_ccs.oem4 (.text:busFaultHandler)
                  2000f45c    000000b8     drivers_cc32xx.a : UARTCC32XX.oem4 (.text:initHw)
                  2000f514    000000b6                      : UARTCC32XX.oem4 (.text:readTaskCallback)
                  2000f5ca    000000b2                      : I2CCC32XX.oem4 (.text:I2CCC32XX_completeTransfer)
                  2000f67c    000000b1     rtsv7M4_T_le_eabi.lib : _printfi.c.obj (.text:_ltostr)
                  2000f72d    00000001     --HOLE-- [fill = 0]
                  2000f72e    000000b0     drivers_cc32xx.a : UARTCC32XX.oem4 (.text:readTaskBlocking)
                  2000f7de    000000ae                      : UARTCC32XX.oem4 (.text:readIsrTextBlocking)
                  2000f88c    000000a8                      : I2CCC32XX.oem4 (.text:I2CCC32XX_primeWriteBurst)
                  2000f934    000000a8     driverlib.a : interrupt.obj (.text:IntEnable)
                  2000f9dc    000000a8     drivers_cc32xx.a : PowerCC32XX.oem4 (.text:PowerCC32XX_configureWakeup)
                  2000fa84    000000a2                      : UARTCC32XX.oem4 (.text:readIsrTextCallback)
                  2000fb26    000000a2                      : UARTCC32XX.oem4 (.text:writeData)
                  2000fbc8    000000a0     nortos_cc32xx.a : SemaphoreP_nortos.oem4 (.text:SemaphoreP_pend)
                  2000fc68    0000009c     drivers_cc32xx.a : I2CCC32XX.oem4 (.text:I2CCC32XX_initHw)
                  2000fd04    0000009c     rtsv7M4_T_le_eabi.lib : memcpy_t2.asm.obj (.text)
                  2000fda0    00000098     drivers_cc32xx.a : GPIOCC32XX.oem4 (.text:powerNotifyFxn)
                  2000fe38    00000096     rtsv7M4_T_le_eabi.lib : ull_div_t2.asm.obj (.text)
                  2000fece    00000002     nortos_cc32xx.a : SemaphoreP_nortos.oem4 (.text:clkFxn)
                  2000fed0    00000094     gpiointerrupt.obj (.text:taskScheduler)
                  2000ff64    00000090     drivers_cc32xx.a : PowerCC32XX.oem4 (.text:restoreNVICRegs)
                  2000fff4    0000008c     nortos_cc32xx.a : HwiPCC32XX_nortos.oem4 (.text:HwiP_construct)
                  20010080    00000088     driverlib.a : interrupt.obj (.text:IntPendSet)
                  20010108    00000088                 : pin.obj (.text:PinConfigSet)
                  20010190    00000088     drivers_cc32xx.a : TimerCC32XX.oem4 (.text:TimerCC32XX_setPeriod)
                  20010218    00000086     rtsv7M4_T_le_eabi.lib : fd_cmp_t2.asm.obj (.text:__aeabi_cdcmple)
                  2001029e    00000086                           : fd_cmp_t2.asm.obj (.text:__aeabi_cdrcmple)
                  20010324    00000084     drivers_cc32xx.a : PowerCC32XX.oem4 (.text:Power_init)
                  200103a8    00000084                      : PowerCC32XX.oem4 (.text:saveNVICRegs)
                  2001042c    00000080                      : PowerCC32XX.oem4 (.text:Power_setDependency)
                  200104ac    0000007c     gpiointerrupt.obj (.text:outputDisplay)
                  20010528    0000007c     drivers_cc32xx.a : UARTCC32XX.oem4 (.text:readIsrBinaryBlocking)
                  200105a4    0000007a                      : I2CCC32XX.oem4 (.text:I2CCC32XX_primeReadBurst)
                  2001061e    0000007a     rtsv7M4_T_le_eabi.lib : fs_mul_t2.asm.obj (.text)
                  20010698    0000007a                           : memset_t2.asm.obj (.text)
                  20010712    00000002     nortos_cc32xx.a : startup_cc32xx_ccs.oem4 (.text:defaultHandler)
                  20010714    00000078     drivers_cc32xx.a : GPIOCC32XX.oem4 (.text:GPIO_hwiIntFxn)
                  2001078c    00000078                      : TimerCC32XX.oem4 (.text:TimerCC32XX_start)
                  20010804    00000078                      : UARTCC32XX.oem4 (.text:readIsrBinaryCallback)
                  2001087c    00000074                      : UARTCC32XX.oem4 (.text:UARTCC32XX_hwiIntFxn)
                  200108f0    00000070     rtsv7M4_T_le_eabi.lib : memory.c.obj (.text:split)
                  20010960    0000006e                           : _printfi.c.obj (.text:_mcpy)
                  200109ce    0000006a     drivers_cc32xx.a : I2CCC32XX.oem4 (.text:I2CSupport_primeTransfer)
                  20010a38    00000068     rtsv7M4_T_le_eabi.lib : copy_decompress_lzss.c.obj (.text:decompress:lzss:__TI_decompress_lzss)
                  20010aa0    00000066     drivers_cc32xx.a : UARTCC32XX.oem4 (.text:UARTCC32XX_writeCancel)
                  20010b06    00000002     nortos_cc32xx.a : startup_cc32xx_ccs.oem4 (.text:faultISR)
                  20010b08    00000064     drivers_cc32xx.a : PowerCC32XX.oem4 (.text:PowerCC32XX_setParkState)
                  20010b6c    00000062                      : UARTCC32XX.oem4 (.text:UARTCC32XX_writePolling)
                  20010bce    00000002     nortos_cc32xx.a : startup_cc32xx_ccs.oem4 (.text:nmiISR)
                  20010bd0    00000060     driverlib.a : prcm.obj (.text:PRCMSysResetCauseGet)
                  20010c30    0000005c     drivers_cc32xx.a : GPIOCC32XX.oem4 (.text:GPIO_setCallback)
                  20010c8c    0000005c     rtsv7M4_T_le_eabi.lib : s_frexp.c.obj (.text:frexp)
                  20010ce8    0000005c     nortos_cc32xx.a : ClockPSysTick_nortos.oem4 (.text:sysTickInit)
                  20010d44    00000058     drivers_cc32xx.a : GPIOCC32XX.oem4 (.text:GPIO_write)
                  20010d9c    00000058     driverlib.a : prcm.obj (.text:PRCMPeripheralReset)
                  20010df4    00000058     drivers_cc32xx.a : PowerCC32XX.oem4 (.text:Power_releaseDependency)
                  20010e4c    00000056                      : TimerCC32XX.oem4 (.text:TimerCC32XX_stop)
                  20010ea2    00000056     rtsv7M4_T_le_eabi.lib : _printfi.c.obj (.text:_pconv_f)
                  20010ef8    00000054                           : _ltoa.c.obj (.text:__TI_ltoa)
                  20010f4c    00000054     gpiointerrupt.obj (.text:initTimer)
                  20010fa0    00000054     drivers_cc32xx.a : UARTCC32XX.oem4 (.text:ringBufGet)
                  20010ff4    00000052                      : PowerCC32XX_asm.oem4 (.text:PowerCC32XX_resumeLPDS)
                  20011046    00000052     rtsv7M4_T_le_eabi.lib : _printfi.c.obj (.text:_ecpy)
                  20011098    00000052     drivers_cc32xx.a : TimerCC32XX.oem4 (.text:initHw)
                  200110ea    00000002     rtsv7M4_T_le_eabi.lib : div0.asm.obj (.text)
                  200110ec    00000050     nortos_cc32xx.a : ClockPSysTick_nortos.oem4 (.text:ClockP_sysTickHandler)
                  2001113c    00000050                     : SemaphoreP_nortos.oem4 (.text:SemaphoreP_construct)
                  2001118c    00000050     drivers_cc32xx.a : TimerCC32XX.oem4 (.text:TimerCC32XX_allocateTimerResource)
                  200111dc    0000004c     gpiointerrupt.obj (.text:GPIO_Load)
                  20011228    0000004c     drivers_cc32xx.a : GPIOCC32XX.oem4 (.text:GPIO_enableInt)
                  20011274    0000004c                      : I2CCC32XX.oem4 (.text:I2CCC32XX_readRecieveFifo)
                  200112c0    0000004c                      : PowerCC32XX.oem4 (.text:PowerCC32XX_parkPin)
                  2001130c    0000004c     rtsv7M4_T_le_eabi.lib : atoi.c.obj (.text:atoi)
                  20011358    0000004c     drivers_cc32xx.a : PowerCC32XX.oem4 (.text:restorePeriphClocks)
                  200113a4    0000004c     rtsv7M4_T_le_eabi.lib : snprintf.c.obj (.text:snprintf)
                  200113f0    00000048     driverlib.a : flash.obj (.text:FlashDisable)
                  20011438    00000048                 : prcm.obj (.text:PRCMLPDSEnter)
                  20011480    00000048                 : prcm.obj (.text:PRCMPeripheralClkEnable)
                  200114c8    00000048     drivers_cc32xx.a : PowerCC32XX.oem4 (.text:Power_releaseConstraint)
                  20011510    00000048     rtsv7M4_T_le_eabi.lib : fd_toi_t2.asm.obj (.text)
                  20011558    00000046     drivers_cc32xx.a : RingBuf.oem4 (.text:RingBuf_put)
                  2001159e    00000046                      : TimerCC32XX.oem4 (.text:getPrescaler)
                  200115e4    00000044     nortos_cc32xx.a : ClockPSysTick_nortos.oem4 (.text:ClockP_stop)
                  20011628    00000044     driverlib.a : prcm.obj (.text:PRCMLPDSRestoreInfoSet)
                  2001166c    00000044     drivers_cc32xx.a : PowerCC32XX_asm.oem4 (.text:PowerCC32XX_enterLPDS)
                  200116b0    00000044     nortos_cc32xx.a : SemaphoreP_nortos.oem4 (.text:SemaphoreP_post)
                  200116f4    00000044                     : SwiP_nortos.oem4 (.text:SwiP_restore)
                  20011738    00000044     drivers_cc32xx.a : Timer.oem4 (.text:Timer_init)
                  2001177c    00000044                      : UART.oem4 (.text:UART_init)
                  200117c0    00000044     rtsv7M4_T_le_eabi.lib : autoinit.c.obj (.text:__TI_auto_init_nobinit_nopinit:__TI_auto_init_nobinit_nopinit)
                  20011804    00000044     gpiointerrupt.obj (.text:initUART)
                  20011848    00000040     nortos_cc32xx.a : ClockPSysTick_nortos.oem4 (.text:ClockP_construct)
                  20011888    00000040     driverlib.a : pin.obj (.text:PinModeSet)
                  200118c8    00000040     drivers_cc32xx.a : RingBuf.oem4 (.text:RingBuf_get)
                  20011908    00000040                      : Timer.oem4 (.text:Timer_open)
                  20011948    00000040                      : UARTCC32XX.oem4 (.text:UARTCC32XX_read)
                  20011988    00000040                      : UART.oem4 (.text:UART_open)
                  200119c8    0000003e     rtsv7M4_T_le_eabi.lib : _printfi.c.obj (.text:_fcpy)
                  20011a06    00000002     --HOLE-- [fill = 0]
                  20011a08    0000003c     nortos_cc32xx.a : ClockPSysTick_nortos.oem4 (.text:ClockP_destruct)
                  20011a44    0000003c     drivers_cc32xx.a : PowerCC32XX.oem4 (.text:Power_setConstraint)
                  20011a80    0000003a                      : TimerCC32XX.oem4 (.text:TimerCC32XX_close)
                  20011aba    0000003a     nortos_cc32xx.a : PowerCC32XX_nortos.oem4 (.text:getCountsRTC)
                  20011af4    00000038     driverlib.a : prcm.obj (.text:PRCMLPDSEnterKeepDebugIf)
                  20011b2c    00000038     drivers_cc32xx.a : TimerCC32XX.oem4 (.text:TimerCC32XX_hwiIntFunction)
                  20011b64    00000038     nortos_cc32xx.a : ClockPSysTick_nortos.oem4 (.text:addToList)
                  20011b9c    00000038                     : startup_cc32xx_ccs.oem4 (.text:initVectors)
                  20011bd4    00000038     drivers_cc32xx.a : PowerCC32XX.oem4 (.text:notify)
                  20011c0c    00000038     rtsv7M4_T_le_eabi.lib : fs_toi_t2.asm.obj (.text)
                  20011c44    00000038                           : i_tofs_t2.asm.obj (.text)
                  20011c7c    00000036     driverlib.a : timer.obj (.text:TimerControlStall)
                  20011cb2    00000036     drivers_cc32xx.a : UARTCC32XX.oem4 (.text:UARTCC32XX_readCancel)
                  20011ce8    00000034     nortos_cc32xx.a : ClockPSysTick_nortos.oem4 (.text:ClockP_getTicksUntilInterrupt)
                  20011d1c    00000034                     : ClockPSysTick_nortos.oem4 (.text:ClockP_startup)
                  20011d50    00000034     driverlib.a : pin.obj (.text:PinModeGet)
                  20011d84    00000034     drivers_cc32xx.a : PowerCC32XX.oem4 (.text:PowerCC32XX_restoreParkState)
                  20011db8    00000034                      : TimerCC32XX.oem4 (.text:TimerCC32XX_freeTimerResource)
                  20011dec    00000034                      : TimerCC32XX.oem4 (.text:getPowerMgrId)
                  20011e20    00000034     gpiointerrupt.obj (.text:mainThread)
                  20011e54    00000030     nortos_cc32xx.a : ClockPSysTick_nortos.oem4 (.text:ClockP_start)
                  20011e84    00000030     drivers_cc32xx.a : PowerCC32XX.oem4 (.text:PowerCC32XX_restoreParkedPin)
                  20011eb4    00000030     rtsv7M4_T_le_eabi.lib : snprintf.c.obj (.text:_outs)
                  20011ee4    0000002e                           : i_tofd_t2.asm.obj (.text)
                  20011f12    00000002     --HOLE-- [fill = 0]
                  20011f14    0000002c     drivers_cc32xx.a : PowerCC32XX.oem4 (.text:PowerCC32XX_getParkState)
                  20011f40    0000002a     nortos_cc32xx.a : HwiPCC32XX_nortos.oem4 (.text:HwiP_create)
                  20011f6a    0000002a     driverlib.a : timer.obj (.text:TimerLoadSet)
                  20011f94    0000002a                 : timer.obj (.text:TimerPrescaleSet)
                  20011fbe    00000028                 : i2c.obj (.text:I2CFIFODataPutNonBlocking)
                  20011fe6    00000002     --HOLE-- [fill = 0]
                  20011fe8    00000028                 : prcm.obj (.text:PRCMPeripheralClkDisable)
                  20012010    00000028     drivers_cc32xx.a : PowerCC32XX.oem4 (.text:Power_registerNotify)
                  20012038    00000028     rtsv7M4_T_le_eabi.lib : memory.c.obj (.text:free_list_insert)
                  20012060    00000026     driverlib.a : i2c.obj (.text:I2CFIFODataGetNonBlocking)
                  20012086    00000026     drivers_cc32xx.a : I2C.oem4 (.text:I2C_cancel)
                  200120ac    00000026                      : List.oem4 (.text:List_put)
                  200120d2    00000026                      : List.oem4 (.text:List_remove)
                  200120f8    00000024     nortos_cc32xx.a : HwiPCC32XX_nortos.oem4 (.text:HwiP_dispatch)
                  2001211c    00000024     drivers_cc32xx.a : PowerCC32XX.oem4 (.text:PowerCC32XX_reset)
                  20012140    00000024     rtsv7M4_T_le_eabi.lib : boot_cortex_m.c.obj (.text:_c_int00_noargs:_c_int00_noargs)
                  20012164    00000022     driverlib.a : i2c.obj (.text:I2CMasterSlaveAddrSet)
                  20012186    00000020     nortos_cc32xx.a : HwiPCC32XX_nortos.oem4 (.text:HwiP_destruct)
                  200121a6    00000002     --HOLE-- [fill = 0]
                  200121a8    00000020     drivers_cc32xx.a : PowerCC32XX.oem4 (.text:Power_unregisterNotify)
                  200121c8    00000020                      : RingBuf.oem4 (.text:RingBuf_peek)
                  200121e8    00000020                      : UARTCC32XX.oem4 (.text:getPowerMgrId)
                  20012208    0000001e     driverlib.a : i2c.obj (.text:I2CMasterIntStatusEx)
                  20012226    0000001e     nortos_cc32xx.a : SemaphoreP_nortos.oem4 (.text:SemaphoreP_constructBinary)
                  20012244    0000001e     driverlib.a : timer.obj (.text:TimerDisable)
                  20012262    0000001e                 : timer.obj (.text:TimerEnable)
                  20012280    0000001c                 : pin.obj (.text:PinToPadGet)
                  2001229c    0000001c     nortos_cc32xx.a : SwiP_nortos.oem4 (.text:SwiP_disable)
                  200122b8    0000001c     rtsv7M4_T_le_eabi.lib : memory.c.obj (.text:free_list_remove)
                  200122d4    0000001c                           : memccpy.c.obj (.text:memccpy)
                  200122f0    0000001a     nortos_cc32xx.a : ClockPSysTick_nortos.oem4 (.text:ClockP_create)
                  2001230a    0000001a                     : SemaphoreP_nortos.oem4 (.text:SemaphoreP_createBinary)
                  20012324    0000001a                     : startup_cc32xx_ccs.oem4 (.text:resetISR)
                  2001233e    00000018     driverlib.a : i2c.obj (.text:I2CMasterBusBusy)
                  20012356    00000018                 : i2c.obj (.text:I2CMasterIntDisableEx)
                  2001236e    00000018                 : i2c.obj (.text:I2CMasterIntEnableEx)
                  20012386    00000018                 : i2c.obj (.text:I2CRxFIFOFlush)
                  2001239e    00000018                 : i2c.obj (.text:I2CTxFIFOFlush)
                  200123b6    00000002     --HOLE-- [fill = 0]
                  200123b8    00000018     drivers_cc32xx.a : PowerCC32XX.oem4 (.text:Power_getTransitionLatency)
                  200123d0    00000018                      : PowerCC32XX.oem4 (.text:Power_idleFunc)
                  200123e8    00000018                      : TimerCC32XX.oem4 (.text:TimerCC32XX_getCount)
                  20012400    00000018     driverlib.a : timer.obj (.text:TimerIntDisable)
                  20012418    00000018                 : timer.obj (.text:TimerIntEnable)
                  20012430    00000018                 : uart.obj (.text:UARTBusy)
                  20012448    00000018                 : uart.obj (.text:UARTIntEnable)
                  20012460    00000018     drivers_cc32xx.a : UART.oem4 (.text:UART_Params_init)
                  20012478    00000018     rtsv7M4_T_le_eabi.lib : snprintf.c.obj (.text:_outc)
                  20012490    00000018     gpiointerrupt.obj (.text:gpioButtonFxn0)
                  200124a8    00000018     gpiointerrupt.obj (.text:gpioButtonFxn1)
                  200124c0    00000018     rtsv7M4_T_le_eabi.lib : ll_mul_t2.asm.obj (.text)
                  200124d8    00000018     gpiointerrupt.obj (.text:timerCallback)
                  200124f0    00000016     driverlib.a : i2c.obj (.text:I2CMasterBurstLengthSet)
                  20012506    00000016                 : prcm.obj (.text:PRCMHIBRegRead)
                  2001251c    00000016                 : prcm.obj (.text:PRCMHIBRegWrite)
                  20012532    00000016     nortos_cc32xx.a : SemaphoreP_nortos.oem4 (.text:SemaphoreP_create)
                  20012548    00000016     rtsv7M4_T_le_eabi.lib : strchr.c.obj (.text:strchr)
                  2001255e    00000014     driverlib.a : cpu.obj (.text:CPUcpsid)
                  20012572    00000002     --HOLE-- [fill = 0]
                  20012574    00000014     nortos_cc32xx.a : HwiPCC32XX_nortos.oem4 (.text:HwiP_inISR)
                  20012588    00000014     drivers_cc32xx.a : I2CCC32XX.oem4 (.text:I2CSupport_masterFinish)
                  2001259c    00000014                      : I2C.oem4 (.text:I2C_transfer)
                  200125b0    00000014     driverlib.a : interrupt.obj (.text:IntVTableBaseSet)
                  200125c4    00000014     drivers_cc32xx.a : PowerCC32XX.oem4 (.text:Power_disablePolicy)
                  200125d8    00000014                      : PowerCC32XX.oem4 (.text:Power_getDependencyCount)
                  200125ec    00000014                      : UARTCC32XX.oem4 (.text:releasePowerConstraint)
                  20012600    00000014     rtsv7M4_T_le_eabi.lib : strlen.c.obj (.text:strlen)
                  20012614    00000012     nortos_cc32xx.a : HwiPCC32XX_nortos.oem4 (.text:HwiP_Params_init)
                  20012626    00000012     driverlib.a : i2c.obj (.text:I2CMasterIntClearEx)
                  20012638    00000012     drivers_cc32xx.a : RingBuf.oem4 (.text:RingBuf_construct)
                  2001264a    00000012     driverlib.a : timer.obj (.text:TimerIntClear)
                  2001265c    00000012     main_nortos.obj (.text:main)
                  2001266e    00000012     rtsv7M4_T_le_eabi.lib : wcslen.c.obj (.text:wcslen)
                  20012680    00000010     ti_drivers_config.obj (.text:Board_init)
                  20012690    00000010     nortos_cc32xx.a : ClockPSysTick_nortos.oem4 (.text:ClockP_add)
                  200126a0    00000010                     : ClockPSysTick_nortos.oem4 (.text:ClockP_delete)
                  200126b0    00000010                     : ClockPSysTick_nortos.oem4 (.text:ClockP_getCpuFreq)
                  200126c0    00000010                     : ClockPSysTick_nortos.oem4 (.text:ClockP_getSystemTicks)
                  200126d0    00000010                     : ClockPSysTick_nortos.oem4 (.text:ClockP_setTicks)
                  200126e0    00000010                     : HwiPCC32XX_nortos.oem4 (.text:HwiP_delete)
                  200126f0    00000010                     : HwiPCC32XX_nortos.oem4 (.text:HwiP_restore)
                  20012700    00000010     driverlib.a : i2c.obj (.text:I2CFIFOStatus)
                  20012710    00000010     drivers_cc32xx.a : I2C.oem4 (.text:I2C_Params_init)
                  20012720    00000010                      : PowerCC32XX.oem4 (.text:Power_enablePolicy)
                  20012730    00000010     nortos_cc32xx.a : SemaphoreP_nortos.oem4 (.text:SemaphoreP_Params_init)
                  20012740    00000010     drivers_cc32xx.a : Timer.oem4 (.text:Timer_Params_init)
                  20012750    00000010                      : UARTCC32XX.oem4 (.text:readBlockingTimeout)
                  20012760    0000000e     nortos_cc32xx.a : HwiPCC32XX_nortos.oem4 (.text:HwiP_clearInterrupt)
                  2001276e    0000000e                     : HwiPCC32XX_nortos.oem4 (.text:HwiP_disable)
                  2001277c    0000000e                     : HwiPCC32XX_nortos.oem4 (.text:HwiP_disableInterrupt)
                  2001278a    0000000e                     : HwiPCC32XX_nortos.oem4 (.text:HwiP_enable)
                  20012798    0000000e                     : HwiPCC32XX_nortos.oem4 (.text:HwiP_enableInterrupt)
                  200127a6    0000000e     drivers_cc32xx.a : I2CCC32XX.oem4 (.text:I2CCC32XX_updateReg)
                  200127b4    0000000e                      : RingBuf.oem4 (.text:RingBuf_isFull)
                  200127c2    0000000e     rtsv7M4_T_le_eabi.lib : copy_decompress_none.c.obj (.text:decompress:none:__TI_decompress_none)
                  200127d0    0000000c     drivers_cc32xx.a : I2CCC32XX.oem4 (.text:I2CCC32XX_postNotify)
                  200127dc    0000000c                      : PowerCC32XX.oem4 (.text:Power_getConstraintMask)
                  200127e8    0000000c     rtsv7M4_T_le_eabi.lib : s_copysign.c.obj (.text:copysign)
                  200127f4    0000000c                           : copy_zero_init.c.obj (.text:decompress:ZI:__TI_zero_init)
                  20012800    0000000c     drivers_cc32xx.a : TimerCC32XX.oem4 (.text:postNotifyFxn)
                  2001280c    0000000c                      : UARTCC32XX.oem4 (.text:postNotifyFxn)
                  20012818    0000000a     nortos_cc32xx.a : ClockPSysTick_nortos.oem4 (.text:ClockP_Params_init)
                  20012822    0000000a                     : ClockPSysTick_nortos.oem4 (.text:ClockP_isActive)
                  2001282c    0000000a     driverlib.a : interrupt.obj (.text:IntMasterDisable)
                  20012836    0000000a     drivers_cc32xx.a : Timer.oem4 (.text:Timer_start)
                  20012840    0000000a                      : UART.oem4 (.text:UART_write)
                  2001284a    00000008                      : I2CCC32XX.oem4 (.text:I2CCC32XX_blockingCallback)
                  20012852    00000002     --HOLE-- [fill = 0]
                  20012854    00000008     rtsv7M4_T_le_eabi.lib : errno.c.obj (.text:__aeabi_errno_addr)
                  2001285c    00000008                           : memory.c.obj (.text:malloc)
                  20012864    00000008     drivers_cc32xx.a : UARTCC32XX.oem4 (.text:readSemCallback)
                  2001286c    00000008                      : UARTCC32XX.oem4 (.text:writeSemCallback)
                  20012874    00000006                      : I2CCC32XX.oem4 (.text:I2CSupport_powerRelConstraint)
                  2001287a    00000006                      : I2CCC32XX.oem4 (.text:I2CSupport_powerSetConstraint)
                  20012880    00000006                      : TimerCC32XX.oem4 (.text:TimerCC32XX_control)
                  20012886    00000006     driverlib.a : utils.obj (.text:UtilsDelay)
                  2001288c    00000004     nortos_cc32xx.a : ClockPSysTick_nortos.oem4 (.text:ClockP_setTimeout)
                  20012890    00000004                     : HwiPCC32XX_nortos.oem4 (.text:HwiP_post)
                  20012894    00000004                     : SemaphoreP_nortos.oem4 (.text:SemaphoreP_delete)
                  20012898    00000004     rtsv7M4_T_le_eabi.lib : pre_init.c.obj (.text:_system_pre_init)
                  2001289c    00000004                           : exit.c.obj (.text:abort:abort)

.const     0    20012e7c    0000051a     
                  20012e7c    00000101     rtsv7M4_T_le_eabi.lib : ctype.c.obj (.const:.string:_ctypes_)
                  20012f7d    00000003     --HOLE-- [fill = 0]
                  20012f80    00000100     driverlib.a : pin.obj (.const:g_ulPinToPadMap)
                  20013080    000000a8                 : prcm.obj (.const:PRCM_PeriphRegsList)
                  20013128    00000044     ti_drivers_config.obj (.const:PowerCC32XX_config)
                  2001316c    00000028     drivers_cc32xx.a : UARTCC32XX.oem4 (.const:UARTCC32XX_fxnTable)
                  20013194    00000024                      : UART.oem4 (.const:UART_defaultParams)
                  200131b8    00000024     ti_drivers_config.obj (.const:uartCC32XXHWAttrs0)
                  200131dc    00000021     drivers_cc32xx.a : GPIOCC32XX.oem4 (.const:.string:pinTable)
                  200131fd    00000003     --HOLE-- [fill = 0]
                  20013200    00000020                      : TimerCC32XX.oem4 (.const:TimerCC32XX_fxnTable)
                  20013220    00000020                      : UARTCC32XX.oem4 (.const:staticFxnTable)
                  20013240    00000018     driverlib.a : interrupt.obj (.const:g_pulEnRegs)
                  20013258    00000018                 : interrupt.obj (.const:g_pulPendRegs)
                  20013270    00000018     gpiointerrupt.obj (.const:sensors)
                  20013288    00000014     ti_drivers_config.obj (.const:GPIOCC32XX_config)
                  2001329c    00000014     drivers_cc32xx.a : GPIOCC32XX.oem4 (.const:gpioBaseAddresses)
                  200132b0    00000014     ti_drivers_config.obj (.const:i2cCC32XXHWAttrs)
                  200132c4    00000014     drivers_cc32xx.a : UARTCC32XX.oem4 (.const:parityType)
                  200132d8    00000014                      : GPIOCC32XX.oem4 (.const:powerResources)
                  200132ec    00000010                      : I2C.oem4 (.const:I2C_defaultParams)
                  200132fc    00000010                      : I2CCC32XX.oem4 (.const:I2C_defaultParams)
                  2001330c    00000010                      : UARTCC32XX.oem4 (.const:dataLength)
                  2001331c    00000010     ti_drivers_config.obj (.const:timerCC32XXHWAttrs)
                  2001332c    0000000c     gpiointerrupt.obj (.const:.string)
                  20013338    0000000c     ti_drivers_config.obj (.const:Timer_config)
                  20013344    0000000c     ti_drivers_config.obj (.const:UART_config)
                  20013350    0000000c     drivers_cc32xx.a : Timer.oem4 (.const:defaultParams)
                  2001335c    00000009     ti_drivers_config.obj (.const)
                  20013365    00000003     --HOLE-- [fill = 0]
                  20013368    00000008     ti_drivers_config.obj (.const:I2C_config)
                  20013370    00000008     drivers_cc32xx.a : GPIOCC32XX.oem4 (.const:outPinTypes)
                  20013378    00000008                      : UARTCC32XX.oem4 (.const:stopBits)
                  20013380    00000006                      : GPIOCC32XX.oem4 (.const:.string:interruptType)
                  20013386    00000006                      : GPIOCC32XX.oem4 (.const:inPinTypes)
                  2001338c    00000006                      : GPIOCC32XX.oem4 (.const:outPinStrengths)
                  20013392    00000004                      : GPIOCC32XX.oem4 (.const:.string:portInterruptIds)

.cinit     0    200137a0    00000108     
                  200137a0    000000e3     (.cinit..data.load) [load image, compression = lzss]
                  20013883    00000001     --HOLE-- [fill = 0]
                  20013884    0000000c     (__TI_handler_table)
                  20013890    00000008     (.cinit..bss.load) [load image, compression = zero_init]
                  20013898    00000010     (__TI_cinit_table)

.init_array 
*          0    20004000    00000000     UNINITIALIZED

.ramVecs   0    20000000    0000030c     NOLOAD SECTION
                  20000000    0000030c     nortos_cc32xx.a : startup_cc32xx_ccs.oem4 (.ramVecs)

.stack     0    20003000    00001000     UNINITIALIZED
                  20003000    00000004     rtsv7M4_T_le_eabi.lib : boot_cortex_m.c.obj (.stack)
                  20003004    00000ffc     --HOLE--

.resetVecs 
*          0    20004000    00000040     
                  20004000    00000040     nortos_cc32xx.a : startup_cc32xx_ccs.oem4 (.resetVecs:retain)

.sysmem    0    20004040    00008000     UNINITIALIZED
                  20004040    00000010     rtsv7M4_T_le_eabi.lib : memory.c.obj (.sysmem)
                  20004050    00007ff0     --HOLE--

.data      0    200128a0    000005dc     UNINITIALIZED
                  200128a0    0000030c     nortos_cc32xx.a : HwiPCC32XX_nortos.oem4 (.data:HwiP_dispatchTable)
                  20012bac    0000016c     drivers_cc32xx.a : PowerCC32XX.oem4 (.data:PowerCC32XX_module)
                  20012d18    000000f8     ti_drivers_config.obj (.data:parkInfo)
                  20012e10    0000001c     gpiointerrupt.obj (.data)
                  20012e2c    0000000c     ti_drivers_config.obj (.data:gpioCallbackFunctions)
                  20012e38    0000000c     ti_drivers_config.obj (.data:gpioPinConfigs)
                  20012e44    00000009     drivers_cc32xx.a : GPIOCC32XX.oem4 (.data)
                  20012e4d    00000003     nortos_cc32xx.a : SemaphoreP_nortos.oem4 (.data)
                  20012e50    00000008     rtsv7M4_T_le_eabi.lib : _lock.c.obj (.data:$O1$$)
                  20012e58    00000008                           : memory.c.obj (.data:$O1$$)
                  20012e60    00000008     nortos_cc32xx.a : SemaphoreP_nortos.oem4 (.data:SemaphoreP_defaultParams)
                  20012e68    00000008                     : HwiPCC32XX_nortos.oem4 (.data)
                  20012e70    00000005                     : ClockPSysTick_nortos.oem4 (.data)
                  20012e75    00000001     drivers_cc32xx.a : Timer.oem4 (.data)
                  20012e76    00000001                      : UART.oem4 (.data)
                  20012e77    00000001     --HOLE--
                  20012e78    00000004     rtsv7M4_T_le_eabi.lib : errno.c.obj (.data)

.bss       0    20013398    00000406     UNINITIALIZED
                  20013398    0000012c     (.common:PowerCC32XX_contextSave)
                  200134c4    000000fc     (.common:i2cCC32XXObjects)
                  200135c0    00000084     (.common:uartCC32XXObjects0)
                  20013644    00000040     (.common:output)
                  20013684    00000034     (.common:timerCC32XXObjects)
                  200136b8    00000030     (.common:tasks)
                  200136e8    00000020     drivers_cc32xx.a : GPIOCC32XX.oem4 (.bss:gpioCallbackInfo)
                  20013708    00000020     ti_drivers_config.obj (.bss:uartCC32XXRingBuffer0)
                  20013728    00000020     (.common:i2cTransaction)
                  20013748    00000014     drivers_cc32xx.a : GPIOCC32XX.oem4 (.bss:powerNotifyObj)
                  2001375c    00000004                      : GPIOCC32XX.oem4 (.bss)
                  20013760    00000010     (.common:ClockP_ctrl)
                  20013770    0000000d     nortos_cc32xx.a : SwiP_nortos.oem4 (.bss)
                  2001377d    00000001     (.common:heat)
                  2001377e    00000002     (.common:setPoint)
                  20013780    00000004                     : ClockPSysTick_nortos.oem4 (.bss)
                  20013784    00000004     drivers_cc32xx.a : TimerCC32XX.oem4 (.bss:timerState)
                  20013788    00000004     (.common:i2c)
                  2001378c    00000004     (.common:rxBuffer)
                  20013790    00000004     (.common:timer0)
                  20013794    00000004     (.common:txBuffer)
                  20013798    00000004     (.common:uart)
                  2001379c    00000002     (.common:temperature)

.log_data 
*          0    90000000    00000000     COPY SECTION

__llvm_prf_cnts 
*          0    20004000    00000000     UNINITIALIZED

MODULE SUMMARY

       Module                       code    ro data   rw data
       ------                       ----    -------   -------
    .\
       gpiointerrupt.obj            2216    36        197    
       main_nortos.obj              18      0         0      
    +--+----------------------------+-------+---------+---------+
       Total:                       2234    36        197    
                                                             
    .\syscfg\
       ti_drivers_config.obj        18      201       740    
    +--+----------------------------+-------+---------+---------+
       Total:                       18      201       740    
                                                             
    C:/ti/simplelink_cc32xx_sdk_4_30_00_06/kernel/nortos/lib/ccs/m4/nortos_cc32xx.a
       HwiPCC32XX_nortos.oem4       394     0         788    
       startup_cc32xx_ccs.oem4      90      64        780    
       ClockPSysTick_nortos.oem4    702     0         25     
       PowerCC32XX_nortos.oem4      472     0         0      
       SemaphoreP_nortos.oem4       408     0         11     
       SwiP_nortos.oem4             96      0         13     
    +--+----------------------------+-------+---------+---------+
       Total:                       2162    64        1617   
                                                             
    C:/ti/simplelink_cc32xx_sdk_4_30_00_06/source/ti/devices/cc32xx/driverlib/ccs/Release/driverlib.a
       prcm.obj                     1604    168       0      
       pin.obj                      280     256       0      
       interrupt.obj                334     48        0      
       i2c.obj                      318     0         0      
       timer.obj                    264     0         0      
       flash.obj                    72      0         0      
       uart.obj                     48      0         0      
       cpu.obj                      20      0         0      
       utils.obj                    6       0         0      
    +--+----------------------------+-------+---------+---------+
       Total:                       2946    472       0      
                                                             
    C:/ti/simplelink_cc32xx_sdk_4_30_00_06/source/ti/drivers/lib/ccs/m4/drivers_cc32xx.a
       UARTCC32XX.oem4              3466    116       0      
       PowerCC32XX.oem4             2432    0         664    
       I2CCC32XX.oem4               1452    16        0      
       GPIOCC32XX.oem4              1208    103       65     
       TimerCC32XX.oem4             1132    32        4      
       I2C.oem4                     366     16        0      
       UART.oem4                    166     36        1      
       RingBuf.oem4                 198     0         0      
       Timer.oem4                   158     12        1      
       PowerCC32XX_asm.oem4         150     0         0      
       List.oem4                    76      0         0      
    +--+----------------------------+-------+---------+---------+
       Total:                       10804   331       735    
                                                             
    C:\ti\ccs1220\ccs\tools\compiler\ti-cgt-arm_20.2.7.LTS\lib\rtsv7M4_T_le_eabi.lib
       _printfi.c.obj               4835    0         0      
       memory.c.obj                 672     0         8      
       fd_add_t2.asm.obj            438     0         0      
       fd_div_t2.asm.obj            310     0         0      
       fd_cmp_t2.asm.obj            268     0         0      
       ctype.c.obj                  0       257       0      
       fd_mul_t2.asm.obj            252     0         0      
       s_scalbn.c.obj               208     0         0      
       memcpy_t2.asm.obj            156     0         0      
       ull_div_t2.asm.obj           150     0         0      
       snprintf.c.obj               148     0         0      
       fs_mul_t2.asm.obj            122     0         0      
       memset_t2.asm.obj            122     0         0      
       copy_decompress_lzss.c.obj   104     0         0      
       s_frexp.c.obj                92      0         0      
       _ltoa.c.obj                  84      0         0      
       atoi.c.obj                   76      0         0      
       fd_toi_t2.asm.obj            72      0         0      
       autoinit.c.obj               68      0         0      
       fs_toi_t2.asm.obj            56      0         0      
       i_tofs_t2.asm.obj            56      0         0      
       i_tofd_t2.asm.obj            46      0         0      
       boot_cortex_m.c.obj          36      0         0      
       memccpy.c.obj                28      0         0      
       ll_mul_t2.asm.obj            24      0         0      
       strchr.c.obj                 22      0         0      
       strlen.c.obj                 20      0         0      
       wcslen.c.obj                 18      0         0      
       copy_decompress_none.c.obj   14      0         0      
       copy_zero_init.c.obj         12      0         0      
       errno.c.obj                  8       0         4      
       s_copysign.c.obj             12      0         0      
       _lock.c.obj                  2       0         8      
       exit.c.obj                   4       0         0      
       pre_init.c.obj               4       0         0      
       div0.asm.obj                 2       0         0      
    +--+----------------------------+-------+---------+---------+
       Total:                       8541    257       20     
                                                             
       Heap:                        0       0         32768  
       Stack:                       0       0         4096   
       Linker Generated:            0       263       0      
    +--+----------------------------+-------+---------+---------+
       Grand Total:                 26705   1624      40173  


LINKER GENERATED COPY TABLES

__TI_cinit_table @ 20013898 records: 2, size/record: 8, table size: 16
	.data: load addr=200137a0, load size=000000e3 bytes, run addr=200128a0, run size=000005dc bytes, compression=lzss
	.bss: load addr=20013890, load size=00000008 bytes, run addr=20013398, run size=00000406 bytes, compression=zero_init


LINKER GENERATED HANDLER TABLE

__TI_handler_table @ 20013884 records: 3, size/record: 4, table size: 12
	index: 0, handler: __TI_decompress_lzss
	index: 1, handler: __TI_decompress_none
	index: 2, handler: __TI_zero_init


GLOBAL SYMBOLS: SORTED ALPHABETICALLY BY Name 

address   name                             
-------   ----                             
20012681  Board_init                       
2000ca8f  Board_initHook                   
2001289d  C$$EXIT                          
2001335c  CONFIG_GPIO_BUTTON_0_CONST       
2001335d  CONFIG_GPIO_BUTTON_1_CONST       
2001335e  CONFIG_GPIO_LED_0_CONST          
2001335f  CONFIG_I2C_0_CONST               
20013361  CONFIG_TIMER_0_CONST             
20013363  CONFIG_UART_0_CONST              
2001255f  CPUcpsid                         
20012819  ClockP_Params_init               
20012691  ClockP_add                       
20011849  ClockP_construct                 
200122f1  ClockP_create                    
20013760  ClockP_ctrl                      
200126a1  ClockP_delete                    
20011a09  ClockP_destruct                  
200110ed  ClockP_doTick                    
200126b1  ClockP_getCpuFreq                
200126c1  ClockP_getSystemTicks            
20011ce9  ClockP_getTicksUntilInterrupt    
20012823  ClockP_isActive                  
200126d1  ClockP_setTicks                  
2001288d  ClockP_setTimeout                
20011e55  ClockP_start                     
20011d1d  ClockP_startup                   
200115e5  ClockP_stop                      
200110ed  ClockP_sysTickHandler            
20012e70  ClockP_tickPeriod                
200113f1  FlashDisable                     
20013288  GPIOCC32XX_config                
200111dd  GPIO_Load                        
20011229  GPIO_enableInt                   
20010715  GPIO_hwiIntFxn                   
2000f15d  GPIO_init                        
20010c31  GPIO_setCallback                 
2000d5fd  GPIO_setConfig                   
20010d45  GPIO_write                       
20012615  HwiP_Params_init                 
20012761  HwiP_clearInterrupt              
2000fff5  HwiP_construct                   
20011f41  HwiP_create                      
200126e1  HwiP_delete                      
20012187  HwiP_destruct                    
2001276f  HwiP_disable                     
2001277d  HwiP_disableInterrupt            
200120f9  HwiP_dispatch                    
2001278b  HwiP_enable                      
20012799  HwiP_enableInterrupt             
20012575  HwiP_inISR                       
20012e68  HwiP_key                         
20012891  HwiP_post                        
200126f1  HwiP_restore                     
20012e6c  HwiP_swiPIntNum                  
20012061  I2CFIFODataGetNonBlocking        
20011fbf  I2CFIFODataPutNonBlocking        
20012701  I2CFIFOStatus                    
200124f1  I2CMasterBurstLengthSet          
2001233f  I2CMasterBusBusy                 
20012627  I2CMasterIntClearEx              
20012357  I2CMasterIntDisableEx            
2001236f  I2CMasterIntEnableEx             
20012209  I2CMasterIntStatusEx             
20012165  I2CMasterSlaveAddrSet            
20012387  I2CRxFIFOFlush                   
20012589  I2CSupport_masterFinish          
20012875  I2CSupport_powerRelConstraint    
2001287b  I2CSupport_powerSetConstraint    
200109cf  I2CSupport_primeTransfer         
2001239f  I2CTxFIFOFlush                   
20012711  I2C_Params_init                  
20012087  I2C_cancel                       
20013368  I2C_config                       
20013360  I2C_count                        
200132ec  I2C_defaultParams                
2000db63  I2C_init                         
2000eaf9  I2C_open                         
2001259d  I2C_transfer                     
2000e465  I2C_transferTimeout              
UNDEFED   ITM_flush                        
UNDEFED   ITM_restore                      
2000f935  IntEnable                        
2001282d  IntMasterDisable                 
20010081  IntPendSet                       
200125b1  IntVTableBaseSet                 
2000e8e9  LED_State                        
20012e10  L_Button                         
200120ad  List_put                         
200120d3  List_remove                      
2001278b  NoRTOS_start                     
2000ca91  PRCMCC3200MCUInit                
20012507  PRCMHIBRegRead                   
2001251d  PRCMHIBRegWrite                  
20011439  PRCMLPDSEnter                    
20011af5  PRCMLPDSEnterKeepDebugIf         
20011629  PRCMLPDSRestoreInfoSet           
20011fe9  PRCMPeripheralClkDisable         
20011481  PRCMPeripheralClkEnable          
20010d9d  PRCMPeripheralReset              
20010bd1  PRCMSysResetCauseGet             
20010109  PinConfigSet                     
20011d51  PinModeGet                       
20011889  PinModeSet                       
20012281  PinToPadGet                      
20013128  PowerCC32XX_config               
2000f9dd  PowerCC32XX_configureWakeup      
20013398  PowerCC32XX_contextSave          
2001166d  PowerCC32XX_enterLPDS            
20011f15  PowerCC32XX_getParkState         
2000e33b  PowerCC32XX_initPolicy           
20012bac  PowerCC32XX_module               
200112c1  PowerCC32XX_parkPin              
2001211d  PowerCC32XX_reset                
20011d85  PowerCC32XX_restoreParkState     
20011e85  PowerCC32XX_restoreParkedPin     
20010ff5  PowerCC32XX_resumeLPDS           
20010b09  PowerCC32XX_setParkState         
2000db65  PowerCC32XX_sleepPolicy          
200125c5  Power_disablePolicy              
20012721  Power_enablePolicy               
200127dd  Power_getConstraintMask          
200125d9  Power_getDependencyCount         
200123b9  Power_getTransitionLatency       
200123d1  Power_idleFunc                   
20010325  Power_init                       
20012011  Power_registerNotify             
200114c9  Power_releaseConstraint          
20010df5  Power_releaseDependency          
20011a45  Power_setConstraint              
2001042d  Power_setDependency              
2000e0cd  Power_sleep                      
200121a9  Power_unregisterNotify           
20012e11  R_Button                         
20012639  RingBuf_construct                
200118c9  RingBuf_get                      
200127b5  RingBuf_isFull                   
200121c9  RingBuf_peek                     
20011559  RingBuf_put                      
20012731  SemaphoreP_Params_init           
2001113d  SemaphoreP_construct             
20012227  SemaphoreP_constructBinary       
20012533  SemaphoreP_create                
2001230b  SemaphoreP_createBinary          
20012e60  SemaphoreP_defaultParams         
20012895  SemaphoreP_delete                
2000fbc9  SemaphoreP_pend                  
200116b1  SemaphoreP_post                  
2001229d  SwiP_disable                     
200116f5  SwiP_restore                     
2001118d  TimerCC32XX_allocateTimerResource
20011a81  TimerCC32XX_close                
20012881  TimerCC32XX_control              
20011db9  TimerCC32XX_freeTimerResource    
20013200  TimerCC32XX_fxnTable             
200123e9  TimerCC32XX_getCount             
2000e587  TimerCC32XX_init                 
2000e33d  TimerCC32XX_open                 
20010191  TimerCC32XX_setPeriod            
2001078d  TimerCC32XX_start                
20010e4d  TimerCC32XX_stop                 
20011c7d  TimerControlStall                
20012245  TimerDisable                     
20012263  TimerEnable                      
20012e12  TimerFlag                        
2001264b  TimerIntClear                    
20012401  TimerIntDisable                  
20012419  TimerIntEnable                   
20011f6b  TimerLoadSet                     
20011f95  TimerPrescaleSet                 
20012741  Timer_Params_init                
20013338  Timer_config                     
20013362  Timer_count                      
20011739  Timer_init                       
20011909  Timer_open                       
20012837  Timer_start                      
20012431  UARTBusy                         
2000e589  UARTCC32XX_close                 
2000ede9  UARTCC32XX_control               
2001316c  UARTCC32XX_fxnTable              
2000eedb  UARTCC32XX_init                  
2000cebd  UARTCC32XX_open                  
20011949  UARTCC32XX_read                  
20011cb3  UARTCC32XX_readCancel            
2000f3a1  UARTCC32XX_readPolling           
2000f091  UARTCC32XX_write                 
20010aa1  UARTCC32XX_writeCancel           
20010b6d  UARTCC32XX_writePolling          
20012449  UARTIntEnable                    
20012461  UART_Params_init                 
20013344  UART_config                      
20013364  UART_count                       
20013194  UART_defaultParams               
2001177d  UART_init                        
20011989  UART_open                        
20012841  UART_write                       
20012887  UtilsDelay                       
20004000  __STACK_END                      
00001000  __STACK_SIZE                     
00008000  __SYSMEM_SIZE                    
20013898  __TI_CINIT_Base                  
200138a8  __TI_CINIT_Limit                 
20013884  __TI_Handler_Table_Base          
20013890  __TI_Handler_Table_Limit         
200117c1  __TI_auto_init_nobinit_nopinit   
20010a39  __TI_decompress_lzss             
200127c3  __TI_decompress_none             
20010ef9  __TI_ltoa                        
ffffffff  __TI_pprof_out_hndl              
2000c041  __TI_printfi                     
ffffffff  __TI_prof_data_size              
ffffffff  __TI_prof_data_start             
200137a0  __TI_static_base__               
200127f5  __TI_zero_init                   
20010219  __aeabi_cdcmpeq                  
20010219  __aeabi_cdcmple                  
2001029f  __aeabi_cdrcmple                 
20011511  __aeabi_d2iz                     
2000d9b7  __aeabi_dadd                     
2000e205  __aeabi_ddiv                     
2000ebf5  __aeabi_dmul                     
2000d9ad  __aeabi_dsub                     
20012855  __aeabi_errno_addr               
20011c0d  __aeabi_f2iz                     
2001061f  __aeabi_fmul                     
20011ee5  __aeabi_i2d                      
20011c45  __aeabi_i2f                      
200110eb  __aeabi_idiv0                    
200110eb  __aeabi_ldiv0                    
200124c1  __aeabi_lmul                     
20010699  __aeabi_memclr                   
20010699  __aeabi_memclr4                  
20010699  __aeabi_memclr8                  
2000fd05  __aeabi_memcpy                   
2000fd05  __aeabi_memcpy4                  
2000fd05  __aeabi_memcpy8                  
2001069b  __aeabi_memset                   
2001069b  __aeabi_memset4                  
2001069b  __aeabi_memset8                  
2000fe39  __aeabi_uldivmod                 
ffffffff  __binit__                        
ffffffff  __c_args__                       
UNDEFED   __mpu_init                       
20003000  __stack                          
20004000  __start___llvm_prf_cnts          
20004000  __stop___llvm_prf_cnts           
20012141  _c_int00_noargs                  
20012e7c  _ctypes_                         
20012e50  _lock                            
2000f15b  _nop                             
20004040  _sys_memory                      
UNDEFED   _system_post_cinit               
20012899  _system_pre_init                 
20012e54  _unlock                          
2001289d  abort                            
2000e9f9  aligned_alloc                    
2001130d  atoi                             
ffffffff  binit                            
2000f221  buttonFlags                      
2000fecf  clkFxn                           
200127e9  copysign                         
200127e9  copysignl                        
20012e78  errno                            
2000eedd  free                             
20010c8d  frexp                            
20010c8d  frexpl                           
20012491  gpioButtonFxn0                   
200124a9  gpioButtonFxn1                   
20012e2c  gpioCallbackFunctions            
20012e38  gpioPinConfigs                   
2001377d  heat                             
20013788  i2c                              
200132b0  i2cCC32XXHWAttrs                 
200134c4  i2cCC32XXObjects                 
20013728  i2cTransaction                   
20013386  inPinTypes                       
2000d3ad  initI2C                          
20010f4d  initTimer                        
20011805  initUART                         
20011b9d  initVectors                      
2000efc1  ldexp                            
2000efc1  ldexpl                           
2000ecf1  loadTasks                        
2001265d  main                             
20011e21  mainThread                       
2001285d  malloc                           
2000e9f9  memalign                         
200122d5  memccpy                          
2000fd05  memcpy                           
200106a1  memset                           
2001338c  outPinStrengths                  
20013370  outPinTypes                      
20013644  output                           
200104ad  outputDisplay                    
20012d18  parkInfo                         
20012e20  periodCheckB_Flag                
20012e24  periodCheckTemp                  
20012e28  periodOutputDisplay              
2000e7c9  readTemp                         
20012325  resetISR                         
20012338  resetVectorAddr                  
20004000  resetVectors                     
2001378c  rxBuffer                         
2000efc1  scalbn                           
2000efc1  scalbnl                          
20012e14  seconds                          
2001377e  setPoint                         
200113a5  snprintf                         
20012549  strchr                           
20012601  strlen                           
20012e1c  taskPeriodGCD                    
2000fed1  taskScheduler                    
200136b8  tasks                            
20012e18  tasksNum                         
2001379c  temperature                      
20013790  timer0                           
2001331c  timerCC32XXHWAttrs               
20013684  timerCC32XXObjects               
200124d9  timerCallback                    
20013794  txBuffer                         
20013798  uart                             
200135c0  uartCC32XXObjects0               
2001266f  wcslen                           


GLOBAL SYMBOLS: SORTED BY Symbol Address 

address   name                             
-------   ----                             
00001000  __STACK_SIZE                     
00008000  __SYSMEM_SIZE                    
20003000  __stack                          
20004000  __STACK_END                      
20004000  __start___llvm_prf_cnts          
20004000  __stop___llvm_prf_cnts           
20004000  resetVectors                     
20004040  _sys_memory                      
2000c041  __TI_printfi                     
2000ca8f  Board_initHook                   
2000ca91  PRCMCC3200MCUInit                
2000cebd  UARTCC32XX_open                  
2000d3ad  initI2C                          
2000d5fd  GPIO_setConfig                   
2000d9ad  __aeabi_dsub                     
2000d9b7  __aeabi_dadd                     
2000db63  I2C_init                         
2000db65  PowerCC32XX_sleepPolicy          
2000e0cd  Power_sleep                      
2000e205  __aeabi_ddiv                     
2000e33b  PowerCC32XX_initPolicy           
2000e33d  TimerCC32XX_open                 
2000e465  I2C_transferTimeout              
2000e587  TimerCC32XX_init                 
2000e589  UARTCC32XX_close                 
2000e7c9  readTemp                         
2000e8e9  LED_State                        
2000e9f9  aligned_alloc                    
2000e9f9  memalign                         
2000eaf9  I2C_open                         
2000ebf5  __aeabi_dmul                     
2000ecf1  loadTasks                        
2000ede9  UARTCC32XX_control               
2000eedb  UARTCC32XX_init                  
2000eedd  free                             
2000efc1  ldexp                            
2000efc1  ldexpl                           
2000efc1  scalbn                           
2000efc1  scalbnl                          
2000f091  UARTCC32XX_write                 
2000f15b  _nop                             
2000f15d  GPIO_init                        
2000f221  buttonFlags                      
2000f3a1  UARTCC32XX_readPolling           
2000f935  IntEnable                        
2000f9dd  PowerCC32XX_configureWakeup      
2000fbc9  SemaphoreP_pend                  
2000fd05  __aeabi_memcpy                   
2000fd05  __aeabi_memcpy4                  
2000fd05  __aeabi_memcpy8                  
2000fd05  memcpy                           
2000fe39  __aeabi_uldivmod                 
2000fecf  clkFxn                           
2000fed1  taskScheduler                    
2000fff5  HwiP_construct                   
20010081  IntPendSet                       
20010109  PinConfigSet                     
20010191  TimerCC32XX_setPeriod            
20010219  __aeabi_cdcmpeq                  
20010219  __aeabi_cdcmple                  
2001029f  __aeabi_cdrcmple                 
20010325  Power_init                       
2001042d  Power_setDependency              
200104ad  outputDisplay                    
2001061f  __aeabi_fmul                     
20010699  __aeabi_memclr                   
20010699  __aeabi_memclr4                  
20010699  __aeabi_memclr8                  
2001069b  __aeabi_memset                   
2001069b  __aeabi_memset4                  
2001069b  __aeabi_memset8                  
200106a1  memset                           
20010715  GPIO_hwiIntFxn                   
2001078d  TimerCC32XX_start                
200109cf  I2CSupport_primeTransfer         
20010a39  __TI_decompress_lzss             
20010aa1  UARTCC32XX_writeCancel           
20010b09  PowerCC32XX_setParkState         
20010b6d  UARTCC32XX_writePolling          
20010bd1  PRCMSysResetCauseGet             
20010c31  GPIO_setCallback                 
20010c8d  frexp                            
20010c8d  frexpl                           
20010d45  GPIO_write                       
20010d9d  PRCMPeripheralReset              
20010df5  Power_releaseDependency          
20010e4d  TimerCC32XX_stop                 
20010ef9  __TI_ltoa                        
20010f4d  initTimer                        
20010ff5  PowerCC32XX_resumeLPDS           
200110eb  __aeabi_idiv0                    
200110eb  __aeabi_ldiv0                    
200110ed  ClockP_doTick                    
200110ed  ClockP_sysTickHandler            
2001113d  SemaphoreP_construct             
2001118d  TimerCC32XX_allocateTimerResource
200111dd  GPIO_Load                        
20011229  GPIO_enableInt                   
200112c1  PowerCC32XX_parkPin              
2001130d  atoi                             
200113a5  snprintf                         
200113f1  FlashDisable                     
20011439  PRCMLPDSEnter                    
20011481  PRCMPeripheralClkEnable          
200114c9  Power_releaseConstraint          
20011511  __aeabi_d2iz                     
20011559  RingBuf_put                      
200115e5  ClockP_stop                      
20011629  PRCMLPDSRestoreInfoSet           
2001166d  PowerCC32XX_enterLPDS            
200116b1  SemaphoreP_post                  
200116f5  SwiP_restore                     
20011739  Timer_init                       
2001177d  UART_init                        
200117c1  __TI_auto_init_nobinit_nopinit   
20011805  initUART                         
20011849  ClockP_construct                 
20011889  PinModeSet                       
200118c9  RingBuf_get                      
20011909  Timer_open                       
20011949  UARTCC32XX_read                  
20011989  UART_open                        
20011a09  ClockP_destruct                  
20011a45  Power_setConstraint              
20011a81  TimerCC32XX_close                
20011af5  PRCMLPDSEnterKeepDebugIf         
20011b9d  initVectors                      
20011c0d  __aeabi_f2iz                     
20011c45  __aeabi_i2f                      
20011c7d  TimerControlStall                
20011cb3  UARTCC32XX_readCancel            
20011ce9  ClockP_getTicksUntilInterrupt    
20011d1d  ClockP_startup                   
20011d51  PinModeGet                       
20011d85  PowerCC32XX_restoreParkState     
20011db9  TimerCC32XX_freeTimerResource    
20011e21  mainThread                       
20011e55  ClockP_start                     
20011e85  PowerCC32XX_restoreParkedPin     
20011ee5  __aeabi_i2d                      
20011f15  PowerCC32XX_getParkState         
20011f41  HwiP_create                      
20011f6b  TimerLoadSet                     
20011f95  TimerPrescaleSet                 
20011fbf  I2CFIFODataPutNonBlocking        
20011fe9  PRCMPeripheralClkDisable         
20012011  Power_registerNotify             
20012061  I2CFIFODataGetNonBlocking        
20012087  I2C_cancel                       
200120ad  List_put                         
200120d3  List_remove                      
200120f9  HwiP_dispatch                    
2001211d  PowerCC32XX_reset                
20012141  _c_int00_noargs                  
20012165  I2CMasterSlaveAddrSet            
20012187  HwiP_destruct                    
200121a9  Power_unregisterNotify           
200121c9  RingBuf_peek                     
20012209  I2CMasterIntStatusEx             
20012227  SemaphoreP_constructBinary       
20012245  TimerDisable                     
20012263  TimerEnable                      
20012281  PinToPadGet                      
2001229d  SwiP_disable                     
200122d5  memccpy                          
200122f1  ClockP_create                    
2001230b  SemaphoreP_createBinary          
20012325  resetISR                         
20012338  resetVectorAddr                  
2001233f  I2CMasterBusBusy                 
20012357  I2CMasterIntDisableEx            
2001236f  I2CMasterIntEnableEx             
20012387  I2CRxFIFOFlush                   
2001239f  I2CTxFIFOFlush                   
200123b9  Power_getTransitionLatency       
200123d1  Power_idleFunc                   
200123e9  TimerCC32XX_getCount             
20012401  TimerIntDisable                  
20012419  TimerIntEnable                   
20012431  UARTBusy                         
20012449  UARTIntEnable                    
20012461  UART_Params_init                 
20012491  gpioButtonFxn0                   
200124a9  gpioButtonFxn1                   
200124c1  __aeabi_lmul                     
200124d9  timerCallback                    
200124f1  I2CMasterBurstLengthSet          
20012507  PRCMHIBRegRead                   
2001251d  PRCMHIBRegWrite                  
20012533  SemaphoreP_create                
20012549  strchr                           
2001255f  CPUcpsid                         
20012575  HwiP_inISR                       
20012589  I2CSupport_masterFinish          
2001259d  I2C_transfer                     
200125b1  IntVTableBaseSet                 
200125c5  Power_disablePolicy              
200125d9  Power_getDependencyCount         
20012601  strlen                           
20012615  HwiP_Params_init                 
20012627  I2CMasterIntClearEx              
20012639  RingBuf_construct                
2001264b  TimerIntClear                    
2001265d  main                             
2001266f  wcslen                           
20012681  Board_init                       
20012691  ClockP_add                       
200126a1  ClockP_delete                    
200126b1  ClockP_getCpuFreq                
200126c1  ClockP_getSystemTicks            
200126d1  ClockP_setTicks                  
200126e1  HwiP_delete                      
200126f1  HwiP_restore                     
20012701  I2CFIFOStatus                    
20012711  I2C_Params_init                  
20012721  Power_enablePolicy               
20012731  SemaphoreP_Params_init           
20012741  Timer_Params_init                
20012761  HwiP_clearInterrupt              
2001276f  HwiP_disable                     
2001277d  HwiP_disableInterrupt            
2001278b  HwiP_enable                      
2001278b  NoRTOS_start                     
20012799  HwiP_enableInterrupt             
200127b5  RingBuf_isFull                   
200127c3  __TI_decompress_none             
200127dd  Power_getConstraintMask          
200127e9  copysign                         
200127e9  copysignl                        
200127f5  __TI_zero_init                   
20012819  ClockP_Params_init               
20012823  ClockP_isActive                  
2001282d  IntMasterDisable                 
20012837  Timer_start                      
20012841  UART_write                       
20012855  __aeabi_errno_addr               
2001285d  malloc                           
20012875  I2CSupport_powerRelConstraint    
2001287b  I2CSupport_powerSetConstraint    
20012881  TimerCC32XX_control              
20012887  UtilsDelay                       
2001288d  ClockP_setTimeout                
20012891  HwiP_post                        
20012895  SemaphoreP_delete                
20012899  _system_pre_init                 
2001289d  C$$EXIT                          
2001289d  abort                            
20012bac  PowerCC32XX_module               
20012d18  parkInfo                         
20012e10  L_Button                         
20012e11  R_Button                         
20012e12  TimerFlag                        
20012e14  seconds                          
20012e18  tasksNum                         
20012e1c  taskPeriodGCD                    
20012e20  periodCheckB_Flag                
20012e24  periodCheckTemp                  
20012e28  periodOutputDisplay              
20012e2c  gpioCallbackFunctions            
20012e38  gpioPinConfigs                   
20012e50  _lock                            
20012e54  _unlock                          
20012e60  SemaphoreP_defaultParams         
20012e68  HwiP_key                         
20012e6c  HwiP_swiPIntNum                  
20012e70  ClockP_tickPeriod                
20012e78  errno                            
20012e7c  _ctypes_                         
20013128  PowerCC32XX_config               
2001316c  UARTCC32XX_fxnTable              
20013194  UART_defaultParams               
20013200  TimerCC32XX_fxnTable             
20013288  GPIOCC32XX_config                
200132b0  i2cCC32XXHWAttrs                 
200132ec  I2C_defaultParams                
2001331c  timerCC32XXHWAttrs               
20013338  Timer_config                     
20013344  UART_config                      
2001335c  CONFIG_GPIO_BUTTON_0_CONST       
2001335d  CONFIG_GPIO_BUTTON_1_CONST       
2001335e  CONFIG_GPIO_LED_0_CONST          
2001335f  CONFIG_I2C_0_CONST               
20013360  I2C_count                        
20013361  CONFIG_TIMER_0_CONST             
20013362  Timer_count                      
20013363  CONFIG_UART_0_CONST              
20013364  UART_count                       
20013368  I2C_config                       
20013370  outPinTypes                      
20013386  inPinTypes                       
2001338c  outPinStrengths                  
20013398  PowerCC32XX_contextSave          
200134c4  i2cCC32XXObjects                 
200135c0  uartCC32XXObjects0               
20013644  output                           
20013684  timerCC32XXObjects               
200136b8  tasks                            
20013728  i2cTransaction                   
20013760  ClockP_ctrl                      
2001377d  heat                             
2001377e  setPoint                         
20013788  i2c                              
2001378c  rxBuffer                         
20013790  timer0                           
20013794  txBuffer                         
20013798  uart                             
2001379c  temperature                      
200137a0  __TI_static_base__               
20013884  __TI_Handler_Table_Base          
20013890  __TI_Handler_Table_Limit         
20013898  __TI_CINIT_Base                  
200138a8  __TI_CINIT_Limit                 
ffffffff  __TI_pprof_out_hndl              
ffffffff  __TI_prof_data_size              
ffffffff  __TI_prof_data_start             
ffffffff  __binit__                        
ffffffff  __c_args__                       
ffffffff  binit                            
UNDEFED   ITM_flush                        
UNDEFED   ITM_restore                      
UNDEFED   __mpu_init                       
UNDEFED   _system_post_cinit               

[322 symbols]
