<?xml version="1.0" encoding="ISO-8859-1" ?>
<link_info>
   <banner>TI ARM Linker PC v20.2.7.LTS</banner>
   <copyright>Copyright (c) 1996-2018 Texas Instruments Incorporated</copyright>
   <link_time>0x6420ec58</link_time>
   <link_errors>0x0</link_errors>
   <output_file>uartecho_CC3220S_LAUNCHXL_nortos_ccs.out</output_file>
   <entry_point>
      <name>resetISR</name>
      <address>0x2000f2f5</address>
   </entry_point>
   <input_file_list>
      <input_file id="fl-2">
         <path>.\</path>
         <kind>object</kind>
         <file>main_nortos.obj</file>
         <name>main_nortos.obj</name>
      </input_file>
      <input_file id="fl-3">
         <path>.\</path>
         <kind>object</kind>
         <file>uartecho.obj</file>
         <name>uartecho.obj</name>
      </input_file>
      <input_file id="fl-4">
         <path>.\syscfg\</path>
         <kind>object</kind>
         <file>ti_drivers_config.obj</file>
         <name>ti_drivers_config.obj</name>
      </input_file>
      <input_file id="fl-d">
         <kind>object</kind>
         <file>&lt;internal&gt;</file>
         <name>&lt;internal&gt;</name>
      </input_file>
      <input_file id="fl-e">
         <path>C:\ti\simplelink_cc32xx_sdk_4_30_00_06\source\ti\drivers\lib\ccs\m4\</path>
         <kind>archive</kind>
         <file>drivers_cc32xx.a</file>
         <name>UART.oem4</name>
      </input_file>
      <input_file id="fl-f">
         <path>C:\ti\simplelink_cc32xx_sdk_4_30_00_06\source\ti\drivers\lib\ccs\m4\</path>
         <kind>archive</kind>
         <file>drivers_cc32xx.a</file>
         <name>GPIOCC32XX.oem4</name>
      </input_file>
      <input_file id="fl-10">
         <path>C:\ti\simplelink_cc32xx_sdk_4_30_00_06\source\ti\drivers\lib\ccs\m4\</path>
         <kind>archive</kind>
         <file>drivers_cc32xx.a</file>
         <name>PowerCC32XX.oem4</name>
      </input_file>
      <input_file id="fl-11">
         <path>C:\ti\simplelink_cc32xx_sdk_4_30_00_06\source\ti\drivers\lib\ccs\m4\</path>
         <kind>archive</kind>
         <file>drivers_cc32xx.a</file>
         <name>PowerCC32XX_asm.oem4</name>
      </input_file>
      <input_file id="fl-12">
         <path>C:\ti\simplelink_cc32xx_sdk_4_30_00_06\source\ti\drivers\lib\ccs\m4\</path>
         <kind>archive</kind>
         <file>drivers_cc32xx.a</file>
         <name>UARTCC32XX.oem4</name>
      </input_file>
      <input_file id="fl-13">
         <path>C:\ti\simplelink_cc32xx_sdk_4_30_00_06\source\ti\drivers\lib\ccs\m4\</path>
         <kind>archive</kind>
         <file>drivers_cc32xx.a</file>
         <name>List.oem4</name>
      </input_file>
      <input_file id="fl-14">
         <path>C:\ti\simplelink_cc32xx_sdk_4_30_00_06\source\ti\drivers\lib\ccs\m4\</path>
         <kind>archive</kind>
         <file>drivers_cc32xx.a</file>
         <name>RingBuf.oem4</name>
      </input_file>
      <input_file id="fl-15">
         <path>C:\ti\simplelink_cc32xx_sdk_4_30_00_06\kernel\nortos\lib\ccs\m4\</path>
         <kind>archive</kind>
         <file>nortos_cc32xx.a</file>
         <name>NoRTOS.oem4</name>
      </input_file>
      <input_file id="fl-16">
         <path>C:\ti\simplelink_cc32xx_sdk_4_30_00_06\kernel\nortos\lib\ccs\m4\</path>
         <kind>archive</kind>
         <file>nortos_cc32xx.a</file>
         <name>SemaphoreP_nortos.oem4</name>
      </input_file>
      <input_file id="fl-17">
         <path>C:\ti\simplelink_cc32xx_sdk_4_30_00_06\kernel\nortos\lib\ccs\m4\</path>
         <kind>archive</kind>
         <file>nortos_cc32xx.a</file>
         <name>ClockPSysTick_nortos.oem4</name>
      </input_file>
      <input_file id="fl-18">
         <path>C:\ti\simplelink_cc32xx_sdk_4_30_00_06\kernel\nortos\lib\ccs\m4\</path>
         <kind>archive</kind>
         <file>nortos_cc32xx.a</file>
         <name>HwiPCC32XX_nortos.oem4</name>
      </input_file>
      <input_file id="fl-19">
         <path>C:\ti\simplelink_cc32xx_sdk_4_30_00_06\kernel\nortos\lib\ccs\m4\</path>
         <kind>archive</kind>
         <file>nortos_cc32xx.a</file>
         <name>PowerCC32XX_nortos.oem4</name>
      </input_file>
      <input_file id="fl-1a">
         <path>C:\ti\simplelink_cc32xx_sdk_4_30_00_06\kernel\nortos\lib\ccs\m4\</path>
         <kind>archive</kind>
         <file>nortos_cc32xx.a</file>
         <name>startup_cc32xx_ccs.oem4</name>
      </input_file>
      <input_file id="fl-1b">
         <path>C:\ti\simplelink_cc32xx_sdk_4_30_00_06\kernel\nortos\lib\ccs\m4\</path>
         <kind>archive</kind>
         <file>nortos_cc32xx.a</file>
         <name>SwiP_nortos.oem4</name>
      </input_file>
      <input_file id="fl-1c">
         <path>C:\ti\simplelink_cc32xx_sdk_4_30_00_06\kernel\nortos\lib\ccs\m4\</path>
         <kind>archive</kind>
         <file>nortos_cc32xx.a</file>
         <name>QueueP_nortos.oem4</name>
      </input_file>
      <input_file id="fl-1d">
         <path>C:\ti\simplelink_cc32xx_sdk_4_30_00_06\source\ti\devices\cc32xx\driverlib\ccs\Release\</path>
         <kind>archive</kind>
         <file>driverlib.a</file>
         <name>cpu.obj</name>
      </input_file>
      <input_file id="fl-1e">
         <path>C:\ti\simplelink_cc32xx_sdk_4_30_00_06\source\ti\devices\cc32xx\driverlib\ccs\Release\</path>
         <kind>archive</kind>
         <file>driverlib.a</file>
         <name>interrupt.obj</name>
      </input_file>
      <input_file id="fl-1f">
         <path>C:\ti\simplelink_cc32xx_sdk_4_30_00_06\source\ti\devices\cc32xx\driverlib\ccs\Release\</path>
         <kind>archive</kind>
         <file>driverlib.a</file>
         <name>pin.obj</name>
      </input_file>
      <input_file id="fl-20">
         <path>C:\ti\simplelink_cc32xx_sdk_4_30_00_06\source\ti\devices\cc32xx\driverlib\ccs\Release\</path>
         <kind>archive</kind>
         <file>driverlib.a</file>
         <name>prcm.obj</name>
      </input_file>
      <input_file id="fl-21">
         <path>C:\ti\simplelink_cc32xx_sdk_4_30_00_06\source\ti\devices\cc32xx\driverlib\ccs\Release\</path>
         <kind>archive</kind>
         <file>driverlib.a</file>
         <name>uart.obj</name>
      </input_file>
      <input_file id="fl-22">
         <path>C:\ti\simplelink_cc32xx_sdk_4_30_00_06\source\ti\devices\cc32xx\driverlib\ccs\Release\</path>
         <kind>archive</kind>
         <file>driverlib.a</file>
         <name>utils.obj</name>
      </input_file>
      <input_file id="fl-23">
         <path>C:\ti\simplelink_cc32xx_sdk_4_30_00_06\source\ti\devices\cc32xx\driverlib\ccs\Release\</path>
         <kind>archive</kind>
         <file>driverlib.a</file>
         <name>flash.obj</name>
      </input_file>
      <input_file id="fl-d9">
         <path>C:\ti\ccs1220\ccs\tools\compiler\ti-cgt-arm_20.2.7.LTS\lib\</path>
         <kind>archive</kind>
         <file>rtsv7M4_T_le_eabi.lib</file>
         <name>ll_mul_t2.asm.obj</name>
      </input_file>
      <input_file id="fl-da">
         <path>C:\ti\ccs1220\ccs\tools\compiler\ti-cgt-arm_20.2.7.LTS\lib\</path>
         <kind>archive</kind>
         <file>rtsv7M4_T_le_eabi.lib</file>
         <name>memcpy_t2.asm.obj</name>
      </input_file>
      <input_file id="fl-db">
         <path>C:\ti\ccs1220\ccs\tools\compiler\ti-cgt-arm_20.2.7.LTS\lib\</path>
         <kind>archive</kind>
         <file>rtsv7M4_T_le_eabi.lib</file>
         <name>ull_div_t2.asm.obj</name>
      </input_file>
      <input_file id="fl-dc">
         <path>C:\ti\ccs1220\ccs\tools\compiler\ti-cgt-arm_20.2.7.LTS\lib\</path>
         <kind>archive</kind>
         <file>rtsv7M4_T_le_eabi.lib</file>
         <name>copy_zero_init.c.obj</name>
      </input_file>
      <input_file id="fl-dd">
         <path>C:\ti\ccs1220\ccs\tools\compiler\ti-cgt-arm_20.2.7.LTS\lib\</path>
         <kind>archive</kind>
         <file>rtsv7M4_T_le_eabi.lib</file>
         <name>copy_decompress_none.c.obj</name>
      </input_file>
      <input_file id="fl-de">
         <path>C:\ti\ccs1220\ccs\tools\compiler\ti-cgt-arm_20.2.7.LTS\lib\</path>
         <kind>archive</kind>
         <file>rtsv7M4_T_le_eabi.lib</file>
         <name>copy_decompress_lzss.c.obj</name>
      </input_file>
      <input_file id="fl-df">
         <path>C:\ti\ccs1220\ccs\tools\compiler\ti-cgt-arm_20.2.7.LTS\lib\</path>
         <kind>archive</kind>
         <file>rtsv7M4_T_le_eabi.lib</file>
         <name>memory.c.obj</name>
      </input_file>
      <input_file id="fl-e0">
         <path>C:\ti\ccs1220\ccs\tools\compiler\ti-cgt-arm_20.2.7.LTS\lib\</path>
         <kind>archive</kind>
         <file>rtsv7M4_T_le_eabi.lib</file>
         <name>boot_cortex_m.c.obj</name>
      </input_file>
      <input_file id="fl-e1">
         <path>C:\ti\ccs1220\ccs\tools\compiler\ti-cgt-arm_20.2.7.LTS\lib\</path>
         <kind>archive</kind>
         <file>rtsv7M4_T_le_eabi.lib</file>
         <name>div0.asm.obj</name>
      </input_file>
      <input_file id="fl-e2">
         <path>C:\ti\ccs1220\ccs\tools\compiler\ti-cgt-arm_20.2.7.LTS\lib\</path>
         <kind>archive</kind>
         <file>rtsv7M4_T_le_eabi.lib</file>
         <name>memset_t2.asm.obj</name>
      </input_file>
      <input_file id="fl-e3">
         <path>C:\ti\ccs1220\ccs\tools\compiler\ti-cgt-arm_20.2.7.LTS\lib\</path>
         <kind>archive</kind>
         <file>rtsv7M4_T_le_eabi.lib</file>
         <name>autoinit.c.obj</name>
      </input_file>
      <input_file id="fl-e4">
         <path>C:\ti\ccs1220\ccs\tools\compiler\ti-cgt-arm_20.2.7.LTS\lib\</path>
         <kind>archive</kind>
         <file>rtsv7M4_T_le_eabi.lib</file>
         <name>pre_init.c.obj</name>
      </input_file>
      <input_file id="fl-e5">
         <path>C:\ti\ccs1220\ccs\tools\compiler\ti-cgt-arm_20.2.7.LTS\lib\</path>
         <kind>archive</kind>
         <file>rtsv7M4_T_le_eabi.lib</file>
         <name>cpy_tbl.c.obj</name>
      </input_file>
      <input_file id="fl-e6">
         <path>C:\ti\ccs1220\ccs\tools\compiler\ti-cgt-arm_20.2.7.LTS\lib\</path>
         <kind>archive</kind>
         <file>rtsv7M4_T_le_eabi.lib</file>
         <name>exit.c.obj</name>
      </input_file>
      <input_file id="fl-e7">
         <path>C:\ti\ccs1220\ccs\tools\compiler\ti-cgt-arm_20.2.7.LTS\lib\</path>
         <kind>archive</kind>
         <file>rtsv7M4_T_le_eabi.lib</file>
         <name>_lock.c.obj</name>
      </input_file>
      <input_file id="fl-e8">
         <path>C:\ti\ccs1220\ccs\tools\compiler\ti-cgt-arm_20.2.7.LTS\lib\</path>
         <kind>archive</kind>
         <file>rtsv7M4_T_le_eabi.lib</file>
         <name>args_main.c.obj</name>
      </input_file>
   </input_file_list>
   <object_component_list>
      <object_component id="oc-1a9">
         <name>.text:PRCMCC3200MCUInit</name>
         <load_address>0x2000c040</load_address>
         <run_address>0x2000c040</run_address>
         <size>0x42c</size>
         <input_file_ref idref="fl-20"/>
      </object_component>
      <object_component id="oc-4df">
         <name>.text:UARTCC32XX_open</name>
         <load_address>0x2000c46c</load_address>
         <run_address>0x2000c46c</run_address>
         <size>0x288</size>
         <input_file_ref idref="fl-12"/>
      </object_component>
      <object_component id="oc-1c9">
         <name>.text:GPIO_setConfig</name>
         <load_address>0x2000c6f4</load_address>
         <run_address>0x2000c6f4</run_address>
         <size>0x1e4</size>
         <input_file_ref idref="fl-f"/>
      </object_component>
      <object_component id="oc-367">
         <name>.text:PowerCC32XX_sleepPolicy</name>
         <load_address>0x2000c8d8</load_address>
         <run_address>0x2000c8d8</run_address>
         <size>0x19c</size>
         <input_file_ref idref="fl-19"/>
      </object_component>
      <object_component id="oc-549">
         <name>.text:parkPins</name>
         <load_address>0x2000ca74</load_address>
         <run_address>0x2000ca74</run_address>
         <size>0x148</size>
         <input_file_ref idref="fl-10"/>
      </object_component>
      <object_component id="oc-46d">
         <name>.text:Power_sleep</name>
         <load_address>0x2000cbbc</load_address>
         <run_address>0x2000cbbc</run_address>
         <size>0x138</size>
         <input_file_ref idref="fl-10"/>
      </object_component>
      <object_component id="oc-4cd">
         <name>.text:UARTCC32XX_close</name>
         <load_address>0x2000ccf4</load_address>
         <run_address>0x2000ccf4</run_address>
         <size>0x120</size>
         <input_file_ref idref="fl-12"/>
      </object_component>
      <object_component id="oc-511">
         <name>.text:aligned_alloc</name>
         <load_address>0x2000ce14</load_address>
         <run_address>0x2000ce14</run_address>
         <size>0x100</size>
         <input_file_ref idref="fl-df"/>
      </object_component>
      <object_component id="oc-4d3">
         <name>.text:UARTCC32XX_control</name>
         <load_address>0x2000cf14</load_address>
         <run_address>0x2000cf14</run_address>
         <size>0xf2</size>
         <input_file_ref idref="fl-12"/>
      </object_component>
      <object_component id="oc-1b5">
         <name>.text:Board_initHook</name>
         <load_address>0x2000d006</load_address>
         <run_address>0x2000d006</run_address>
         <size>0x2</size>
         <input_file_ref idref="fl-4"/>
      </object_component>
      <object_component id="oc-383">
         <name>.text:free</name>
         <load_address>0x2000d008</load_address>
         <run_address>0x2000d008</run_address>
         <size>0xe4</size>
         <input_file_ref idref="fl-df"/>
      </object_component>
      <object_component id="oc-4f7">
         <name>.text:UARTCC32XX_write</name>
         <load_address>0x2000d0ec</load_address>
         <run_address>0x2000d0ec</run_address>
         <size>0xca</size>
         <input_file_ref idref="fl-12"/>
      </object_component>
      <object_component id="oc-361">
         <name>.text:PowerCC32XX_initPolicy</name>
         <load_address>0x2000d1b6</load_address>
         <run_address>0x2000d1b6</run_address>
         <size>0x2</size>
         <input_file_ref idref="fl-19"/>
      </object_component>
      <object_component id="oc-1bd">
         <name>.text:GPIO_init</name>
         <load_address>0x2000d1b8</load_address>
         <run_address>0x2000d1b8</run_address>
         <size>0xc4</size>
         <input_file_ref idref="fl-f"/>
      </object_component>
      <object_component id="oc-566">
         <name>.text:restoreParkedPins</name>
         <load_address>0x2000d27c</load_address>
         <run_address>0x2000d27c</run_address>
         <size>0xc0</size>
         <input_file_ref idref="fl-10"/>
      </object_component>
      <object_component id="oc-4eb">
         <name>.text:UARTCC32XX_readPolling</name>
         <load_address>0x2000d33c</load_address>
         <run_address>0x2000d33c</run_address>
         <size>0xba</size>
         <input_file_ref idref="fl-12"/>
      </object_component>
      <object_component id="oc-4d9">
         <name>.text:UARTCC32XX_init</name>
         <load_address>0x2000d3f6</load_address>
         <run_address>0x2000d3f6</run_address>
         <size>0x2</size>
         <input_file_ref idref="fl-12"/>
      </object_component>
      <object_component id="oc-5f3">
         <name>.text:initHw</name>
         <load_address>0x2000d3f8</load_address>
         <run_address>0x2000d3f8</run_address>
         <size>0xb8</size>
         <input_file_ref idref="fl-12"/>
      </object_component>
      <object_component id="oc-6d9">
         <name>.text:readTaskCallback</name>
         <load_address>0x2000d4b0</load_address>
         <run_address>0x2000d4b0</run_address>
         <size>0xb6</size>
         <input_file_ref idref="fl-12"/>
      </object_component>
      <object_component id="oc-6c7">
         <name>.text:readTaskBlocking</name>
         <load_address>0x2000d566</load_address>
         <run_address>0x2000d566</run_address>
         <size>0xb0</size>
         <input_file_ref idref="fl-12"/>
      </object_component>
      <object_component id="oc-6cd">
         <name>.text:readIsrTextBlocking</name>
         <load_address>0x2000d616</load_address>
         <run_address>0x2000d616</run_address>
         <size>0xae</size>
         <input_file_ref idref="fl-12"/>
      </object_component>
      <object_component id="oc-b5">
         <name>.text:IntEnable</name>
         <load_address>0x2000d6c4</load_address>
         <run_address>0x2000d6c4</run_address>
         <size>0xa8</size>
         <input_file_ref idref="fl-1e"/>
      </object_component>
      <object_component id="oc-27a">
         <name>.text:PowerCC32XX_configureWakeup</name>
         <load_address>0x2000d76c</load_address>
         <run_address>0x2000d76c</run_address>
         <size>0xa8</size>
         <input_file_ref idref="fl-10"/>
      </object_component>
      <object_component id="oc-6df">
         <name>.text:readIsrTextCallback</name>
         <load_address>0x2000d814</load_address>
         <run_address>0x2000d814</run_address>
         <size>0xa2</size>
         <input_file_ref idref="fl-12"/>
      </object_component>
      <object_component id="oc-62a">
         <name>.text:writeData</name>
         <load_address>0x2000d8b6</load_address>
         <run_address>0x2000d8b6</run_address>
         <size>0xa2</size>
         <input_file_ref idref="fl-12"/>
      </object_component>
      <object_component id="oc-2a0">
         <name>.text:SemaphoreP_pend</name>
         <load_address>0x2000d958</load_address>
         <run_address>0x2000d958</run_address>
         <size>0xa0</size>
         <input_file_ref idref="fl-16"/>
      </object_component>
      <object_component id="oc-3b">
         <name>.text</name>
         <load_address>0x2000d9f8</load_address>
         <run_address>0x2000d9f8</run_address>
         <size>0x9c</size>
         <input_file_ref idref="fl-da"/>
      </object_component>
      <object_component id="oc-1ed">
         <name>.text:LED_SM</name>
         <load_address>0x2000da94</load_address>
         <run_address>0x2000da94</run_address>
         <size>0x98</size>
         <input_file_ref idref="fl-3"/>
      </object_component>
      <object_component id="oc-2c2">
         <name>.text:powerNotifyFxn</name>
         <load_address>0x2000db2c</load_address>
         <run_address>0x2000db2c</run_address>
         <size>0x98</size>
         <input_file_ref idref="fl-f"/>
      </object_component>
      <object_component id="oc-468">
         <name>.text</name>
         <load_address>0x2000dbc4</load_address>
         <run_address>0x2000dbc4</run_address>
         <size>0x96</size>
         <input_file_ref idref="fl-db"/>
      </object_component>
      <object_component id="oc-329">
         <name>.text:_nop</name>
         <load_address>0x2000dc5a</load_address>
         <run_address>0x2000dc5a</run_address>
         <size>0x2</size>
         <input_file_ref idref="fl-e7"/>
      </object_component>
      <object_component id="oc-55a">
         <name>.text:restoreNVICRegs</name>
         <load_address>0x2000dc5c</load_address>
         <run_address>0x2000dc5c</run_address>
         <size>0x90</size>
         <input_file_ref idref="fl-10"/>
      </object_component>
      <object_component id="oc-3f8">
         <name>.text:HwiP_construct</name>
         <load_address>0x2000dcec</load_address>
         <run_address>0x2000dcec</run_address>
         <size>0x8c</size>
         <input_file_ref idref="fl-18"/>
      </object_component>
      <object_component id="oc-689">
         <name>.text:IntPendSet</name>
         <load_address>0x2000dd78</load_address>
         <run_address>0x2000dd78</run_address>
         <size>0x88</size>
         <input_file_ref idref="fl-1e"/>
      </object_component>
      <object_component id="oc-2d6">
         <name>.text:PinConfigSet</name>
         <load_address>0x2000de00</load_address>
         <run_address>0x2000de00</run_address>
         <size>0x88</size>
         <input_file_ref idref="fl-1f"/>
      </object_component>
      <object_component id="oc-1af">
         <name>.text:Power_init</name>
         <load_address>0x2000de88</load_address>
         <run_address>0x2000de88</run_address>
         <size>0x84</size>
         <input_file_ref idref="fl-10"/>
      </object_component>
      <object_component id="oc-15e">
         <name>.text:mainThread</name>
         <load_address>0x2000df0c</load_address>
         <run_address>0x2000df0c</run_address>
         <size>0x84</size>
         <input_file_ref idref="fl-3"/>
      </object_component>
      <object_component id="oc-54f">
         <name>.text:saveNVICRegs</name>
         <load_address>0x2000df90</load_address>
         <run_address>0x2000df90</run_address>
         <size>0x84</size>
         <input_file_ref idref="fl-10"/>
      </object_component>
      <object_component id="oc-2dc">
         <name>.text:Power_setDependency</name>
         <load_address>0x2000e014</load_address>
         <run_address>0x2000e014</run_address>
         <size>0x80</size>
         <input_file_ref idref="fl-10"/>
      </object_component>
      <object_component id="oc-6c1">
         <name>.text:readIsrBinaryBlocking</name>
         <load_address>0x2000e094</load_address>
         <run_address>0x2000e094</run_address>
         <size>0x7c</size>
         <input_file_ref idref="fl-12"/>
      </object_component>
      <object_component id="oc-300">
         <name>.text:GPIO_hwiIntFxn</name>
         <load_address>0x2000e110</load_address>
         <run_address>0x2000e110</run_address>
         <size>0x78</size>
         <input_file_ref idref="fl-f"/>
      </object_component>
      <object_component id="oc-6d3">
         <name>.text:readIsrBinaryCallback</name>
         <load_address>0x2000e188</load_address>
         <run_address>0x2000e188</run_address>
         <size>0x78</size>
         <input_file_ref idref="fl-12"/>
      </object_component>
      <object_component id="oc-602">
         <name>.text:UARTCC32XX_hwiIntFxn</name>
         <load_address>0x2000e200</load_address>
         <run_address>0x2000e200</run_address>
         <size>0x74</size>
         <input_file_ref idref="fl-12"/>
      </object_component>
      <object_component id="oc-637">
         <name>.text:split</name>
         <load_address>0x2000e274</load_address>
         <run_address>0x2000e274</run_address>
         <size>0x70</size>
         <input_file_ref idref="fl-df"/>
      </object_component>
      <object_component id="oc-14">
         <name>.text:decompress:lzss:__TI_decompress_lzss</name>
         <load_address>0x2000e2e4</load_address>
         <run_address>0x2000e2e4</run_address>
         <size>0x68</size>
         <input_file_ref idref="fl-de"/>
      </object_component>
      <object_component id="oc-503">
         <name>.text:UARTCC32XX_writeCancel</name>
         <load_address>0x2000e34c</load_address>
         <run_address>0x2000e34c</run_address>
         <size>0x66</size>
         <input_file_ref idref="fl-12"/>
      </object_component>
      <object_component id="oc-73">
         <name>.text:busFaultHandler</name>
         <load_address>0x2000e3b2</load_address>
         <run_address>0x2000e3b2</run_address>
         <size>0x2</size>
         <input_file_ref idref="fl-1a"/>
      </object_component>
      <object_component id="oc-3d3">
         <name>.text:PowerCC32XX_setParkState</name>
         <load_address>0x2000e3b4</load_address>
         <run_address>0x2000e3b4</run_address>
         <size>0x64</size>
         <input_file_ref idref="fl-10"/>
      </object_component>
      <object_component id="oc-4fd">
         <name>.text:UARTCC32XX_writePolling</name>
         <load_address>0x2000e418</load_address>
         <run_address>0x2000e418</run_address>
         <size>0x62</size>
         <input_file_ref idref="fl-12"/>
      </object_component>
      <object_component id="oc-3a8">
         <name>.text:clkFxn</name>
         <load_address>0x2000e47a</load_address>
         <run_address>0x2000e47a</run_address>
         <size>0x2</size>
         <input_file_ref idref="fl-16"/>
      </object_component>
      <object_component id="oc-248">
         <name>.text:PRCMSysResetCauseGet</name>
         <load_address>0x2000e47c</load_address>
         <run_address>0x2000e47c</run_address>
         <size>0x60</size>
         <input_file_ref idref="fl-20"/>
      </object_component>
      <object_component id="oc-2a6">
         <name>.text:GPIO_setCallback</name>
         <load_address>0x2000e4dc</load_address>
         <run_address>0x2000e4dc</run_address>
         <size>0x5c</size>
         <input_file_ref idref="fl-f"/>
      </object_component>
      <object_component id="oc-64f">
         <name>.text:sysTickInit</name>
         <load_address>0x2000e538</load_address>
         <run_address>0x2000e538</run_address>
         <size>0x5c</size>
         <input_file_ref idref="fl-17"/>
      </object_component>
      <object_component id="oc-1db">
         <name>.text:GPIO_write</name>
         <load_address>0x2000e594</load_address>
         <run_address>0x2000e594</run_address>
         <size>0x58</size>
         <input_file_ref idref="fl-f"/>
      </object_component>
      <object_component id="oc-261">
         <name>.text:PRCMPeripheralReset</name>
         <load_address>0x2000e5ec</load_address>
         <run_address>0x2000e5ec</run_address>
         <size>0x58</size>
         <input_file_ref idref="fl-20"/>
      </object_component>
      <object_component id="oc-5ae">
         <name>.text:Power_releaseDependency</name>
         <load_address>0x2000e644</load_address>
         <run_address>0x2000e644</run_address>
         <size>0x58</size>
         <input_file_ref idref="fl-10"/>
      </object_component>
      <object_component id="oc-727">
         <name>.text:ringBufGet</name>
         <load_address>0x2000e69c</load_address>
         <run_address>0x2000e69c</run_address>
         <size>0x54</size>
         <input_file_ref idref="fl-12"/>
      </object_component>
      <object_component id="oc-666">
         <name>.text:PowerCC32XX_resumeLPDS</name>
         <load_address>0x2000e6f0</load_address>
         <run_address>0x2000e6f0</run_address>
         <size>0x52</size>
         <input_file_ref idref="fl-11"/>
      </object_component>
      <object_component id="oc-6d">
         <name>.text:defaultHandler</name>
         <load_address>0x2000e742</load_address>
         <run_address>0x2000e742</run_address>
         <size>0x2</size>
         <input_file_ref idref="fl-1a"/>
      </object_component>
      <object_component id="oc-79">
         <name>.text:ClockP_sysTickHandler</name>
         <load_address>0x2000e744</load_address>
         <run_address>0x2000e744</run_address>
         <size>0x50</size>
         <input_file_ref idref="fl-17"/>
      </object_component>
      <object_component id="oc-48e">
         <name>.text:SemaphoreP_construct</name>
         <load_address>0x2000e794</load_address>
         <run_address>0x2000e794</run_address>
         <size>0x50</size>
         <input_file_ref idref="fl-16"/>
      </object_component>
      <object_component id="oc-3d9">
         <name>.text:GPIO_enableInt</name>
         <load_address>0x2000e7e4</load_address>
         <run_address>0x2000e7e4</run_address>
         <size>0x4c</size>
         <input_file_ref idref="fl-f"/>
      </object_component>
      <object_component id="oc-65d">
         <name>.text:PowerCC32XX_parkPin</name>
         <load_address>0x2000e830</load_address>
         <run_address>0x2000e830</run_address>
         <size>0x4c</size>
         <input_file_ref idref="fl-10"/>
      </object_component>
      <object_component id="oc-560">
         <name>.text:restorePeriphClocks</name>
         <load_address>0x2000e87c</load_address>
         <run_address>0x2000e87c</run_address>
         <size>0x4c</size>
         <input_file_ref idref="fl-10"/>
      </object_component>
      <object_component id="oc-681">
         <name>.text:FlashDisable</name>
         <load_address>0x2000e8c8</load_address>
         <run_address>0x2000e8c8</run_address>
         <size>0x48</size>
         <input_file_ref idref="fl-23"/>
      </object_component>
      <object_component id="oc-56c">
         <name>.text:PRCMLPDSEnter</name>
         <load_address>0x2000e910</load_address>
         <run_address>0x2000e910</run_address>
         <size>0x48</size>
         <input_file_ref idref="fl-20"/>
      </object_component>
      <object_component id="oc-25b">
         <name>.text:PRCMPeripheralClkEnable</name>
         <load_address>0x2000e958</load_address>
         <run_address>0x2000e958</run_address>
         <size>0x48</size>
         <input_file_ref idref="fl-20"/>
      </object_component>
      <object_component id="oc-5a2">
         <name>.text:Power_releaseConstraint</name>
         <load_address>0x2000e9a0</load_address>
         <run_address>0x2000e9a0</run_address>
         <size>0x48</size>
         <input_file_ref idref="fl-10"/>
      </object_component>
      <object_component id="oc-714">
         <name>.text:RingBuf_put</name>
         <load_address>0x2000e9e8</load_address>
         <run_address>0x2000e9e8</run_address>
         <size>0x46</size>
         <input_file_ref idref="fl-14"/>
      </object_component>
      <object_component id="oc-67">
         <name>.text:faultISR</name>
         <load_address>0x2000ea2e</load_address>
         <run_address>0x2000ea2e</run_address>
         <size>0x2</size>
         <input_file_ref idref="fl-1a"/>
      </object_component>
      <object_component id="oc-4b6">
         <name>.text:ClockP_stop</name>
         <load_address>0x2000ea30</load_address>
         <run_address>0x2000ea30</run_address>
         <size>0x44</size>
         <input_file_ref idref="fl-17"/>
      </object_component>
      <object_component id="oc-66b">
         <name>.text:PRCMLPDSRestoreInfoSet</name>
         <load_address>0x2000ea74</load_address>
         <run_address>0x2000ea74</run_address>
         <size>0x44</size>
         <input_file_ref idref="fl-20"/>
      </object_component>
      <object_component id="oc-555">
         <name>.text:PowerCC32XX_enterLPDS</name>
         <load_address>0x2000eab8</load_address>
         <run_address>0x2000eab8</run_address>
         <size>0x44</size>
         <input_file_ref idref="fl-11"/>
      </object_component>
      <object_component id="oc-2b2">
         <name>.text:SemaphoreP_post</name>
         <load_address>0x2000eafc</load_address>
         <run_address>0x2000eafc</run_address>
         <size>0x44</size>
         <input_file_ref idref="fl-16"/>
      </object_component>
      <object_component id="oc-47e">
         <name>.text:SwiP_restore</name>
         <load_address>0x2000eb40</load_address>
         <run_address>0x2000eb40</run_address>
         <size>0x44</size>
         <input_file_ref idref="fl-1b"/>
      </object_component>
      <object_component id="oc-1c3">
         <name>.text:UART_init</name>
         <load_address>0x2000eb84</load_address>
         <run_address>0x2000eb84</run_address>
         <size>0x44</size>
         <input_file_ref idref="fl-e"/>
      </object_component>
      <object_component id="oc-171">
         <name>.text:__TI_auto_init_nobinit_nopinit:__TI_auto_init_nobinit_nopinit</name>
         <load_address>0x2000ebc8</load_address>
         <run_address>0x2000ebc8</run_address>
         <size>0x44</size>
         <input_file_ref idref="fl-e3"/>
      </object_component>
      <object_component id="oc-6b0">
         <name>.text:ClockP_construct</name>
         <load_address>0x2000ec0c</load_address>
         <run_address>0x2000ec0c</run_address>
         <size>0x40</size>
         <input_file_ref idref="fl-17"/>
      </object_component>
      <object_component id="oc-273">
         <name>.text:PinModeSet</name>
         <load_address>0x2000ec4c</load_address>
         <run_address>0x2000ec4c</run_address>
         <size>0x40</size>
         <input_file_ref idref="fl-1f"/>
      </object_component>
      <object_component id="oc-61c">
         <name>.text:RingBuf_get</name>
         <load_address>0x2000ec8c</load_address>
         <run_address>0x2000ec8c</run_address>
         <size>0x40</size>
         <input_file_ref idref="fl-14"/>
      </object_component>
      <object_component id="oc-4e5">
         <name>.text:UARTCC32XX_read</name>
         <load_address>0x2000eccc</load_address>
         <run_address>0x2000eccc</run_address>
         <size>0x40</size>
         <input_file_ref idref="fl-12"/>
      </object_component>
      <object_component id="oc-1d5">
         <name>.text:UART_open</name>
         <load_address>0x2000ed0c</load_address>
         <run_address>0x2000ed0c</run_address>
         <size>0x40</size>
         <input_file_ref idref="fl-e"/>
      </object_component>
      <object_component id="oc-3a2">
         <name>.text:ClockP_destruct</name>
         <load_address>0x2000ed4c</load_address>
         <run_address>0x2000ed4c</run_address>
         <size>0x3c</size>
         <input_file_ref idref="fl-17"/>
      </object_component>
      <object_component id="oc-5c7">
         <name>.text:Power_setConstraint</name>
         <load_address>0x2000ed88</load_address>
         <run_address>0x2000ed88</run_address>
         <size>0x3c</size>
         <input_file_ref idref="fl-10"/>
      </object_component>
      <object_component id="oc-462">
         <name>.text:getCountsRTC</name>
         <load_address>0x2000edc4</load_address>
         <run_address>0x2000edc4</run_address>
         <size>0x3a</size>
         <input_file_ref idref="fl-19"/>
      </object_component>
      <object_component id="oc-61">
         <name>.text:nmiISR</name>
         <load_address>0x2000edfe</load_address>
         <run_address>0x2000edfe</run_address>
         <size>0x2</size>
         <input_file_ref idref="fl-1a"/>
      </object_component>
      <object_component id="oc-572">
         <name>.text:PRCMLPDSEnterKeepDebugIf</name>
         <load_address>0x2000ee00</load_address>
         <run_address>0x2000ee00</run_address>
         <size>0x38</size>
         <input_file_ref idref="fl-20"/>
      </object_component>
      <object_component id="oc-db">
         <name>.text:addToList</name>
         <load_address>0x2000ee38</load_address>
         <run_address>0x2000ee38</run_address>
         <size>0x38</size>
         <input_file_ref idref="fl-17"/>
      </object_component>
      <object_component id="oc-59">
         <name>.text:initVectors</name>
         <load_address>0x2000ee70</load_address>
         <run_address>0x2000ee70</run_address>
         <size>0x38</size>
         <input_file_ref idref="fl-1a"/>
      </object_component>
      <object_component id="oc-543">
         <name>.text:notify</name>
         <load_address>0x2000eea8</load_address>
         <run_address>0x2000eea8</run_address>
         <size>0x38</size>
         <input_file_ref idref="fl-10"/>
      </object_component>
      <object_component id="oc-4f1">
         <name>.text:UARTCC32XX_readCancel</name>
         <load_address>0x2000eee0</load_address>
         <run_address>0x2000eee0</run_address>
         <size>0x36</size>
         <input_file_ref idref="fl-12"/>
      </object_component>
      <object_component id="oc-53d">
         <name>.text</name>
         <load_address>0x2000ef16</load_address>
         <run_address>0x2000ef16</run_address>
         <size>0x2</size>
         <input_file_ref idref="fl-e1"/>
      </object_component>
      <object_component id="oc-450">
         <name>.text:ClockP_getTicksUntilInterrupt</name>
         <load_address>0x2000ef18</load_address>
         <run_address>0x2000ef18</run_address>
         <size>0x34</size>
         <input_file_ref idref="fl-17"/>
      </object_component>
      <object_component id="oc-534">
         <name>.text:ClockP_startup</name>
         <load_address>0x2000ef4c</load_address>
         <run_address>0x2000ef4c</run_address>
         <size>0x34</size>
         <input_file_ref idref="fl-17"/>
      </object_component>
      <object_component id="oc-26d">
         <name>.text:PinModeGet</name>
         <load_address>0x2000ef80</load_address>
         <run_address>0x2000ef80</run_address>
         <size>0x34</size>
         <input_file_ref idref="fl-1f"/>
      </object_component>
      <object_component id="oc-5b4">
         <name>.text:PowerCC32XX_restoreParkState</name>
         <load_address>0x2000efb4</load_address>
         <run_address>0x2000efb4</run_address>
         <size>0x34</size>
         <input_file_ref idref="fl-10"/>
      </object_component>
      <object_component id="oc-390">
         <name>.text:ClockP_start</name>
         <load_address>0x2000efe8</load_address>
         <run_address>0x2000efe8</run_address>
         <size>0x30</size>
         <input_file_ref idref="fl-17"/>
      </object_component>
      <object_component id="oc-67a">
         <name>.text:PowerCC32XX_restoreParkedPin</name>
         <load_address>0x2000f018</load_address>
         <run_address>0x2000f018</run_address>
         <size>0x30</size>
         <input_file_ref idref="fl-10"/>
      </object_component>
      <object_component id="oc-5e1">
         <name>.text:PowerCC32XX_getParkState</name>
         <load_address>0x2000f048</load_address>
         <run_address>0x2000f048</run_address>
         <size>0x2c</size>
         <input_file_ref idref="fl-10"/>
      </object_component>
      <object_component id="oc-2e8">
         <name>.text:HwiP_create</name>
         <load_address>0x2000f074</load_address>
         <run_address>0x2000f074</run_address>
         <size>0x2a</size>
         <input_file_ref idref="fl-18"/>
      </object_component>
      <object_component id="oc-267">
         <name>.text:PRCMPeripheralClkDisable</name>
         <load_address>0x2000f0a0</load_address>
         <run_address>0x2000f0a0</run_address>
         <size>0x28</size>
         <input_file_ref idref="fl-20"/>
      </object_component>
      <object_component id="oc-2ac">
         <name>.text:Power_registerNotify</name>
         <load_address>0x2000f0c8</load_address>
         <run_address>0x2000f0c8</run_address>
         <size>0x28</size>
         <input_file_ref idref="fl-10"/>
      </object_component>
      <object_component id="oc-4ae">
         <name>.text:free_list_insert</name>
         <load_address>0x2000f0f0</load_address>
         <run_address>0x2000f0f0</run_address>
         <size>0x28</size>
         <input_file_ref idref="fl-df"/>
      </object_component>
      <object_component id="oc-3b3">
         <name>.text:List_put</name>
         <load_address>0x2000f118</load_address>
         <run_address>0x2000f118</run_address>
         <size>0x26</size>
         <input_file_ref idref="fl-13"/>
      </object_component>
      <object_component id="oc-69e">
         <name>.text:List_remove</name>
         <load_address>0x2000f13e</load_address>
         <run_address>0x2000f13e</run_address>
         <size>0x26</size>
         <input_file_ref idref="fl-13"/>
      </object_component>
      <object_component id="oc-51b">
         <name>.text:HwiP_dispatch</name>
         <load_address>0x2000f164</load_address>
         <run_address>0x2000f164</run_address>
         <size>0x24</size>
         <input_file_ref idref="fl-18"/>
      </object_component>
      <object_component id="oc-5db">
         <name>.text:PowerCC32XX_reset</name>
         <load_address>0x2000f188</load_address>
         <run_address>0x2000f188</run_address>
         <size>0x24</size>
         <input_file_ref idref="fl-10"/>
      </object_component>
      <object_component id="oc-c5">
         <name>.text:_c_int00_noargs:_c_int00_noargs</name>
         <load_address>0x2000f1ac</load_address>
         <run_address>0x2000f1ac</run_address>
         <size>0x24</size>
         <input_file_ref idref="fl-e0"/>
      </object_component>
      <object_component id="oc-695">
         <name>.text:HwiP_destruct</name>
         <load_address>0x2000f1d0</load_address>
         <run_address>0x2000f1d0</run_address>
         <size>0x20</size>
         <input_file_ref idref="fl-18"/>
      </object_component>
      <object_component id="oc-5a8">
         <name>.text:Power_unregisterNotify</name>
         <load_address>0x2000f1f0</load_address>
         <run_address>0x2000f1f0</run_address>
         <size>0x20</size>
         <input_file_ref idref="fl-10"/>
      </object_component>
      <object_component id="oc-5c1">
         <name>.text:RingBuf_peek</name>
         <load_address>0x2000f210</load_address>
         <run_address>0x2000f210</run_address>
         <size>0x20</size>
         <input_file_ref idref="fl-14"/>
      </object_component>
      <object_component id="oc-5d5">
         <name>.text:getPowerMgrId</name>
         <load_address>0x2000f230</load_address>
         <run_address>0x2000f230</run_address>
         <size>0x20</size>
         <input_file_ref idref="fl-12"/>
      </object_component>
      <object_component id="oc-5ba">
         <name>.text:PinToPadGet</name>
         <load_address>0x2000f250</load_address>
         <run_address>0x2000f250</run_address>
         <size>0x1c</size>
         <input_file_ref idref="fl-1f"/>
      </object_component>
      <object_component id="oc-444">
         <name>.text:SwiP_disable</name>
         <load_address>0x2000f26c</load_address>
         <run_address>0x2000f26c</run_address>
         <size>0x1c</size>
         <input_file_ref idref="fl-1b"/>
      </object_component>
      <object_component id="oc-47">
         <name>.text:decompress:ZI:__TI_zero_init_nomemset:__TI_zero_init_nomemset</name>
         <load_address>0x2000f288</load_address>
         <run_address>0x2000f288</run_address>
         <size>0x1c</size>
         <input_file_ref idref="fl-dc"/>
      </object_component>
      <object_component id="oc-4a8">
         <name>.text:free_list_remove</name>
         <load_address>0x2000f2a4</load_address>
         <run_address>0x2000f2a4</run_address>
         <size>0x1c</size>
         <input_file_ref idref="fl-df"/>
      </object_component>
      <object_component id="oc-5ed">
         <name>.text:ClockP_create</name>
         <load_address>0x2000f2c0</load_address>
         <run_address>0x2000f2c0</run_address>
         <size>0x1a</size>
         <input_file_ref idref="fl-17"/>
      </object_component>
      <object_component id="oc-288">
         <name>.text:SemaphoreP_createBinary</name>
         <load_address>0x2000f2da</load_address>
         <run_address>0x2000f2da</run_address>
         <size>0x1a</size>
         <input_file_ref idref="fl-16"/>
      </object_component>
      <object_component id="oc-21">
         <name>.text:resetISR</name>
         <load_address>0x2000f2f4</load_address>
         <run_address>0x2000f2f4</run_address>
         <size>0x1a</size>
         <input_file_ref idref="fl-1a"/>
      </object_component>
      <object_component id="oc-456">
         <name>.text:Power_getTransitionLatency</name>
         <load_address>0x2000f310</load_address>
         <run_address>0x2000f310</run_address>
         <size>0x18</size>
         <input_file_ref idref="fl-10"/>
      </object_component>
      <object_component id="oc-585">
         <name>.text:Power_idleFunc</name>
         <load_address>0x2000f328</load_address>
         <run_address>0x2000f328</run_address>
         <size>0x18</size>
         <input_file_ref idref="fl-10"/>
      </object_component>
      <object_component id="oc-624">
         <name>.text:UARTBusy</name>
         <load_address>0x2000f340</load_address>
         <run_address>0x2000f340</run_address>
         <size>0x18</size>
         <input_file_ref idref="fl-21"/>
      </object_component>
      <object_component id="oc-6f4">
         <name>.text:UARTIntEnable</name>
         <load_address>0x2000f358</load_address>
         <run_address>0x2000f358</run_address>
         <size>0x18</size>
         <input_file_ref idref="fl-21"/>
      </object_component>
      <object_component id="oc-1cf">
         <name>.text:UART_Params_init</name>
         <load_address>0x2000f370</load_address>
         <run_address>0x2000f370</run_address>
         <size>0x18</size>
         <input_file_ref idref="fl-e"/>
      </object_component>
      <object_component id="oc-473">
         <name>.text</name>
         <load_address>0x2000f388</load_address>
         <run_address>0x2000f388</run_address>
         <size>0x18</size>
         <input_file_ref idref="fl-d9"/>
      </object_component>
      <object_component id="oc-255">
         <name>.text:PRCMHIBRegRead</name>
         <load_address>0x2000f3a0</load_address>
         <run_address>0x2000f3a0</run_address>
         <size>0x16</size>
         <input_file_ref idref="fl-20"/>
      </object_component>
      <object_component id="oc-24f">
         <name>.text:PRCMHIBRegWrite</name>
         <load_address>0x2000f3b6</load_address>
         <run_address>0x2000f3b6</run_address>
         <size>0x16</size>
         <input_file_ref idref="fl-20"/>
      </object_component>
      <object_component id="oc-378">
         <name>.text:SemaphoreP_create</name>
         <load_address>0x2000f3cc</load_address>
         <run_address>0x2000f3cc</run_address>
         <size>0x16</size>
         <input_file_ref idref="fl-16"/>
      </object_component>
      <object_component id="oc-a3">
         <name>.text:CPUcpsid</name>
         <load_address>0x2000f3e2</load_address>
         <run_address>0x2000f3e2</run_address>
         <size>0x14</size>
         <input_file_ref idref="fl-1d"/>
      </object_component>
      <object_component id="oc-3ba">
         <name>.text:HwiP_inISR</name>
         <load_address>0x2000f3f8</load_address>
         <run_address>0x2000f3f8</run_address>
         <size>0x14</size>
         <input_file_ref idref="fl-18"/>
      </object_component>
      <object_component id="oc-af">
         <name>.text:IntVTableBaseSet</name>
         <load_address>0x2000f40c</load_address>
         <run_address>0x2000f40c</run_address>
         <size>0x14</size>
         <input_file_ref idref="fl-1e"/>
      </object_component>
      <object_component id="oc-3c0">
         <name>.text:Power_disablePolicy</name>
         <load_address>0x2000f420</load_address>
         <run_address>0x2000f420</run_address>
         <size>0x14</size>
         <input_file_ref idref="fl-10"/>
      </object_component>
      <object_component id="oc-673">
         <name>.text:Power_getDependencyCount</name>
         <load_address>0x2000f434</load_address>
         <run_address>0x2000f434</run_address>
         <size>0x14</size>
         <input_file_ref idref="fl-10"/>
      </object_component>
      <object_component id="oc-6ee">
         <name>.text:releasePowerConstraint</name>
         <load_address>0x2000f448</load_address>
         <run_address>0x2000f448</run_address>
         <size>0x14</size>
         <input_file_ref idref="fl-12"/>
      </object_component>
      <object_component id="oc-2e2">
         <name>.text:HwiP_Params_init</name>
         <load_address>0x2000f45c</load_address>
         <run_address>0x2000f45c</run_address>
         <size>0x12</size>
         <input_file_ref idref="fl-18"/>
      </object_component>
      <object_component id="oc-5cf">
         <name>.text:RingBuf_construct</name>
         <load_address>0x2000f46e</load_address>
         <run_address>0x2000f46e</run_address>
         <size>0x12</size>
         <input_file_ref idref="fl-14"/>
      </object_component>
      <object_component id="oc-11a">
         <name>.text:main</name>
         <load_address>0x2000f480</load_address>
         <run_address>0x2000f480</run_address>
         <size>0x12</size>
         <input_file_ref idref="fl-2"/>
      </object_component>
      <object_component id="oc-152">
         <name>.text:Board_init</name>
         <load_address>0x2000f492</load_address>
         <run_address>0x2000f492</run_address>
         <size>0x10</size>
         <input_file_ref idref="fl-4"/>
      </object_component>
      <object_component id="oc-38a">
         <name>.text:ClockP_add</name>
         <load_address>0x2000f4a2</load_address>
         <run_address>0x2000f4a2</run_address>
         <size>0x10</size>
         <input_file_ref idref="fl-17"/>
      </object_component>
      <object_component id="oc-59c">
         <name>.text:ClockP_delete</name>
         <load_address>0x2000f4b2</load_address>
         <run_address>0x2000f4b2</run_address>
         <size>0x10</size>
         <input_file_ref idref="fl-17"/>
      </object_component>
      <object_component id="oc-43e">
         <name>.text:ClockP_getCpuFreq</name>
         <load_address>0x2000f4c4</load_address>
         <run_address>0x2000f4c4</run_address>
         <size>0x10</size>
         <input_file_ref idref="fl-17"/>
      </object_component>
      <object_component id="oc-45c">
         <name>.text:ClockP_getSystemTicks</name>
         <load_address>0x2000f4d4</load_address>
         <run_address>0x2000f4d4</run_address>
         <size>0x10</size>
         <input_file_ref idref="fl-17"/>
      </object_component>
      <object_component id="oc-478">
         <name>.text:ClockP_setTicks</name>
         <load_address>0x2000f4e4</load_address>
         <run_address>0x2000f4e4</run_address>
         <size>0x10</size>
         <input_file_ref idref="fl-17"/>
      </object_component>
      <object_component id="oc-596">
         <name>.text:HwiP_delete</name>
         <load_address>0x2000f4f4</load_address>
         <run_address>0x2000f4f4</run_address>
         <size>0x10</size>
         <input_file_ref idref="fl-18"/>
      </object_component>
      <object_component id="oc-294">
         <name>.text:HwiP_restore</name>
         <load_address>0x2000f504</load_address>
         <run_address>0x2000f504</run_address>
         <size>0x10</size>
         <input_file_ref idref="fl-18"/>
      </object_component>
      <object_component id="oc-396">
         <name>.text:Power_enablePolicy</name>
         <load_address>0x2000f514</load_address>
         <run_address>0x2000f514</run_address>
         <size>0x10</size>
         <input_file_ref idref="fl-10"/>
      </object_component>
      <object_component id="oc-372">
         <name>.text:SemaphoreP_Params_init</name>
         <load_address>0x2000f524</load_address>
         <run_address>0x2000f524</run_address>
         <size>0x10</size>
         <input_file_ref idref="fl-16"/>
      </object_component>
      <object_component id="oc-614">
         <name>.text:readBlockingTimeout</name>
         <load_address>0x2000f534</load_address>
         <run_address>0x2000f534</run_address>
         <size>0x10</size>
         <input_file_ref idref="fl-12"/>
      </object_component>
      <object_component id="oc-28e">
         <name>.text:HwiP_disable</name>
         <load_address>0x2000f544</load_address>
         <run_address>0x2000f544</run_address>
         <size>0xe</size>
         <input_file_ref idref="fl-18"/>
      </object_component>
      <object_component id="oc-158">
         <name>.text:HwiP_enable</name>
         <load_address>0x2000f552</load_address>
         <run_address>0x2000f552</run_address>
         <size>0xe</size>
         <input_file_ref idref="fl-18"/>
      </object_component>
      <object_component id="oc-71a">
         <name>.text:RingBuf_isFull</name>
         <load_address>0x2000f560</load_address>
         <run_address>0x2000f560</run_address>
         <size>0xe</size>
         <input_file_ref idref="fl-14"/>
      </object_component>
      <object_component id="oc-1a">
         <name>.text:decompress:none:__TI_decompress_none</name>
         <load_address>0x2000f56e</load_address>
         <run_address>0x2000f56e</run_address>
         <size>0xe</size>
         <input_file_ref idref="fl-dd"/>
      </object_component>
      <object_component id="oc-44a">
         <name>.text:Power_getConstraintMask</name>
         <load_address>0x2000f57c</load_address>
         <run_address>0x2000f57c</run_address>
         <size>0xc</size>
         <input_file_ref idref="fl-10"/>
      </object_component>
      <object_component id="oc-5fc">
         <name>.text:postNotifyFxn</name>
         <load_address>0x2000f588</load_address>
         <run_address>0x2000f588</run_address>
         <size>0xc</size>
         <input_file_ref idref="fl-12"/>
      </object_component>
      <object_component id="oc-5e7">
         <name>.text:ClockP_Params_init</name>
         <load_address>0x2000f594</load_address>
         <run_address>0x2000f594</run_address>
         <size>0xa</size>
         <input_file_ref idref="fl-17"/>
      </object_component>
      <object_component id="oc-39c">
         <name>.text:ClockP_isActive</name>
         <load_address>0x2000f59e</load_address>
         <run_address>0x2000f59e</run_address>
         <size>0xa</size>
         <input_file_ref idref="fl-17"/>
      </object_component>
      <object_component id="oc-53">
         <name>.text:IntMasterDisable</name>
         <load_address>0x2000f5a8</load_address>
         <run_address>0x2000f5a8</run_address>
         <size>0xa</size>
         <input_file_ref idref="fl-1e"/>
      </object_component>
      <object_component id="oc-1e7">
         <name>.text:UART_read</name>
         <load_address>0x2000f5b2</load_address>
         <run_address>0x2000f5b2</run_address>
         <size>0xa</size>
         <input_file_ref idref="fl-e"/>
      </object_component>
      <object_component id="oc-1e1">
         <name>.text:UART_write</name>
         <load_address>0x2000f5bc</load_address>
         <run_address>0x2000f5bc</run_address>
         <size>0xa</size>
         <input_file_ref idref="fl-e"/>
      </object_component>
      <object_component id="oc-3f2">
         <name>.text:malloc</name>
         <load_address>0x2000f5c6</load_address>
         <run_address>0x2000f5c6</run_address>
         <size>0x8</size>
         <input_file_ref idref="fl-df"/>
      </object_component>
      <object_component id="oc-60e">
         <name>.text:readSemCallback</name>
         <load_address>0x2000f5ce</load_address>
         <run_address>0x2000f5ce</run_address>
         <size>0x8</size>
         <input_file_ref idref="fl-12"/>
      </object_component>
      <object_component id="oc-608">
         <name>.text:writeSemCallback</name>
         <load_address>0x2000f5d6</load_address>
         <run_address>0x2000f5d6</run_address>
         <size>0x8</size>
         <input_file_ref idref="fl-12"/>
      </object_component>
      <object_component id="oc-24e">
         <name>.text:UtilsDelay</name>
         <load_address>0x2000f5de</load_address>
         <run_address>0x2000f5de</run_address>
         <size>0x6</size>
         <input_file_ref idref="fl-22"/>
      </object_component>
      <object_component id="oc-721">
         <name>.text:ClockP_setTimeout</name>
         <load_address>0x2000f5e4</load_address>
         <run_address>0x2000f5e4</run_address>
         <size>0x4</size>
         <input_file_ref idref="fl-17"/>
      </object_component>
      <object_component id="oc-57b">
         <name>.text:HwiP_post</name>
         <load_address>0x2000f5e8</load_address>
         <run_address>0x2000f5e8</run_address>
         <size>0x4</size>
         <input_file_ref idref="fl-18"/>
      </object_component>
      <object_component id="oc-29a">
         <name>.text:SemaphoreP_delete</name>
         <load_address>0x2000f5ec</load_address>
         <run_address>0x2000f5ec</run_address>
         <size>0x4</size>
         <input_file_ref idref="fl-16"/>
      </object_component>
      <object_component id="oc-114">
         <name>.text:_system_pre_init</name>
         <load_address>0x2000f5f0</load_address>
         <run_address>0x2000f5f0</run_address>
         <size>0x4</size>
         <input_file_ref idref="fl-e4"/>
      </object_component>
      <object_component id="oc-165">
         <name>.text:abort:abort</name>
         <load_address>0x2000f5f4</load_address>
         <run_address>0x2000f5f4</run_address>
         <size>0x4</size>
         <input_file_ref idref="fl-e6"/>
      </object_component>
      <object_component id="oc-357">
         <name>.const:g_ulPinToPadMap</name>
         <load_address>0x2000fba4</load_address>
         <run_address>0x2000fba4</run_address>
         <size>0x100</size>
         <input_file_ref idref="fl-1f"/>
      </object_component>
      <object_component id="oc-350">
         <name>.const:PRCM_PeriphRegsList</name>
         <load_address>0x2000fca4</load_address>
         <run_address>0x2000fca4</run_address>
         <size>0xa8</size>
         <input_file_ref idref="fl-20"/>
      </object_component>
      <object_component id="oc-283">
         <name>.const:PowerCC32XX_config</name>
         <load_address>0x2000fd4c</load_address>
         <run_address>0x2000fd4c</run_address>
         <size>0x44</size>
         <input_file_ref idref="fl-4"/>
      </object_component>
      <object_component id="oc-3e6">
         <name>.const:UARTCC32XX_fxnTable</name>
         <load_address>0x2000fd90</load_address>
         <run_address>0x2000fd90</run_address>
         <size>0x28</size>
         <input_file_ref idref="fl-12"/>
      </object_component>
      <object_component id="oc-313">
         <name>.const:UART_defaultParams</name>
         <load_address>0x2000fdb8</load_address>
         <run_address>0x2000fdb8</run_address>
         <size>0x24</size>
         <input_file_ref idref="fl-e"/>
      </object_component>
      <object_component id="oc-3ea">
         <name>.const:uartCC32XXHWAttrs0</name>
         <load_address>0x2000fddc</load_address>
         <run_address>0x2000fddc</run_address>
         <size>0x24</size>
         <input_file_ref idref="fl-4"/>
      </object_component>
      <object_component id="oc-2ee">
         <name>.const:.string:pinTable</name>
         <load_address>0x2000fe00</load_address>
         <run_address>0x2000fe00</run_address>
         <size>0x21</size>
         <input_file_ref idref="fl-f"/>
      </object_component>
      <object_component id="oc-2cf">
         <name>.const</name>
         <load_address>0x2000fe21</load_address>
         <run_address>0x2000fe21</run_address>
         <size>0x3</size>
         <input_file_ref idref="fl-4"/>
      </object_component>
      <object_component id="oc-5f9">
         <name>.const:staticFxnTable</name>
         <load_address>0x2000fe24</load_address>
         <run_address>0x2000fe24</run_address>
         <size>0x20</size>
         <input_file_ref idref="fl-12"/>
      </object_component>
      <object_component id="oc-10e">
         <name>.const:g_pulEnRegs</name>
         <load_address>0x2000fe44</load_address>
         <run_address>0x2000fe44</run_address>
         <size>0x18</size>
         <input_file_ref idref="fl-1e"/>
      </object_component>
      <object_component id="oc-705">
         <name>.const:g_pulPendRegs</name>
         <load_address>0x2000fe5c</load_address>
         <run_address>0x2000fe5c</run_address>
         <size>0x18</size>
         <input_file_ref idref="fl-1e"/>
      </object_component>
      <object_component id="oc-1f3">
         <name>.const:.string:$P$T0$1</name>
         <load_address>0x2000fe74</load_address>
         <run_address>0x2000fe74</run_address>
         <size>0x16</size>
         <input_file_ref idref="fl-3"/>
      </object_component>
      <object_component id="oc-2bc">
         <name>.const:GPIOCC32XX_config</name>
         <load_address>0x2000fe8c</load_address>
         <run_address>0x2000fe8c</run_address>
         <size>0x14</size>
         <input_file_ref idref="fl-4"/>
      </object_component>
      <object_component id="oc-309">
         <name>.const:gpioBaseAddresses</name>
         <load_address>0x2000fea0</load_address>
         <run_address>0x2000fea0</run_address>
         <size>0x14</size>
         <input_file_ref idref="fl-f"/>
      </object_component>
      <object_component id="oc-6b7">
         <name>.const:parityType</name>
         <load_address>0x2000feb4</load_address>
         <run_address>0x2000feb4</run_address>
         <size>0x14</size>
         <input_file_ref idref="fl-12"/>
      </object_component>
      <object_component id="oc-2f1">
         <name>.const:powerResources</name>
         <load_address>0x2000fec8</load_address>
         <run_address>0x2000fec8</run_address>
         <size>0x14</size>
         <input_file_ref idref="fl-f"/>
      </object_component>
      <object_component id="oc-6bd">
         <name>.const:dataLength</name>
         <load_address>0x2000fedc</load_address>
         <run_address>0x2000fedc</run_address>
         <size>0x10</size>
         <input_file_ref idref="fl-12"/>
      </object_component>
      <object_component id="oc-2d2">
         <name>.const:UART_config</name>
         <load_address>0x2000feec</load_address>
         <run_address>0x2000feec</run_address>
         <size>0xc</size>
         <input_file_ref idref="fl-4"/>
      </object_component>
      <object_component id="oc-2f7">
         <name>.const:outPinTypes</name>
         <load_address>0x2000fef8</load_address>
         <run_address>0x2000fef8</run_address>
         <size>0x8</size>
         <input_file_ref idref="fl-f"/>
      </object_component>
      <object_component id="oc-6ba">
         <name>.const:stopBits</name>
         <load_address>0x2000ff00</load_address>
         <run_address>0x2000ff00</run_address>
         <size>0x8</size>
         <input_file_ref idref="fl-12"/>
      </object_component>
      <object_component id="oc-306">
         <name>.const:.string:interruptType</name>
         <load_address>0x2000ff08</load_address>
         <run_address>0x2000ff08</run_address>
         <size>0x6</size>
         <input_file_ref idref="fl-f"/>
      </object_component>
      <object_component id="oc-2fa">
         <name>.const:inPinTypes</name>
         <load_address>0x2000ff0e</load_address>
         <run_address>0x2000ff0e</run_address>
         <size>0x6</size>
         <input_file_ref idref="fl-f"/>
      </object_component>
      <object_component id="oc-2f4">
         <name>.const:outPinStrengths</name>
         <load_address>0x2000ff14</load_address>
         <run_address>0x2000ff14</run_address>
         <size>0x6</size>
         <input_file_ref idref="fl-f"/>
      </object_component>
      <object_component id="oc-2fd">
         <name>.const:.string:portInterruptIds</name>
         <load_address>0x2000ff1a</load_address>
         <run_address>0x2000ff1a</run_address>
         <size>0x4</size>
         <input_file_ref idref="fl-f"/>
      </object_component>
      <object_component id="oc-768">
         <name>.cinit..data.load</name>
         <load_address>0x20010150</load_address>
         <run_address>0x20010150</run_address>
         <size>0xbe</size>
      </object_component>
      <object_component id="oc-766">
         <name>__TI_handler_table</name>
         <load_address>0x20010210</load_address>
         <run_address>0x20010210</run_address>
         <size>0xc</size>
      </object_component>
      <object_component id="oc-769">
         <name>.cinit..bss.load</name>
         <load_address>0x20010220</load_address>
         <run_address>0x20010220</run_address>
         <size>0x8</size>
      </object_component>
      <object_component id="oc-767">
         <name>__TI_cinit_table</name>
         <load_address>0x20010228</load_address>
         <run_address>0x20010228</run_address>
         <size>0x10</size>
      </object_component>
      <object_component id="oc-3c9">
         <name>.data:gpioPinConfigs</name>
         <load_address>0x2000fba0</load_address>
         <run_address>0x2000fba0</run_address>
         <size>0x4</size>
         <input_file_ref idref="fl-4"/>
      </object_component>
      <object_component id="oc-3cc">
         <name>.data:gpioCallbackFunctions</name>
         <load_address>0x2000fb9c</load_address>
         <run_address>0x2000fb9c</run_address>
         <size>0x4</size>
         <input_file_ref idref="fl-4"/>
      </object_component>
      <object_component id="oc-36d">
         <name>.data:parkInfo</name>
         <load_address>0x2000fa70</load_address>
         <run_address>0x2000fa70</run_address>
         <size>0xf8</size>
         <input_file_ref idref="fl-4"/>
      </object_component>
      <object_component id="oc-2cc">
         <name>.data</name>
         <load_address>0x2000fb99</load_address>
         <run_address>0x2000fb99</run_address>
         <size>0x1</size>
         <input_file_ref idref="fl-e"/>
      </object_component>
      <object_component id="oc-2b9">
         <name>.data</name>
         <load_address>0x2000fb68</load_address>
         <run_address>0x2000fb68</run_address>
         <size>0x9</size>
         <input_file_ref idref="fl-f"/>
      </object_component>
      <object_component id="oc-280">
         <name>.data:PowerCC32XX_module</name>
         <load_address>0x2000f904</load_address>
         <run_address>0x2000f904</run_address>
         <size>0x16c</size>
         <input_file_ref idref="fl-10"/>
      </object_component>
      <object_component id="oc-3ae">
         <name>.data</name>
         <load_address>0x2000fb71</load_address>
         <run_address>0x2000fb71</run_address>
         <size>0x3</size>
         <input_file_ref idref="fl-16"/>
      </object_component>
      <object_component id="oc-48a">
         <name>.data:SemaphoreP_defaultParams</name>
         <load_address>0x2000fb84</load_address>
         <run_address>0x2000fb84</run_address>
         <size>0x8</size>
         <input_file_ref idref="fl-16"/>
      </object_component>
      <object_component id="oc-484">
         <name>.data</name>
         <load_address>0x2000fb94</load_address>
         <run_address>0x2000fb94</run_address>
         <size>0x5</size>
         <input_file_ref idref="fl-17"/>
      </object_component>
      <object_component id="oc-518">
         <name>.data:HwiP_dispatchTable</name>
         <load_address>0x2000f5f8</load_address>
         <run_address>0x2000f5f8</run_address>
         <size>0x30c</size>
         <input_file_ref idref="fl-18"/>
      </object_component>
      <object_component id="oc-521">
         <name>.data</name>
         <load_address>0x2000fb8c</load_address>
         <run_address>0x2000fb8c</run_address>
         <size>0x8</size>
         <input_file_ref idref="fl-18"/>
      </object_component>
      <object_component id="oc-58e">
         <name>.data:$O1$$</name>
         <load_address>0x2000fb7c</load_address>
         <run_address>0x2000fb7c</run_address>
         <size>0x8</size>
         <input_file_ref idref="fl-df"/>
      </object_component>
      <object_component id="oc-202">
         <name>.data:$O1$$</name>
         <load_address>0x2000fb74</load_address>
         <run_address>0x2000fb74</run_address>
         <size>0x8</size>
         <input_file_ref idref="fl-e7"/>
      </object_component>
      <object_component id="oc-50c">
         <name>.bss:uartCC32XXRingBuffer0</name>
         <uninitialized>true</uninitialized>
         <run_address>0x200100f0</run_address>
         <size>0x20</size>
         <input_file_ref idref="fl-4"/>
      </object_component>
      <object_component id="oc-2c8">
         <name>.bss:gpioCallbackInfo</name>
         <uninitialized>true</uninitialized>
         <run_address>0x200100d0</run_address>
         <size>0x20</size>
         <input_file_ref idref="fl-f"/>
      </object_component>
      <object_component id="oc-2bf">
         <name>.bss:powerNotifyObj</name>
         <uninitialized>true</uninitialized>
         <run_address>0x20010110</run_address>
         <size>0x14</size>
         <input_file_ref idref="fl-f"/>
      </object_component>
      <object_component id="oc-2b8">
         <name>.bss</name>
         <uninitialized>true</uninitialized>
         <run_address>0x20010124</run_address>
         <size>0x4</size>
         <input_file_ref idref="fl-f"/>
      </object_component>
      <object_component id="oc-655">
         <name>.bss</name>
         <uninitialized>true</uninitialized>
         <run_address>0x20010148</run_address>
         <size>0x4</size>
         <input_file_ref idref="fl-17"/>
      </object_component>
      <object_component id="oc-528">
         <name>.bss</name>
         <uninitialized>true</uninitialized>
         <run_address>0x20010138</run_address>
         <size>0xd</size>
         <input_file_ref idref="fl-1b"/>
      </object_component>
      <object_component id="oc-31c">
         <name>.common:state</name>
         <uninitialized>true</uninitialized>
         <run_address>0x20010145</run_address>
         <size>0x1</size>
      </object_component>
      <object_component id="oc-3e9">
         <name>.common:uartCC32XXObjects0</name>
         <uninitialized>true</uninitialized>
         <run_address>0x2001004c</run_address>
         <size>0x84</size>
      </object_component>
      <object_component id="oc-664">
         <name>.common:PowerCC32XX_contextSave</name>
         <uninitialized>true</uninitialized>
         <run_address>0x2000ff20</run_address>
         <size>0x12c</size>
      </object_component>
      <object_component id="oc-e1">
         <name>.common:ClockP_ctrl</name>
         <uninitialized>true</uninitialized>
         <run_address>0x20010128</run_address>
         <size>0x10</size>
      </object_component>
      <object_component id="oc-2a">
         <name>.sysmem</name>
         <uninitialized>true</uninitialized>
         <run_address>0x20004040</run_address>
         <size>0x10</size>
         <input_file_ref idref="fl-df"/>
      </object_component>
      <object_component id="oc-76c">
         <name>.sysmem</name>
         <uninitialized>true</uninitialized>
         <run_address>0x20004040</run_address>
         <size>0x0</size>
      </object_component>
      <object_component id="oc-2d">
         <name>.stack</name>
         <uninitialized>true</uninitialized>
         <run_address>0x20003000</run_address>
         <size>0x4</size>
         <input_file_ref idref="fl-e0"/>
      </object_component>
      <object_component id="oc-76b">
         <name>.stack</name>
         <uninitialized>true</uninitialized>
         <run_address>0x20003000</run_address>
         <size>0x0</size>
      </object_component>
      <object_component id="oc-27">
         <name>.resetVecs:retain</name>
         <load_address>0x20004000</load_address>
         <run_address>0x20004000</run_address>
         <size>0x40</size>
         <input_file_ref idref="fl-1a"/>
      </object_component>
      <object_component id="oc-bb">
         <name>.ramVecs</name>
         <uninitialized>true</uninitialized>
         <run_address>0x20000000</run_address>
         <size>0x30c</size>
         <input_file_ref idref="fl-1a"/>
      </object_component>
      <object_component id="oc-14d">
         <name>.debug_info</name>
         <load_address>0x0</load_address>
         <run_address>0x0</run_address>
         <size>0x1b9</size>
         <input_file_ref idref="fl-2"/>
      </object_component>
      <object_component id="oc-11e">
         <name>.debug_info</name>
         <load_address>0x1b9</load_address>
         <run_address>0x1b9</run_address>
         <size>0x151</size>
         <input_file_ref idref="fl-2"/>
      </object_component>
      <object_component id="oc-e7">
         <name>.debug_info</name>
         <load_address>0x30a</load_address>
         <run_address>0x30a</run_address>
         <size>0x26b</size>
         <input_file_ref idref="fl-2"/>
      </object_component>
      <object_component id="oc-36">
         <name>.debug_info</name>
         <load_address>0x575</load_address>
         <run_address>0x575</run_address>
         <size>0x84</size>
         <input_file_ref idref="fl-2"/>
      </object_component>
      <object_component id="oc-148">
         <name>.debug_info</name>
         <load_address>0x5f9</load_address>
         <run_address>0x5f9</run_address>
         <size>0x2a4</size>
         <input_file_ref idref="fl-2"/>
      </object_component>
      <object_component id="oc-220">
         <name>.debug_info</name>
         <load_address>0x89d</load_address>
         <run_address>0x89d</run_address>
         <size>0xef</size>
         <input_file_ref idref="fl-2"/>
      </object_component>
      <object_component id="oc-12f">
         <name>.debug_info</name>
         <load_address>0x98c</load_address>
         <run_address>0x98c</run_address>
         <size>0xbb</size>
         <input_file_ref idref="fl-2"/>
      </object_component>
      <object_component id="oc-243">
         <name>.debug_info</name>
         <load_address>0xa47</load_address>
         <run_address>0xa47</run_address>
         <size>0x53</size>
         <input_file_ref idref="fl-2"/>
      </object_component>
      <object_component id="oc-1f7">
         <name>.debug_info</name>
         <load_address>0xa9a</load_address>
         <run_address>0xa9a</run_address>
         <size>0x3b6</size>
         <input_file_ref idref="fl-3"/>
      </object_component>
      <object_component id="oc-1f4">
         <name>.debug_info</name>
         <load_address>0xe50</load_address>
         <run_address>0xe50</run_address>
         <size>0xe8</size>
         <input_file_ref idref="fl-3"/>
      </object_component>
      <object_component id="oc-1ee">
         <name>.debug_info</name>
         <load_address>0xf38</load_address>
         <run_address>0xf38</run_address>
         <size>0x173</size>
         <input_file_ref idref="fl-3"/>
      </object_component>
      <object_component id="oc-15f">
         <name>.debug_info</name>
         <load_address>0x10ab</load_address>
         <run_address>0x10ab</run_address>
         <size>0x25e</size>
         <input_file_ref idref="fl-3"/>
      </object_component>
      <object_component id="oc-1f9">
         <name>.debug_info</name>
         <load_address>0x1309</load_address>
         <run_address>0x1309</run_address>
         <size>0x4cf</size>
         <input_file_ref idref="fl-3"/>
      </object_component>
      <object_component id="oc-322">
         <name>.debug_info</name>
         <load_address>0x17d8</load_address>
         <run_address>0x17d8</run_address>
         <size>0x63</size>
         <input_file_ref idref="fl-3"/>
      </object_component>
      <object_component id="oc-23e">
         <name>.debug_info</name>
         <load_address>0x183b</load_address>
         <run_address>0x183b</run_address>
         <size>0x3b</size>
         <input_file_ref idref="fl-3"/>
      </object_component>
      <object_component id="oc-1a3">
         <name>.debug_info</name>
         <load_address>0x1876</load_address>
         <run_address>0x1876</run_address>
         <size>0x507</size>
         <input_file_ref idref="fl-4"/>
      </object_component>
      <object_component id="oc-3ca">
         <name>.debug_info</name>
         <load_address>0x1d7d</load_address>
         <run_address>0x1d7d</run_address>
         <size>0x104</size>
         <input_file_ref idref="fl-4"/>
      </object_component>
      <object_component id="oc-3cd">
         <name>.debug_info</name>
         <load_address>0x1e81</load_address>
         <run_address>0x1e81</run_address>
         <size>0x112</size>
         <input_file_ref idref="fl-4"/>
      </object_component>
      <object_component id="oc-2d0">
         <name>.debug_info</name>
         <load_address>0x1f93</load_address>
         <run_address>0x1f93</run_address>
         <size>0x172</size>
         <input_file_ref idref="fl-4"/>
      </object_component>
      <object_component id="oc-2bd">
         <name>.debug_info</name>
         <load_address>0x2105</load_address>
         <run_address>0x2105</run_address>
         <size>0x10a</size>
         <input_file_ref idref="fl-4"/>
      </object_component>
      <object_component id="oc-284">
         <name>.debug_info</name>
         <load_address>0x220f</load_address>
         <run_address>0x220f</run_address>
         <size>0x10c</size>
         <input_file_ref idref="fl-4"/>
      </object_component>
      <object_component id="oc-50d">
         <name>.debug_info</name>
         <load_address>0x231b</load_address>
         <run_address>0x231b</run_address>
         <size>0x111</size>
         <input_file_ref idref="fl-4"/>
      </object_component>
      <object_component id="oc-3eb">
         <name>.debug_info</name>
         <load_address>0x242c</load_address>
         <run_address>0x242c</run_address>
         <size>0x10b</size>
         <input_file_ref idref="fl-4"/>
      </object_component>
      <object_component id="oc-2d3">
         <name>.debug_info</name>
         <load_address>0x2537</load_address>
         <run_address>0x2537</run_address>
         <size>0xfe</size>
         <input_file_ref idref="fl-4"/>
      </object_component>
      <object_component id="oc-36e">
         <name>.debug_info</name>
         <load_address>0x2635</load_address>
         <run_address>0x2635</run_address>
         <size>0xf8</size>
         <input_file_ref idref="fl-4"/>
      </object_component>
      <object_component id="oc-1b8">
         <name>.debug_info</name>
         <load_address>0x272d</load_address>
         <run_address>0x272d</run_address>
         <size>0x150</size>
         <input_file_ref idref="fl-4"/>
      </object_component>
      <object_component id="oc-153">
         <name>.debug_info</name>
         <load_address>0x287d</load_address>
         <run_address>0x287d</run_address>
         <size>0x186</size>
         <input_file_ref idref="fl-4"/>
      </object_component>
      <object_component id="oc-22a">
         <name>.debug_info</name>
         <load_address>0x2a03</load_address>
         <run_address>0x2a03</run_address>
         <size>0x878</size>
         <input_file_ref idref="fl-4"/>
      </object_component>
      <object_component id="oc-134">
[...]
         <value>0x2000ccf5</value>
         <object_component_ref idref="oc-4cd"/>
      </symbol>
      <symbol id="sm-599">
         <name>UARTCC32XX_fxnTable</name>
         <value>0x2000fd90</value>
         <object_component_ref idref="oc-3e6"/>
      </symbol>
      <symbol id="sm-59a">
         <name>UARTCC32XX_init</name>
         <value>0x2000d3f7</value>
         <object_component_ref idref="oc-4d9"/>
      </symbol>
      <symbol id="sm-59b">
         <name>UARTCC32XX_writePolling</name>
         <value>0x2000e419</value>
         <object_component_ref idref="oc-4fd"/>
      </symbol>
      <symbol id="sm-59c">
         <name>UARTCC32XX_writeCancel</name>
         <value>0x2000e34d</value>
         <object_component_ref idref="oc-503"/>
      </symbol>
      <symbol id="sm-59d">
         <name>UARTCC32XX_control</name>
         <value>0x2000cf15</value>
         <object_component_ref idref="oc-4d3"/>
      </symbol>
      <symbol id="sm-59e">
         <name>UARTCC32XX_open</name>
         <value>0x2000c46d</value>
         <object_component_ref idref="oc-4df"/>
      </symbol>
      <symbol id="sm-59f">
         <name>UARTCC32XX_readCancel</name>
         <value>0x2000eee1</value>
         <object_component_ref idref="oc-4f1"/>
      </symbol>
      <symbol id="sm-5a0">
         <name>UARTCC32XX_write</name>
         <value>0x2000d0ed</value>
         <object_component_ref idref="oc-4f7"/>
      </symbol>
      <symbol id="sm-5a1">
         <name>UARTCC32XX_read</name>
         <value>0x2000eccd</value>
         <object_component_ref idref="oc-4e5"/>
      </symbol>
      <symbol id="sm-5a2">
         <name>UARTCC32XX_readPolling</name>
         <value>0x2000d33d</value>
         <object_component_ref idref="oc-4eb"/>
      </symbol>
      <symbol id="sm-5ba">
         <name>List_remove</name>
         <value>0x2000f13f</value>
         <object_component_ref idref="oc-69e"/>
      </symbol>
      <symbol id="sm-5bb">
         <name>List_put</name>
         <value>0x2000f119</value>
         <object_component_ref idref="oc-3b3"/>
      </symbol>
      <symbol id="sm-5ea">
         <name>RingBuf_put</name>
         <value>0x2000e9e9</value>
         <object_component_ref idref="oc-714"/>
      </symbol>
      <symbol id="sm-5eb">
         <name>RingBuf_isFull</name>
         <value>0x2000f561</value>
         <object_component_ref idref="oc-71a"/>
      </symbol>
      <symbol id="sm-5ec">
         <name>RingBuf_construct</name>
         <value>0x2000f46f</value>
         <object_component_ref idref="oc-5cf"/>
      </symbol>
      <symbol id="sm-5ed">
         <name>RingBuf_peek</name>
         <value>0x2000f211</value>
         <object_component_ref idref="oc-5c1"/>
      </symbol>
      <symbol id="sm-5ee">
         <name>RingBuf_get</name>
         <value>0x2000ec8d</value>
         <object_component_ref idref="oc-61c"/>
      </symbol>
      <symbol id="sm-669">
         <name>SemaphoreP_defaultParams</name>
         <value>0x2000fb84</value>
         <object_component_ref idref="oc-48a"/>
      </symbol>
      <symbol id="sm-66a">
         <name>SemaphoreP_construct</name>
         <value>0x2000e795</value>
         <object_component_ref idref="oc-48e"/>
      </symbol>
      <symbol id="sm-66b">
         <name>SemaphoreP_create</name>
         <value>0x2000f3cd</value>
         <object_component_ref idref="oc-378"/>
      </symbol>
      <symbol id="sm-66c">
         <name>SemaphoreP_post</name>
         <value>0x2000eafd</value>
         <object_component_ref idref="oc-2b2"/>
      </symbol>
      <symbol id="sm-66d">
         <name>SemaphoreP_pend</name>
         <value>0x2000d959</value>
         <object_component_ref idref="oc-2a0"/>
      </symbol>
      <symbol id="sm-66e">
         <name>SemaphoreP_delete</name>
         <value>0x2000f5ed</value>
         <object_component_ref idref="oc-29a"/>
      </symbol>
      <symbol id="sm-66f">
         <name>SemaphoreP_createBinary</name>
         <value>0x2000f2db</value>
         <object_component_ref idref="oc-288"/>
      </symbol>
      <symbol id="sm-670">
         <name>SemaphoreP_Params_init</name>
         <value>0x2000f525</value>
         <object_component_ref idref="oc-372"/>
      </symbol>
      <symbol id="sm-671">
         <name>clkFxn</name>
         <value>0x2000e47b</value>
         <object_component_ref idref="oc-3a8"/>
      </symbol>
      <symbol id="sm-75b">
         <name>ClockP_ctrl</name>
         <value>0x20010128</value>
      </symbol>
      <symbol id="sm-75c">
         <name>ClockP_delete</name>
         <value>0x2000f4b3</value>
         <object_component_ref idref="oc-59c"/>
      </symbol>
      <symbol id="sm-75d">
         <name>ClockP_doTick</name>
         <value>0x2000e745</value>
         <object_component_ref idref="oc-79"/>
      </symbol>
      <symbol id="sm-75e">
         <name>ClockP_setTimeout</name>
         <value>0x2000f5e5</value>
         <object_component_ref idref="oc-721"/>
      </symbol>
      <symbol id="sm-75f">
         <name>ClockP_startup</name>
         <value>0x2000ef4d</value>
         <object_component_ref idref="oc-534"/>
      </symbol>
      <symbol id="sm-760">
         <name>ClockP_stop</name>
         <value>0x2000ea31</value>
         <object_component_ref idref="oc-4b6"/>
      </symbol>
      <symbol id="sm-761">
         <name>ClockP_construct</name>
         <value>0x2000ec0d</value>
         <object_component_ref idref="oc-6b0"/>
      </symbol>
      <symbol id="sm-762">
         <name>ClockP_getTicksUntilInterrupt</name>
         <value>0x2000ef19</value>
         <object_component_ref idref="oc-450"/>
      </symbol>
      <symbol id="sm-763">
         <name>ClockP_setTicks</name>
         <value>0x2000f4e5</value>
         <object_component_ref idref="oc-478"/>
      </symbol>
      <symbol id="sm-764">
         <name>ClockP_tickPeriod</name>
         <value>0x2000fb94</value>
         <object_component_ref idref="oc-484"/>
      </symbol>
      <symbol id="sm-765">
         <name>ClockP_create</name>
         <value>0x2000f2c1</value>
         <object_component_ref idref="oc-5ed"/>
      </symbol>
      <symbol id="sm-766">
         <name>ClockP_Params_init</name>
         <value>0x2000f595</value>
         <object_component_ref idref="oc-5e7"/>
      </symbol>
      <symbol id="sm-767">
         <name>ClockP_getSystemTicks</name>
         <value>0x2000f4d5</value>
         <object_component_ref idref="oc-45c"/>
      </symbol>
      <symbol id="sm-768">
         <name>ClockP_destruct</name>
         <value>0x2000ed4d</value>
         <object_component_ref idref="oc-3a2"/>
      </symbol>
      <symbol id="sm-769">
         <name>ClockP_start</name>
         <value>0x2000efe9</value>
         <object_component_ref idref="oc-390"/>
      </symbol>
      <symbol id="sm-76a">
         <name>ClockP_sysTickHandler</name>
         <value>0x2000e745</value>
         <object_component_ref idref="oc-79"/>
      </symbol>
      <symbol id="sm-76b">
         <name>ClockP_isActive</name>
         <value>0x2000f59f</value>
         <object_component_ref idref="oc-39c"/>
      </symbol>
      <symbol id="sm-76c">
         <name>ClockP_getCpuFreq</name>
         <value>0x2000f4c5</value>
         <object_component_ref idref="oc-43e"/>
      </symbol>
      <symbol id="sm-76d">
         <name>ClockP_add</name>
         <value>0x2000f4a3</value>
         <object_component_ref idref="oc-38a"/>
      </symbol>
      <symbol id="sm-7ee">
         <name>HwiP_delete</name>
         <value>0x2000f4f5</value>
         <object_component_ref idref="oc-596"/>
      </symbol>
      <symbol id="sm-7ef">
         <name>HwiP_construct</name>
         <value>0x2000dced</value>
         <object_component_ref idref="oc-3f8"/>
      </symbol>
      <symbol id="sm-7f0">
         <name>HwiP_inISR</name>
         <value>0x2000f3f9</value>
         <object_component_ref idref="oc-3ba"/>
      </symbol>
      <symbol id="sm-7f1">
         <name>HwiP_dispatch</name>
         <value>0x2000f165</value>
         <object_component_ref idref="oc-51b"/>
      </symbol>
      <symbol id="sm-7f2">
         <name>HwiP_destruct</name>
         <value>0x2000f1d1</value>
         <object_component_ref idref="oc-695"/>
      </symbol>
      <symbol id="sm-7f3">
         <name>HwiP_swiPIntNum</name>
         <value>0x2000fb90</value>
         <object_component_ref idref="oc-521"/>
      </symbol>
      <symbol id="sm-7f4">
         <name>HwiP_Params_init</name>
         <value>0x2000f45d</value>
         <object_component_ref idref="oc-2e2"/>
      </symbol>
      <symbol id="sm-7f5">
         <name>HwiP_disable</name>
         <value>0x2000f545</value>
         <object_component_ref idref="oc-28e"/>
      </symbol>
      <symbol id="sm-7f6">
         <name>HwiP_key</name>
         <value>0x2000fb8c</value>
         <object_component_ref idref="oc-521"/>
      </symbol>
      <symbol id="sm-7f7">
         <name>HwiP_create</name>
         <value>0x2000f075</value>
         <object_component_ref idref="oc-2e8"/>
      </symbol>
      <symbol id="sm-7f8">
         <name>HwiP_post</name>
         <value>0x2000f5e9</value>
         <object_component_ref idref="oc-57b"/>
      </symbol>
      <symbol id="sm-7f9">
         <name>HwiP_enable</name>
         <value>0x2000f553</value>
         <object_component_ref idref="oc-158"/>
      </symbol>
      <symbol id="sm-7fa">
         <name>HwiP_restore</name>
         <value>0x2000f505</value>
         <object_component_ref idref="oc-294"/>
      </symbol>
      <symbol id="sm-82a">
         <name>PowerCC32XX_initPolicy</name>
         <value>0x2000d1b7</value>
         <object_component_ref idref="oc-361"/>
      </symbol>
      <symbol id="sm-82b">
         <name>PowerCC32XX_sleepPolicy</name>
         <value>0x2000c8d9</value>
         <object_component_ref idref="oc-367"/>
      </symbol>
      <symbol id="sm-880">
         <name>resetISR</name>
         <value>0x2000f2f5</value>
         <object_component_ref idref="oc-21"/>
      </symbol>
      <symbol id="sm-881">
         <name>resetVectorAddr</name>
         <value>0x2000f308</value>
         <object_component_ref idref="oc-21"/>
      </symbol>
      <symbol id="sm-882">
         <name>initVectors</name>
         <value>0x2000ee71</value>
         <object_component_ref idref="oc-59"/>
      </symbol>
      <symbol id="sm-883">
         <name>resetVectors</name>
         <value>0x20004000</value>
         <object_component_ref idref="oc-27"/>
      </symbol>
      <symbol id="sm-8b3">
         <name>SwiP_disable</name>
         <value>0x2000f26d</value>
         <object_component_ref idref="oc-444"/>
      </symbol>
      <symbol id="sm-8b4">
         <name>SwiP_restore</name>
         <value>0x2000eb41</value>
         <object_component_ref idref="oc-47e"/>
      </symbol>
      <symbol id="sm-8bf">
         <name>CPUcpsid</name>
         <value>0x2000f3e3</value>
         <object_component_ref idref="oc-a3"/>
      </symbol>
      <symbol id="sm-904">
         <name>IntVTableBaseSet</name>
         <value>0x2000f40d</value>
         <object_component_ref idref="oc-af"/>
      </symbol>
      <symbol id="sm-905">
         <name>IntEnable</name>
         <value>0x2000d6c5</value>
         <object_component_ref idref="oc-b5"/>
      </symbol>
      <symbol id="sm-906">
         <name>IntMasterDisable</name>
         <value>0x2000f5a9</value>
         <object_component_ref idref="oc-53"/>
      </symbol>
      <symbol id="sm-907">
         <name>IntPendSet</name>
         <value>0x2000dd79</value>
         <object_component_ref idref="oc-689"/>
      </symbol>
      <symbol id="sm-941">
         <name>PinModeGet</name>
         <value>0x2000ef81</value>
         <object_component_ref idref="oc-26d"/>
      </symbol>
      <symbol id="sm-942">
         <name>PinConfigSet</name>
         <value>0x2000de01</value>
         <object_component_ref idref="oc-2d6"/>
      </symbol>
      <symbol id="sm-943">
         <name>PinModeSet</name>
         <value>0x2000ec4d</value>
         <object_component_ref idref="oc-273"/>
      </symbol>
      <symbol id="sm-944">
         <name>PinToPadGet</name>
         <value>0x2000f251</value>
         <object_component_ref idref="oc-5ba"/>
      </symbol>
      <symbol id="sm-a0d">
         <name>PRCMLPDSRestoreInfoSet</name>
         <value>0x2000ea75</value>
         <object_component_ref idref="oc-66b"/>
      </symbol>
      <symbol id="sm-a0e">
         <name>PRCMPeripheralReset</name>
         <value>0x2000e5ed</value>
         <object_component_ref idref="oc-261"/>
      </symbol>
      <symbol id="sm-a0f">
         <name>PRCMLPDSEnter</name>
         <value>0x2000e911</value>
         <object_component_ref idref="oc-56c"/>
      </symbol>
      <symbol id="sm-a10">
         <name>PRCMPeripheralClkEnable</name>
         <value>0x2000e959</value>
         <object_component_ref idref="oc-25b"/>
      </symbol>
      <symbol id="sm-a11">
         <name>PRCMLPDSEnterKeepDebugIf</name>
         <value>0x2000ee01</value>
         <object_component_ref idref="oc-572"/>
      </symbol>
      <symbol id="sm-a12">
         <name>PRCMCC3200MCUInit</name>
         <value>0x2000c041</value>
         <object_component_ref idref="oc-1a9"/>
      </symbol>
      <symbol id="sm-a13">
         <name>PRCMHIBRegWrite</name>
         <value>0x2000f3b7</value>
         <object_component_ref idref="oc-24f"/>
      </symbol>
      <symbol id="sm-a14">
         <name>PRCMSysResetCauseGet</name>
         <value>0x2000e47d</value>
         <object_component_ref idref="oc-248"/>
      </symbol>
      <symbol id="sm-a15">
         <name>PRCMPeripheralClkDisable</name>
         <value>0x2000f0a1</value>
         <object_component_ref idref="oc-267"/>
      </symbol>
      <symbol id="sm-a16">
         <name>PRCMHIBRegRead</name>
         <value>0x2000f3a1</value>
         <object_component_ref idref="oc-255"/>
      </symbol>
      <symbol id="sm-a2a">
         <name>UARTBusy</name>
         <value>0x2000f341</value>
         <object_component_ref idref="oc-624"/>
      </symbol>
      <symbol id="sm-a2b">
         <name>UARTIntEnable</name>
         <value>0x2000f359</value>
         <object_component_ref idref="oc-6f4"/>
      </symbol>
      <symbol id="sm-a2f">
         <name>UtilsDelay</name>
         <value>0x2000f5df</value>
         <object_component_ref idref="oc-24e"/>
      </symbol>
      <symbol id="sm-a3f">
         <name>FlashDisable</name>
         <value>0x2000e8c9</value>
         <object_component_ref idref="oc-681"/>
      </symbol>
      <symbol id="sm-a48">
         <name>__aeabi_lmul</name>
         <value>0x2000f389</value>
         <object_component_ref idref="oc-473"/>
      </symbol>
      <symbol id="sm-a63">
         <name>memcpy</name>
         <value>0x2000d9f9</value>
         <object_component_ref idref="oc-3b"/>
      </symbol>
      <symbol id="sm-a64">
         <name>__aeabi_memcpy</name>
         <value>0x2000d9f9</value>
         <object_component_ref idref="oc-3b"/>
      </symbol>
      <symbol id="sm-a65">
         <name>__aeabi_memcpy8</name>
         <value>0x2000d9f9</value>
         <object_component_ref idref="oc-3b"/>
      </symbol>
      <symbol id="sm-a66">
         <name>__aeabi_memcpy4</name>
         <value>0x2000d9f9</value>
         <object_component_ref idref="oc-3b"/>
      </symbol>
      <symbol id="sm-a73">
         <name>__aeabi_uldivmod</name>
         <value>0x2000dbc5</value>
         <object_component_ref idref="oc-468"/>
      </symbol>
      <symbol id="sm-a87">
         <name>__TI_zero_init_nomemset</name>
         <value>0x2000f289</value>
         <object_component_ref idref="oc-47"/>
      </symbol>
      <symbol id="sm-a9e">
         <name>__TI_decompress_none</name>
         <value>0x2000f56f</value>
         <object_component_ref idref="oc-1a"/>
      </symbol>
      <symbol id="sm-ac1">
         <name>__TI_decompress_lzss</name>
         <value>0x2000e2e5</value>
         <object_component_ref idref="oc-14"/>
      </symbol>
      <symbol id="sm-b4a">
         <name>_sys_memory</name>
         <value>0x20004040</value>
         <object_component_ref idref="oc-2a"/>
      </symbol>
      <symbol id="sm-b4b">
         <name>free</name>
         <value>0x2000d009</value>
         <object_component_ref idref="oc-383"/>
      </symbol>
      <symbol id="sm-b4c">
         <name>memalign</name>
         <value>0x2000ce15</value>
         <object_component_ref idref="oc-511"/>
      </symbol>
      <symbol id="sm-b4d">
         <name>malloc</name>
         <value>0x2000f5c7</value>
         <object_component_ref idref="oc-3f2"/>
      </symbol>
      <symbol id="sm-b4e">
         <name>aligned_alloc</name>
         <value>0x2000ce15</value>
         <object_component_ref idref="oc-511"/>
      </symbol>
      <symbol id="sm-b60">
         <name>__stack</name>
         <value>0x20003000</value>
         <object_component_ref idref="oc-2d"/>
      </symbol>
      <symbol id="sm-b61">
         <name>_c_int00_noargs</name>
         <value>0x2000f1ad</value>
         <object_component_ref idref="oc-c5"/>
      </symbol>
      <symbol id="sm-b6b">
         <name>__aeabi_idiv0</name>
         <value>0x2000ef17</value>
         <object_component_ref idref="oc-53d"/>
      </symbol>
      <symbol id="sm-b6c">
         <name>__aeabi_ldiv0</name>
         <value>0x2000ef17</value>
         <object_component_ref idref="oc-53d"/>
      </symbol>
      <symbol id="sm-b95">
         <name>__TI_auto_init_nobinit_nopinit</name>
         <value>0x2000ebc9</value>
         <object_component_ref idref="oc-171"/>
      </symbol>
      <symbol id="sm-b9f">
         <name>_system_pre_init</name>
         <value>0x2000f5f1</value>
         <object_component_ref idref="oc-114"/>
      </symbol>
      <symbol id="sm-bab">
         <name>C$$EXIT</name>
         <value>0x2000f5f5</value>
         <object_component_ref idref="oc-165"/>
      </symbol>
      <symbol id="sm-bac">
         <name>abort</name>
         <value>0x2000f5f5</value>
         <object_component_ref idref="oc-165"/>
      </symbol>
      <symbol id="sm-bc1">
         <name>_nop</name>
         <value>0x2000dc5b</value>
         <object_component_ref idref="oc-329"/>
      </symbol>
      <symbol id="sm-bc2">
         <name>_lock</name>
         <value>0x2000fb74</value>
         <object_component_ref idref="oc-202"/>
      </symbol>
      <symbol id="sm-bc3">
         <name>_unlock</name>
         <value>0x2000fb78</value>
         <object_component_ref idref="oc-202"/>
      </symbol>
      <symbol id="sm-bc5">
         <name>__TI_static_base__</name>
         <value>0x20010150</value>
      </symbol>
      <symbol id="sm-bc8">
         <name>ITM_flush</name>
         <value>0x0</value>
      </symbol>
      <symbol id="sm-bc9">
         <name>ITM_restore</name>
         <value>0x0</value>
      </symbol>
      <symbol id="sm-bca">
         <name>__mpu_init</name>
         <value>0x0</value>
      </symbol>
      <symbol id="sm-bcb">
         <name>_system_post_cinit</name>
         <value>0x0</value>
      </symbol>
      <symbol id="sm-bcc">
         <name>NoRTOS_start</name>
         <value>0x2000f553</value>
      </symbol>
   </symbol_table>
   <title>Link successful</title>
</link_info>
